D/WifiService( 2260): startScan: false pid=24481, uid=10018
D/dalvikvm( 1902): GC_EXPLICIT freed 39K, 8% free 12118K/13123K, paused 5ms+3ms, total 29ms
D/dalvikvm( 1902): WAIT_FOR_CONCURRENT_GC blocked 0ms
W/AlarmManager( 2260): FACTORY_ON= 0
I/wpa_supplicant( 3369): Scan requested (ret=0) - scan timeout 30 seconds
D/dalvikvm( 1902): GC_EXPLICIT freed <1K, 8% free 12118K/13123K, paused 2ms+2ms, total 23ms
D/dalvikvm( 1902): WAIT_FOR_CONCURRENT_GC blocked 0ms
V/AlarmManager( 2260): waitForAlarm result :4
V/AlarmManager( 2260): trigger ELAPSED_REALTIME_WAKEUP or RTC_WAKEUP
I/ActivityManager( 2260): Process com.google.android.partnersetup (pid 24849) (adj 10) has died.
D/dalvikvm( 1902): GC_EXPLICIT freed <1K, 8% free 12118K/13123K, paused 3ms+3ms, total 27ms
I/ActivityManager( 2260): Process com.google.android.googlequicksearchbox:search (pid 24808) (adj 9) has died.
I/ActivityManager( 2260): Process com.google.android.gms.wearable (pid 24573) (adj 9) has died.
V/MultiDexClassLoader(24921): installing MultiDexClassLoader before application classloader
I/dalvikvm(24921): Could not find method dalvik.system.DexFile.loadClassBinaryName, referenced from method com.facebook.common.dextricks.DexFileLoadNew.a
W/dalvikvm(24921): VFY: unable to resolve virtual method 2675: Ldalvik/system/DexFile;.loadClassBinaryName (Ljava/lang/String;Ljava/lang/ClassLoader;Ljava/util/List;)Ljava/lang/Class;
D/dalvikvm(24921): VFY: replacing opcode 0x6e at 0x0001
D/AkmSensor( 2260): MeasureSNGLoop: interval.interval = 20000000, doze_max = 19600, prms->enabled = 2
W/AlarmManager( 2260): FACTORY_ON= 0
V/AlarmManager( 2260): waitForAlarm result :8
V/MmsProvider( 2818): Delete uri=content://mms/drm, match=17
D/MmsProvider( 2818): delete table=drm, deletedRows=0
D/Launcher(13251): onTrimMemory. Level: 15
I/ActivityThread(25013): Pub com.sec.android.app.videoplayer.provider: com.sec.android.app.videoplayer.db.AllShareProvider
D/PicasaUploader(24982):    wifiOnlyPhoto changed to true
D/PicasaUploader(24982):    wifiOnlyVideo changed to true
D/PicasaUploader(24982):    syncOnBattery changed to true
D/PicasaUploaderSync(24982): sync account database
E/NotificationService( 2260): Ignoring notification with icon==0: Notification(pri=0 contentView=null vibrate=null sound=null defaults=0x0 flags=0x62 kind=[null]) tickerText=null contactCharSeq=null when=1432654260234 threadId=0
D/STATUSBAR-NotificationService( 2260): Noti Alert - mSystemReady:true, AlertEnabled:true
D/dalvikvm(24981): Note: class Landroid/app/ActivityManagerNative; has 153 unimplemented (abstract) methods
D/dalvikvm(24962): Note: class Landroid/app/ActivityManagerNative; has 153 unimplemented (abstract) methods
D/Transaction(24782): incRefCount() mRef=1
I/ActivityThread(25031): Pub downloads: com.android.providers.downloads.DownloadProvider
D/AndroidRuntime(24962): Calling main entry com.android.commands.am.Am
D/AndroidRuntime(24981): Calling main entry com.android.commands.am.Am
D/SensorManager(24481): unregisterListener::  Listener= com.google.android.location.collectionlib.cm@42677b48
D/Sensors (24481): Remain listener = Sending .. normal delay 200ms
I/Sensors (24481): sendDelay --- 200000000
I/SensorService( 2260): info.selectDelay() ns=200000000  
D/iNemoSensor( 2260): setDelay(): handle(0), en(200000000)
I/iNemoSensor( 2260): update_delay wanted_accel = 200000000
D/SensorService( 2260): SensorDevice::setDelay, Return(true 1, false 0) =  1
D/SensorManager(24481): JNI - sendDelay
I/SensorManager(24481): Set normal delay = true
I/iNemoSensor( 2260): enable(): handle(0), en(0), what(0)
D/AkmSensor( 2260): akm_disable_sensor: Accel is disabled. (orien = 0)
I/AkmSensor( 2260): enable_accelerometer, mEnabled = 1, enable = 0
D/iNemoSensor( 2260): enable(): MASK_ACC (0) MASK_MAG (0) MASK_GYR (0)
D/iNemoSensor( 2260): enable(): mEnAcc(0) mEnMag(0) mEnGyr(0)
D/SensorService( 2260): SensorDevice::activate  (enable 1, disable 0) = 0
D/SensorService( 2260): activating sensor disable handle=0 
D/SensorService( 2260): activating sensor disable, Done!
D/SensorService( 2260): SensorDevice::activating sensor handle=0 ns=200000000 
D/iNemoSensor( 2260): setDelay(): handle(0), en(200000000)
I/ActivityThread(25013): Pub com.sec.provider.videowall: com.sec.android.app.videoplayer.videowall.ThumbProvider
D/Launcher(13251): onTrimMemory. Level: 15
I/ActivityThread(25031): Pub drm: com.android.providers.drm.DrmProvider
D/PicasaUploaderSync(24982): accounts in DB=2
D/PicasaUploaderSyncManager(24982): active network: NetworkInfo: type: WIFI[], state: CONNECTED/CONNECTED, reason: (unspecified), extra: (none), roaming: false, failover: false, isAvailable: true
D/PicasaUploaderSyncManager(24982): background data: true
I/ActivityThread(25031): Pub media: com.android.providers.media.MediaProvider
E/videowall-TranscodeReceiver(25013): broadcastMSG : android.intent.action.ACTION_POWER_DISCONNECTED
D/DexLibLoader(24921): released odex store lock
D/DexLibLoader(24921): DexLibLoader.loadAll took 3262 ms
D/MediaScanner(25031): Scanner initMutex res = 0
D/MemoryReductionHack(24921): Zeroed out zipFile entry corresponding to path /data/app/com.facebook.katana-2.apk
D/PicasaUploaderSyncManager(24982): battery info: true
D/GcOptimizer(24921): Enabled
V/dalvik-internals(24921): hooked dvmLinearAlloc using jump ()
V/dalvik-internals(24921): hooked dvmLinearRealloc using jump ()
V/dalvik-internals(24921): hooked dvmLinearFree using jump ()
V/dalvik-internals(24921): hooked dvmLinearStrdup using jump ()
V/dalvik-internals(24921): hooked dvmLinearAllocContains using jump ()
I/dalvik-internals(24921): enlarged linearalloc buffer to 33554432 bytes
W/AlarmManager( 2260): FACTORY_ON= 0
D/STATUSBAR-NetworkController( 2616): refreshSignalCluster: data=-1 bt=false
D/STATUSBAR-SignalClusterView( 2616): mSeparateMobileGroup=8
D/STATUSBAR-SignalClusterView( 2616): mSeparateMobileGroup=8
D/STATUSBAR-SignalClusterView( 2616): mSeparateMobileGroup=8
V/TP/MmsSmsProvider( 2818): query,matched:6
D/TP/MmsSmsProvider( 2818): match 6:Elapsed time : 3.666 ms
V/AlarmManager( 2260): waitForAlarm result :8
D/videowall-Global(25013): core_num = 4
D/videowall-Global(25013): density : 2.0 width : 720 height : 1280 Raw width : 720 Raw height : 1280
D/videowall-Global(25013): dsp : 720, swkey : false, Cores : 4, Clock : 0
I/ActivityThread(25053): Pub com.sec.android.widgetapp.alarmclock: com.sec.android.widgetapp.alarmclock.ClockAlarmDataProvider
V/TP/MmsSmsProvider( 2818): query,matched:6
E/ClockAlarmWidget(25053): [AlarmWidgetIdManager] getListItem() : itemIndex=0, widgetID:1
E/ClockAlarmWidget(25053): [AlarmWidgetIdManager] getListItem() : ItemIndex exceed ListItemCount. itemIndex=1
E/ClockAlarmWidget(25053): [AlarmWidgetIdManager] getListItem() : itemIndex=1, widgetID:1
D/TP/MmsSmsProvider( 2818): match 6:Elapsed time : 2.782 ms
I/iu.Environment(24227): update battery state; isPlugged? false
I/ActivityManager( 2260): Process com.google.android.apps.uploader (pid 24982) (adj 9) has died.
I/ActivityManager( 2260): Process com.sec.android.app.videoplayer (pid 25013) (adj 9) has died.
I/ActivityManager( 2260): Process com.samsung.rcs (pid 24937) (adj 9) has died.
D/Launcher(13251): onTrimMemory. Level: 15
W/AlarmManager( 2260): FACTORY_ON= 0
D/dalvikvm(24782): GC_CONCURRENT freed 345K, 8% free 13418K/14535K, paused 82ms+18ms, total 624ms
D/dalvikvm(25085): GC_CONCURRENT freed 174K, 7% free 12448K/13383K, paused 36ms+2ms, total 58ms
D/dalvikvm(25085): WAIT_FOR_CONCURRENT_GC blocked 5ms
D/dalvikvm(25085): GC_CONCURRENT freed 149K, 7% free 12820K/13767K, paused 14ms+33ms, total 63ms
I/ActivityThread(25085): Pub com.sec.android.provider.stri_s1_worldclock: com.sec.android.app.clockpackage.worldclock.common.DataContentProvider
D/facerecognition(25031): FR_FileOpen /sdcard/.face/facedata=55
D/facerecognition(25031): FR_FileOpen /data/user/0/com.android.providers.media/face/facedata=56
I/ActivityThread(25031): Pub sisodownloads: com.sec.android.providers.downloads.SecDownloadProvider
D/dalvikvm(24782): GC_CONCURRENT freed 497K, 9% free 13448K/14727K, paused 3ms+2ms, total 60ms
D/STATUSBAR-NotificationService( 2260): cancelAllNotifications()
I/ActivityThread(24921): Pub com.facebook.katana.properties: com.facebook.katana.generated_content_providers.com.facebook.database.properties.DbPropertiesContentProvider
I/ActivityThread(24921): Pub com.facebook.katana.provider.AttributionIdProvider: com.facebook.katana.provider.AttributionIdProvider
I/ActivityThread(24921): Pub com.facebook.katana.provider.UserValuesProvider: com.facebook.katana.generated_content_providers.com.facebook.katana.provider.UserValuesProvider
I/ActivityThread(24921): Pub com.facebook.katana.provider.GraphQLNotificationsProvider: com.facebook.katana.generated_content_providers.com.facebook.katana.provider.GraphQLNotificationsContentProvider
I/ActivityThread(24921): Pub com.facebook.katana.graphql.cursor.provider: com.facebook.katana.generated_content_providers.com.facebook.graphql.cursor.provider.GraphCursorContentProvider
I/ActivityThread(24921): Pub com.facebook.katana.provider.KeyValueProvider: com.facebook.katana.generated_content_providers.com.facebook.katana.provider.KeyValueProvider
I/ActivityThread(24921): Pub com.facebook.katana.contacts: com.facebook.katana.generated_content_providers.com.facebook.contacts.data.FbContactsContentProvider
I/ActivityThread(24921): Pub com.facebook.katana.provider.BookmarkProvider: com.facebook.bookmark.provider.BookmarkProvider
I/ActivityThread(24921): Pub com.facebook.katana.provider.MessagesForegroundProvider: com.facebook.katana.provider.orca.MessengerForegroundProvider
D/NetworkLogImpl(24227): Loaded NetworkSpeedPredictor
I/ActivityThread(25085): Pub com.samsung.sec.android.clockpackage: com.sec.android.app.clockpackage.alarm.AlarmProvider
I/ActivityThread(24921): Pub com.facebook.katana.provider.ContactsConnectionsProvider: com.facebook.contacts.provider.ContactsConnectionsProvider
I/ActivityThread(24921): Pub com.facebook.katana.provider.PhotosProvider: com.facebook.katana.generated_content_providers.com.facebook.photos.provider.PhotosProvider
I/ActivityThread(24921): Pub com.facebook.katana.provider.FbSharedPrefsProvider: com.facebook.katana.provider.orca.FbSharedPreferencesContentProvider
D/AlarmProvider(25085): DatabaseHelper: 1
D/PowerManagerService( 2260): releaseWakeLockLocked flags=0x0 tag=PowerUI myUID=1000 myPID=2260 myTID=3257
I/ActivityThread(24921): Pub com.facebook.katana.provider.TimelinePrefetchContentProvider: com.facebook.prefetch.provider.TimelinePrefetchContentProvider
D/dalvikvm(25069): No JNI_OnLoad found in /system/lib/libcordon.so 0x424c56d0, skipping init
I/ActivityThread(24921): Pub com.facebook.katana.nodex.startup.warmup: com.facebook.katana.generated_content_providers.com.facebook.nodex.startup.warmup.NodexWarmupContentProvider
I/ActivityThread(24921): Pub com.facebook.katana.experiments: com.facebook.katana.generated_content_providers.com.facebook.abtest.qe.db.QuickExperimentContentProvider
I/ActivityThread(24921): Pub com.facebook.katana.webview.provider.imagecache: com.facebook.katana.generated_content_providers.com.facebook.katana.webview.provider.ImageCacheContentProvider
I/ActivityThread(24921): Pub com.facebook.katana.provider.ConnectionsProvider: com.facebook.katana.generated_content_providers.com.facebook.katana.provider.ConnectionsProvider
I/ActivityThread(24921): Pub com.facebook.katana.provider.VaultImageProvider: com.facebook.katana.generated_content_providers.com.facebook.katana.provider.VaultImageProvider
I/ActivityThread(24921): Pub com.facebook.katana.provider.PlatformProvider: com.facebook.katana.provider.PlatformProvider
I/ActivityThread(24921): Pub com.facebook.katana.provider.CacheProvider: com.facebook.katana.generated_content_providers.com.facebook.katana.provider.CacheProvider
I/ActivityThread(24921): Pub com.facebook.katana.messages: com.facebook.katana.app.providers.MessagesDbContentProvider
I/iu.Environment(24227): update connectivity state; isNetworkMetered? false, isRoaming? false, isBackgroundDataAllowed? true*
I/iu.Environment(24227): update battery state; isPlugged? false
I/ActivityThread(24921): Pub com.facebook.katana.provider.EventsProvider: com.facebook.katana.generated_content_providers.com.facebook.events.data.EventsProvider
I/ActivityThread(24921): Pub com.facebook.katana.provider.UserStatusesProvider: com.facebook.katana.generated_content_providers.com.facebook.katana.provider.UserStatusesProvider
I/GCoreUlr(24481): Starting service, intent=Intent { act=com.google.android.location.reporting.ACTION_UPDATE_WORLD cmp=com.google.android.gms/com.google.android.location.reporting.service.DispatchingService (has extras) }, extras=Bundle[{receiverAction=android.intent.action.ACTION_POWER_DISCONNECTED}]
D/ClockAlarmDataProvider(25053): getAlarm() - too many same ID alarm data. nCount: 0
I/GCoreUlr(24481): Successfully inserted location
D/dalvikvm(24782): GC_CONCURRENT freed 422K, 9% free 13480K/14727K, paused 12ms+12ms, total 216ms
D/dalvikvm(25069): GC_CONCURRENT freed 313K, 9% free 12309K/13383K, paused 33ms+3ms, total 57ms
D/dalvikvm(25069): WAIT_FOR_CONCURRENT_GC blocked 11ms
I/GCoreUlr(24481): Not uploading first location since start (in case we're in restart loop)
D/Transaction(24782): decRefCount() mRef=0
D/Transaction(24782): isIdle mRef=0
D/STATUSBAR-NotificationService( 2260): updateLightsLocked() : Turn off notification light
D/LightsService( 2260): [SvcLED] setSvcLedStateLocked:: id = 4, color = 0, mode = Off, set = Off
D/LightsService( 2260): [SvcLED] wl is acquired. It will be released after 350ms.
D/dalvikvm(13935): WAIT_FOR_CONCURRENT_GC blocked 0ms
D/dalvikvm(13935): GC_EXPLICIT freed 386K, 13% free 14621K/16711K, paused 8ms+4ms, total 227ms
I/ActivityManager( 2260): Process com.sec.android.Kies (pid 24965) (adj 9) has died.
D/dalvikvm(25099): WAIT_FOR_CONCURRENT_GC blocked 0ms
I/ActivityManager( 2260): Process com.sec.android.app.clockpackage (pid 25085) (adj 9) has died.
I/ActivityManager( 2260): Process android.process.media (pid 25031) (adj 9) has died.
D/dalvikvm(24782): GC_CONCURRENT freed 421K, 9% free 13507K/14727K, paused 2ms+2ms, total 27ms
D/dalvikvm(25099): GC_CONCURRENT freed 163K, 7% free 12459K/13383K, paused 4ms+1ms, total 22ms
D/dalvikvm(25099): WAIT_FOR_CONCURRENT_GC blocked 11ms
D/dalvikvm(24921): Trying to load lib /data/data/com.facebook.katana/lib/libdextr.so 0x424d3bf8
D/dalvikvm(24921): Added shared lib /data/data/com.facebook.katana/lib/libdextr.so 0x424d3bf8
D/dalvikvm(24921): GC_CONCURRENT freed 476K, 8% free 14701K/15943K, paused 45ms+43ms, total 206ms
D/dalvikvm(24921): WAIT_FOR_CONCURRENT_GC blocked 4ms
I/Dextr   (24921): LogQueue params desc: IIJIIIJJ
D/dalvikvm(25099): GC_CONCURRENT freed 155K, 7% free 12843K/13767K, paused 2ms+2ms, total 20ms
D/dalvikvm(25099): WAIT_FOR_CONCURRENT_GC blocked 8ms
D/dalvikvm(24782): GC_CONCURRENT freed 454K, 9% free 13520K/14791K, paused 2ms+2ms, total 22ms
D/dalvikvm(24782): GC_CONCURRENT freed 492K, 9% free 13545K/14855K, paused 1ms+2ms, total 23ms
D/dalvikvm(25069): GC_CONCURRENT freed 298K, 9% free 12463K/13575K, paused 52ms+2ms, total 64ms
D/dalvikvm( 2260): WAIT_FOR_CONCURRENT_GC blocked 0ms
V/UsbDeviceManager( 2260): USB UEVENT: {USB_STATE=CONFIGURED, SUBSYSTEM=android_usb, DEVPATH=/devices/virtual/android_usb/android0, SEQNUM=237523, ACTION=change}
D/dalvikvm(24782): GC_CONCURRENT freed 376K, 9% free 13588K/14855K, paused 13ms+3ms, total 37ms
D/UsbDeviceManager( 2260): handleMessage -> MSG_UPDATE_STATE connected = 1,configured = 1
D/UsbDeviceManager( 2260): updateUsbNotification : mConnected = true, mConfigured = true, mCurrentFunctions = mtp,adb
D/UsbDeviceManager( 2260): updateAdbNotification : mAdbEnabled = true, mConnected = true, mAdbNotificationShown = false
D/UsbDeviceManager( 2260): sending intent : ACTION_USB_STATE : connected = true, configured = true, functions = mtp,adb
E/DataRouter( 1895): After the usb select 
E/DataRouter( 1895): read usb data[len:1]
E/DataRouter( 1895): read usb data message:A
E/DataRouter( 1895): Before the usb select 
E/DTT     ( 1898): [DR->DTT]Received data notification
E/DTT     ( 1898): NOT DEFINE
E/DTT     ( 1898): Message:A
D/connfw  ( 1899): [DR->CONNFW]Received data notification
D/connfw  ( 1899): NOT DEFINE
D/connfw  ( 1899): Message:A
E/DataRouter( 1895): [socket:11]******* Received data notification *******
E/DataRouter( 1895): [socket:12]******* Received data notification *******
D/Kies    ( 1896): [DR->KIES]Received data notification
D/Kies    ( 1896): NOT DEFINE
D/Kies    ( 1896): Message:A
E/DataRouter( 1895): [socket:13]******* Received data notification *******
D/dalvikvm( 2260): GC_EXPLICIT freed 608K, 31% free 37356K/53703K, paused 6ms+17ms, total 179ms
D/dalvikvm(24782): GC_CONCURRENT freed 512K, 9% free 13606K/14919K, paused 12ms+3ms, total 49ms
E/DataRouter( 1895): After the usb select 
E/DataRouter( 1895): read usb data[len:1]
E/DataRouter( 1895): read usb data message:T
E/DataRouter( 1895): Before the usb select 
E/DTT     ( 1898): [DR->DTT]Received data notification
E/DTT     ( 1898): NOT DEFINE
E/DTT     ( 1898): Message:T
D/connfw  ( 1899): [DR->CONNFW]Received data notification
D/connfw  ( 1899): NOT DEFINE
D/connfw  ( 1899): Message:T
D/Kies    ( 1896): [DR->KIES]Received data notification
D/Kies    ( 1896): NOT DEFINE
D/Kies    ( 1896): Message:T
E/DataRouter( 1895): [socket:11]******* Received data notification *******
E/DataRouter( 1895): [socket:12]******* Received data notification *******
E/DataRouter( 1895): [socket:13]******* Received data notification *******
D/dalvikvm(25069): GC_CONCURRENT freed 390K, 9% free 12497K/13703K, paused 1ms+8ms, total 28ms
D/dalvikvm(24782): GC_CONCURRENT freed 425K, 9% free 13621K/14919K, paused 2ms+2ms, total 25ms
E/DataRouter( 1895): After the usb select 
E/DataRouter( 1895): read usb data[len:1]
E/DataRouter( 1895): read usb data message:E
E/DataRouter( 1895): Before the usb select 
E/DTT     ( 1898): [DR->DTT]Received data notification
E/DTT     ( 1898): NOT DEFINE
E/DTT     ( 1898): Message:E
D/connfw  ( 1899): [DR->CONNFW]Received data notification
D/connfw  ( 1899): NOT DEFINE
D/connfw  ( 1899): Message:E
D/Kies    ( 1896): [DR->KIES]Received data notification
D/Kies    ( 1896): NOT DEFINE
D/Kies    ( 1896): Message:E
E/DataRouter( 1895): [socket:11]******* Received data notification *******
E/DataRouter( 1895): [socket:12]******* Received data notification *******
E/DataRouter( 1895): [socket:13]******* Received data notification *******
D/dalvikvm(24782): GC_CONCURRENT freed 453K, 9% free 13636K/14919K, paused 1ms+2ms, total 22ms
E/DataRouter( 1895): After the usb select 
E/DataRouter( 1895): read usb data[len:1]
E/DataRouter( 1895): read usb data message:1
E/DataRouter( 1895): Before the usb select 
E/DTT     ( 1898): [DR->DTT]Received data notification
E/DTT     ( 1898): NOT DEFINE
E/DTT     ( 1898): Message:1
D/connfw  ( 1899): [DR->CONNFW]Received data notification
D/connfw  ( 1899): NOT DEFINE
D/connfw  ( 1899): Message:1
D/Kies    ( 1896): [DR->KIES]Received data notification
D/Kies    ( 1896): NOT DEFINE
D/Kies    ( 1896): Message:1
E/DataRouter( 1895): [socket:11]******* Received data notification *******
E/DataRouter( 1895): [socket:12]******* Received data notification *******
E/DataRouter( 1895): [socket:13]******* Received data notification *******
D/dalvikvm(24782): GC_CONCURRENT freed 454K, 9% free 13650K/14919K, paused 10ms+2ms, total 34ms
E/DataRouter( 1895): After the usb select 
E/DataRouter( 1895): read usb data[len:1]
E/DataRouter( 1895): read usb data message: 
E/DataRouter( 1895): Before the usb select 
E/DTT     ( 1898): [DR->DTT]Received data notification
E/DTT     ( 1898): NOT DEFINE
E/DTT     ( 1898): Message: 
D/connfw  ( 1899): [DR->CONNFW]Received data notification
D/connfw  ( 1899): NOT DEFINE
D/connfw  ( 1899): Message: 
D/Kies    ( 1896): [DR->KIES]Received data notification
D/Kies    ( 1896): NOT DEFINE
D/Kies    ( 1896): Message: 
E/DataRouter( 1895): [socket:11]******* Received data notification *******
E/DataRouter( 1895): [socket:12]******* Received data notification *******
E/DataRouter( 1895): [socket:13]******* Received data notification *******
D/dalvikvm(25069): GC_CONCURRENT freed 462K, 10% free 12519K/13767K, paused 12ms+12ms, total 43ms
E/DataRouter( 1895): After the usb select 
E/DataRouter( 1895): read usb data[len:1]
E/DataRouter( 1895): read usb data message:E
E/DataRouter( 1895): Before the usb select 
E/DTT     ( 1898): [DR->DTT]Received data notification
E/DTT     ( 1898): NOT DEFINE
E/DTT     ( 1898): Message:E
D/connfw  ( 1899): [DR->CONNFW]Received data notification
D/connfw  ( 1899): NOT DEFINE
D/connfw  ( 1899): Message:E
D/Kies    ( 1896): [DR->KIES]Received data notification
D/Kies    ( 1896): NOT DEFINE
D/Kies    ( 1896): Message:E
E/DataRouter( 1895): [socket:11]******* Received data notification *******
E/DataRouter( 1895): [socket:12]******* Received data notification *******
E/DataRouter( 1895): [socket:13]******* Received data notification *******
E/DataRouter( 1895): After the usb select 
E/DataRouter( 1895): read usb data[len:1]
E/DataRouter( 1895): read usb data message:0
E/DataRouter( 1895): Before the usb select 
E/DTT     ( 1898): [DR->DTT]Received data notification
E/DTT     ( 1898): NOT DEFINE
E/DTT     ( 1898): Message:0
D/connfw  ( 1899): [DR->CONNFW]Received data notification
E/DataRouter( 1895): [socket:11]******* Received data notification *******
D/connfw  ( 1899): NOT DEFINE
D/connfw  ( 1899): Message:0
D/Kies    ( 1896): [DR->KIES]Received data notification
E/DataRouter( 1895): [socket:12]******* Received data notification *******
D/Kies    ( 1896): NOT DEFINE
D/Kies    ( 1896): Message:0
E/DataRouter( 1895): [socket:13]******* Received data notification *******
E/DataRouter( 1895): After the usb select 
E/DataRouter( 1895): read usb data[len:1]
E/DataRouter( 1895): read usb data message:
E/DataRouter( 1895): Before the usb select 
E/DTT     ( 1898): [DR->DTT]Received data notification
E/DTT     ( 1898): NOT DEFINE
E/DTT     ( 1898): Message:
D/connfw  ( 1899): [DR->CONNFW]Received data notification
D/connfw  ( 1899): NOT DEFINE
D/connfw  ( 1899): Message:
D/Kies    ( 1896): [DR->KIES]Received data notification
D/Kies    ( 1896): NOT DEFINE
D/Kies    ( 1896): Message:
E/DataRouter( 1895): [socket:11]******* Received data notification *******
E/DataRouter( 1895): [socket:13]******* Received data notification *******
E/DataRouter( 1895): [socket:12]******* Received data notification *******
D/dalvikvm(25069): GC_CONCURRENT freed 457K, 10% free 12512K/13767K, paused 1ms+15ms, total 37ms
I/ServiceManager( 1889): service 'SYSSCOPE' died
I/ActivityManager( 2260): Process com.sec.android.app.sysscope (pid 25069) (adj 8) has died.
I/ActivityManager( 2260): Process android.process.acore (pid 24883) (adj 8) has died.
I/ActivityManager( 2260): Kill com.jb.gosms (pid 24782): provider com.android.providers.contacts.ContactsProvider2 in dying process android.process.acore
I/ActivityManager( 2260): Kill com.jb.gosms (pid 24782): provider com.android.providers.contacts.CallLogProvider in dying process android.process.acore
I/ActivityManager( 2260): Process com.jb.gosms (pid 24782) (adj 5) has died.
I/wpa_supplicant( 3369): nl80211: Received scan results (3 BSSes)
D/Tethering( 2260): interfaceLinkStateChanged wlan0, true
D/Tethering( 2260): interfaceStatusChanged wlan0, true
W/dalvikvm(25099): VFY: unable to find class referenced in signature (Lacp;)
W/dalvikvm(25099): VFY: unable to find class referenced in signature (Lacp;)
W/dalvikvm(25099): VFY: unable to find class referenced in signature (Lacp;)
W/dalvikvm(25099): VFY: unable to find class referenced in signature (Lacp;)
W/dalvikvm(25099): VFY: unable to find class referenced in signature (Lacp;)
W/dalvikvm(25099): VFY: unable to find class referenced in signature (Lacp;)
W/dalvikvm(25099): VFY: unable to find class referenced in signature (Lacp;)
I/ActivityManager( 2260): Process com.google.android.gms.persistent (pid 24481) (adj 8) has died.
E/PowerManagerService( 2260): WakeLock : binderDied()
E/PowerManagerService( 2260): WakeLock : binderDied()
E/PowerManagerService( 2260): WakeLock : binderDied()
E/PowerManagerService( 2260): WakeLock : binderDied()
D/GpsLocationProvider( 2260): GPS status listener died
I/LocationManagerService( 2260): remove passive (pid 2260), next minTime = 0
I/LocationManagerService( 2260): remove passive (pid 2260), next minTime = 0
E/WifiHW  ( 2260): ##################### set firmware type 0 #####################
D/WifiStateMachine( 2260): setWifiEnabled : WifiNative.setFwType(0)
E/dalvikvm(25099): Could not find class 'android.app.Notification$Action$Builder', referenced from method b.a
W/dalvikvm(25099): VFY: unable to resolve new-instance 285 (Landroid/app/Notification$Action$Builder;) in Lb;
D/dalvikvm(25099): VFY: replacing opcode 0x22 at 0x0000
V/AlarmManager( 2260): waitForAlarm result :4
E/PowerManagerService( 2260): WakeLock : binderDied()
W/AlarmManager( 2260): FACTORY_ON= 0
V/AlarmManager( 2260): trigger ELAPSED_REALTIME_WAKEUP or RTC_WAKEUP
E/dalvikvm(25099): Could not find class 'android.graphics.drawable.RippleDrawable', referenced from method b.a
W/dalvikvm(25099): VFY: unable to resolve new-instance 442 (Landroid/graphics/drawable/RippleDrawable;) in Lb;
D/dalvikvm(25099): VFY: replacing opcode 0x22 at 0x000b
W/dalvikvm(25099): VFY: unable to find class referenced in signature (Lbic;)
W/dalvikvm(25099): VFY: unable to find class referenced in signature (Lbic;)
W/dalvikvm(25099): VFY: unable to find class referenced in signature (Lcom/google/android/gms/maps/model/LatLng;)
W/dalvikvm(25099): VFY: unable to find class referenced in signature (Lcom/google/android/gms/maps/model/LatLng;)
W/dalvikvm(25099): VFY: unable to find class referenced in signature (Lgma;)
W/dalvikvm(25099): VFY: unable to find class referenced in signature (Lgma;)
W/dalvikvm(25099): VFY: unable to find class referenced in signature (Lcom/google/android/gms/maps/model/LatLng;)
W/dalvikvm(25099): VFY: unable to find class referenced in signature (Lcom/google/android/gms/maps/model/LatLng;)
W/dalvikvm(25099): VFY: unable to find class referenced in signature (Lgma;)
W/dalvikvm(25099): VFY: unable to find class referenced in signature (Lgma;)
W/dalvikvm(25099): VFY: unable to find class referenced in signature (Lgma;)
W/dalvikvm(25099): VFY: unable to find class referenced in signature (Lgma;)
I/dalvikvm(25099): Could not find method android.os.Trace.beginSection, referenced from method b.a
W/dalvikvm(25099): VFY: unable to resolve static method 2723: Landroid/os/Trace;.beginSection (Ljava/lang/String;)V
D/dalvikvm(25099): VFY: replacing opcode 0x71 at 0x0007
I/dalvikvm(25099): Could not find method android.os.Trace.endSection, referenced from method b.a
W/dalvikvm(25099): VFY: unable to resolve static method 2724: Landroid/os/Trace;.endSection ()V
D/dalvikvm(25099): VFY: replacing opcode 0x71 at 0x0021
E/dalvikvm(25099): Could not find class 'android.app.Notification$Action$Builder', referenced from method b.a
W/dalvikvm(25099): VFY: unable to resolve new-instance 285 (Landroid/app/Notification$Action$Builder;) in Lb;
D/dalvikvm(25099): VFY: replacing opcode 0x22 at 0x0000
E/dalvikvm(25099): Could not find class 'android.transition.Transition', referenced from method b.a
W/dalvikvm(25099): VFY: unable to resolve check-cast 656 (Landroid/transition/Transition;) in Lb;
D/dalvikvm(25099): VFY: replacing opcode 0x1f at 0x0000
E/dalvikvm(25099): Could not find class 'android.transition.Transition', referenced from method b.a
W/dalvikvm(25099): VFY: unable to resolve check-cast 656 (Landroid/transition/Transition;) in Lb;
D/dalvikvm(25099): VFY: replacing opcode 0x1f at 0x0005
E/dalvikvm(25099): Could not find class 'android.transition.Transition', referenced from method b.a
W/dalvikvm(25099): VFY: unable to resolve check-cast 656 (Landroid/transition/Transition;) in Lb;
D/dalvikvm(25099): VFY: replacing opcode 0x1f at 0x0000
I/dalvikvm(25099): Could not find method android.view.ViewGroup.isTransitionGroup, referenced from method b.a
W/dalvikvm(25099): VFY: unable to resolve virtual method 4368: Landroid/view/ViewGroup;.isTransitionGroup ()Z
D/dalvikvm(25099): VFY: replacing opcode 0x6e at 0x000c
I/dalvikvm(25099): Could not find method android.view.View.getTransitionName, referenced from method b.a
W/dalvikvm(25099): VFY: unable to resolve virtual method 4184: Landroid/view/View;.getTransitionName ()Ljava/lang/String;
D/dalvikvm(25099): VFY: replacing opcode 0x6e at 0x0006
W/dalvikvm(25099): VFY: unable to find class referenced in signature (Lbph;)
W/dalvikvm(25099): VFY: unable to find class referenced in signature (Lbph;)
W/dalvikvm(25099): VFY: unable to find class referenced in signature ([Landroid/app/RemoteInput;)
E/dalvikvm(25099): Could not find class 'android.app.RemoteInput[]', referenced from method b.a
W/dalvikvm(25099): VFY: unable to resolve new-array 12111 ([Landroid/app/RemoteInput;) in Lb;
D/dalvikvm(25099): VFY: replacing opcode 0x23 at 0x0005
E/dalvikvm(25099): Could not find class 'android.transition.Transition', referenced from method b.b
W/dalvikvm(25099): VFY: unable to resolve check-cast 656 (Landroid/transition/Transition;) in Lb;
D/dalvikvm(25099): VFY: replacing opcode 0x1f at 0x0000
I/dalvikvm(25099): Could not find method android.content.res.Configuration.getLayoutDirection, referenced from method b.s
W/dalvikvm(25099): VFY: unable to resolve virtual method 1738: Landroid/content/res/Configuration;.getLayoutDirection ()I
D/dalvikvm(25099): VFY: replacing opcode 0x6e at 0x0013
D/dalvikvm(25099): GC_CONCURRENT freed 282K, 8% free 12987K/14087K, paused 12ms+12ms, total 44ms
D/dalvikvm(25099): DexOpt: unable to opt direct call 0x0534 at 0x0e in Lb;.a
D/dalvikvm(25099): DexOpt: unable to opt direct call 0x088e at 0x0e in Lb;.a
D/dalvikvm(25099): DexOpt: unable to opt direct call 0x0534 at 0x0e in Lb;.a
W/dalvikvm(25099): Unable to resolve superclass of Lay; (654)
W/dalvikvm(25099): Link of class 'Lay;' failed
D/dalvikvm(25099): DexOpt: unable to opt direct call 0x1ad8 at 0x08 in Lb;.a
W/dalvikvm(25099): Unable to resolve superclass of Lba; (654)
W/dalvikvm(25099): Link of class 'Lba;' failed
D/dalvikvm(25099): DexOpt: unable to opt direct call 0x1dac at 0x2c in Lb;.a
D/dalvikvm(25099): DexOpt: unable to opt direct call 0x0588 at 0x13 in Lb;.a
I/ActivityThread(25099): Pub com.google.android.apps.photos.content: com.google.android.apps.photos.content.GooglePhotosImageProvider
I/ActivityThread(25099): Pub com.google.android.apps.plus.content.EsPicasaStoreProvider: com.google.android.libraries.social.picasalegacy.PicasaPhotoContentProvider
I/ActivityThread(25099): Pub com.google.android.apps.photos.GooglePhotoDownsyncProvider: com.google.android.apps.photos.content.GooglePhotoDownsyncProvider
I/ActivityThread(25099): Pub com.google.plus.platform: com.google.android.libraries.social.adsprovider.AdsProvider
I/ActivityThread(25099): Pub com.google.android.apps.plus.iu.EsGoogleIuProvider: com.google.android.libraries.social.autobackup.AutoBackupProvider
I/ActivityThread(25099): Pub com.google.android.apps.plus.content.EsProvider: com.google.android.apps.plus.content.EsProvider
I/ActivityThread(25099): Pub com.google.android.apps.plus.mediapicker: android.support.v4.content.FileProvider
D/STATUSBAR-NetworkController( 2616): refreshSignalCluster: data=-1 bt=false
D/STATUSBAR-SignalClusterView( 2616): mSeparateMobileGroup=8
D/STATUSBAR-SignalClusterView( 2616): mSeparateMobileGroup=8
D/STATUSBAR-SignalClusterView( 2616): mSeparateMobileGroup=8
I/ActivityThread(25142): Pub downloads: com.android.providers.downloads.DownloadProvider
D/dalvikvm(25099): GC_CONCURRENT freed 370K, 9% free 13063K/14215K, paused 14ms+13ms, total 62ms
I/ActivityThread(25142): Pub drm: com.android.providers.drm.DrmProvider
V/AlarmManager( 2260): waitForAlarm result :1
I/ActivityThread(25142): Pub media: com.android.providers.media.MediaProvider
V/AlarmManager( 2260): trigger ELAPSED_REALTIME_WAKEUP or RTC_WAKEUP
D/MediaScanner(25142): Scanner initMutex res = 0
D/dalvikvm(25099): GC_CONCURRENT freed 291K, 8% free 13222K/14343K, paused 1ms+11ms, total 27ms
D/dalvikvm(25099): Trying to load lib /data/data/com.google.android.apps.plus/lib/libcrashreporterer.so 0x424cae68
D/dalvikvm(25099): Added shared lib /data/data/com.google.android.apps.plus/lib/libcrashreporterer.so 0x424cae68
W/StaticBindingVerifier(24921): Verify
I/ActivityThread(25174): Pub com.android.voicemail: com.android.providers.contacts.VoicemailContentProvider
D/dalvikvm(25099): GC_FOR_ALLOC freed 248K, 8% free 13376K/14407K, paused 35ms, total 35ms
D/facerecognition(25142): FR_FileOpen /sdcard/.face/facedata=55
I/ActivityThread(25174): Pub applications: com.android.providers.applications.ApplicationsProvider
D/facerecognition(25142): FR_FileOpen /data/user/0/com.android.providers.media/face/facedata=56
I/ActivityThread(25142): Pub sisodownloads: com.sec.android.providers.downloads.SecDownloadProvider
I/dalvikvm-heap(25099): Grow heap (frag case) to 15.835MB for 2129936-byte allocation
D/dalvikvm(25099): GC_FOR_ALLOC freed <1K, 7% free 15455K/16519K, paused 26ms, total 26ms
D/STATUSBAR-NotificationService( 2260): cancelAllNotifications()
I/dalvikvm(24921): Could not find method com.facebook.resources.FbResources.getDrawable, referenced from method com.facebook.resources.impl.DownloadedFbResources.getDrawable
W/dalvikvm(24921): VFY: unable to resolve virtual method 48616: Lcom/facebook/resources/FbResources;.getDrawable (ILandroid/content/res/Resources$Theme;)Landroid/graphics/drawable/Drawable;
D/dalvikvm(24921): VFY: replacing opcode 0x6f at 0x0031
I/ActivityThread(25174): Pub call_log: com.android.providers.contacts.CallLogProvider
I/ActivityThread(25174): Pub user_dictionary: com.android.providers.userdictionary.UserDictionaryProvider
D/dalvikvm(25099): GC_CONCURRENT freed 6K, 7% free 15467K/16519K, paused 13ms+14ms, total 57ms
D/dalvikvm(25099): WAIT_FOR_CONCURRENT_GC blocked 23ms
D/dalvikvm(25099): GC_FOR_ALLOC freed 2080K, 19% free 13387K/16519K, paused 16ms, total 16ms
I/dalvikvm-heap(25099): Grow heap (frag case) to 15.846MB for 2129936-byte allocation
I/ActivityThread(25174): Pub contacts;com.android.contacts: com.android.providers.contacts.ContactsProvider2
D/dalvikvm(25099): GC_CONCURRENT freed 0K, 7% free 15467K/16519K, paused 2ms+2ms, total 18ms
D/dalvikvm(25099): WAIT_FOR_CONCURRENT_GC blocked 16ms
D/dalvikvm(25099): WAIT_FOR_CONCURRENT_GC blocked 17ms
I/dalvikvm(24921): Could not find method android.content.res.Configuration.setLayoutDirection, referenced from method com.facebook.resources.FbResources.b
W/dalvikvm(24921): VFY: unable to resolve virtual method 283: Landroid/content/res/Configuration;.setLayoutDirection (Ljava/util/Locale;)V
D/dalvikvm(24921): VFY: replacing opcode 0x6e at 0x000c
D/dalvikvm(25099): GC_FOR_ALLOC freed 52K, 7% free 15472K/16519K, paused 28ms, total 28ms
I/dalvikvm-heap(25099): Grow heap (frag case) to 17.882MB for 2129936-byte allocation
D/dalvikvm(25174): GC_CONCURRENT freed 231K, 8% free 12392K/13383K, paused 3ms+8ms, total 39ms
D/dalvikvm(25174): WAIT_FOR_CONCURRENT_GC blocked 12ms
D/dalvikvm(25099): GC_FOR_ALLOC freed 1K, 6% free 17550K/18631K, paused 17ms, total 17ms
D/dalvikvm(25189): GC_CONCURRENT freed 172K, 7% free 12450K/13383K, paused 14ms+2ms, total 31ms
D/dalvikvm(25189): WAIT_FOR_CONCURRENT_GC blocked 12ms
D/dalvikvm(25099): GC_CONCURRENT freed 1K, 6% free 17562K/18631K, paused 12ms+8ms, total 39ms
D/dalvikvm(25142): GC_CONCURRENT freed 278K, 9% free 12295K/13383K, paused 20ms+1ms, total 56ms
D/dalvikvm(25099): GC_FOR_ALLOC freed 3K, 6% free 17560K/18631K, paused 17ms, total 17ms
I/dalvikvm-heap(25099): Grow heap (frag case) to 19.921MB for 2129936-byte allocation
D/dalvikvm(25099): GC_FOR_ALLOC freed <1K, 6% free 19640K/20743K, paused 16ms, total 16ms
D/dalvikvm(25159): WAIT_FOR_CONCURRENT_GC blocked 0ms
D/dalvikvm(25099): GC_CONCURRENT freed <1K, 6% free 19642K/20743K, paused 4ms+16ms, total 33ms
D/dalvikvm(25159): GC_CONCURRENT freed 164K, 7% free 12458K/13383K, paused 16ms+2ms, total 30ms
D/dalvikvm(25159): WAIT_FOR_CONCURRENT_GC blocked 11ms
D/dalvikvm(25159): GC_CONCURRENT freed 156K, 7% free 12841K/13767K, paused 1ms+2ms, total 15ms
D/dalvikvm(25159): WAIT_FOR_CONCURRENT_GC blocked 3ms
E/DataRouter( 1895): After the usb select 
E/DataRouter( 1895): read usb data[len:1]
E/DataRouter( 1895): read usb data message:A
E/DataRouter( 1895): Before the usb select 
E/DTT     ( 1898): [DR->DTT]Received data notification
E/DTT     ( 1898): NOT DEFINE
E/DTT     ( 1898): Message:A
E/DataRouter( 1895): [socket:11]******* Received data notification *******
D/connfw  ( 1899): [DR->CONNFW]Received data notification
D/connfw  ( 1899): NOT DEFINE
D/connfw  ( 1899): Message:A
E/DataRouter( 1895): [socket:12]******* Received data notification *******
D/Kies    ( 1896): [DR->KIES]Received data notification
D/Kies    ( 1896): NOT DEFINE
D/Kies    ( 1896): Message:A
E/DataRouter( 1895): [socket:13]******* Received data notification *******
I/ActivityThread(25189): Pub com.android.chrome.FileProvider: android.support.v4.content.FileProvider
I/ActivityThread(25189): Pub com.android.chrome.ChromeBrowserProvider;com.android.chrome.browser;com.android.chrome: com.google.android.apps.chrome.ChromeBrowserProvider
D/STATUSBAR-NetworkController( 2616): refreshSignalCluster: data=-1 bt=false
D/STATUSBAR-SignalClusterView( 2616): mSeparateMobileGroup=8
D/STATUSBAR-SignalClusterView( 2616): mSeparateMobileGroup=8
D/STATUSBAR-SignalClusterView( 2616): mSeparateMobileGroup=8
E/DataRouter( 1895): After the usb select 
E/DataRouter( 1895): read usb data[len:1]
E/DataRouter( 1895): read usb data message:T
E/DataRouter( 1895): Before the usb select 
D/Kies    ( 1896): [DR->KIES]Received data notification
E/DTT     ( 1898): [DR->DTT]Received data notification
D/Kies    ( 1896): NOT DEFINE
E/DTT     ( 1898): NOT DEFINE
D/Kies    ( 1896): Message:T
E/DTT     ( 1898): Message:T
D/connfw  ( 1899): [DR->CONNFW]Received data notification
E/DataRouter( 1895): [socket:13]******* Received data notification *******
D/connfw  ( 1899): NOT DEFINE
D/connfw  ( 1899): Message:T
E/DataRouter( 1895): [socket:11]******* Received data notification *******
E/DataRouter( 1895): [socket:12]******* Received data notification *******
I/dalvikvm(25189): Could not find method android.os.Binder.getCallingUserHandle, referenced from method org.chromium.chrome.browser.ChromeBrowserProvider.notifyChange
W/dalvikvm(25189): VFY: unable to resolve static method 1405: Landroid/os/Binder;.getCallingUserHandle ()Landroid/os/UserHandle;
D/dalvikvm(25189): VFY: replacing opcode 0x71 at 0x0006
I/dalvikvm(25189): Could not find method android.provider.Settings$Global.getInt, referenced from method com.google.android.apps.chrome.ChromeCommandLineInitUtil.getDebugAppJBMR1
W/dalvikvm(25189): VFY: unable to resolve static method 1749: Landroid/provider/Settings$Global;.getInt (Landroid/content/ContentResolver;Ljava/lang/String;I)I
D/dalvikvm(25189): VFY: replacing opcode 0x71 at 0x0009
I/ActivityThread(25189): Pub com.android.chrome.AutofillDataProvider: com.google.android.apps.chrome.autofill.AutofillDataProvider
I/ActivityThread(25189): Pub com.android.chrome.icing: com.google.android.apps.chrome.icing.IcingProvider
E/DataRouter( 1895): After the usb select 
E/DataRouter( 1895): read usb data[len:1]
E/DataRouter( 1895): read usb data message:E
E/DataRouter( 1895): Before the usb select 
D/Kies    ( 1896): [DR->KIES]Received data notification
E/DTT     ( 1898): [DR->DTT]Received data notification
D/Kies    ( 1896): NOT DEFINE
D/Kies    ( 1896): Message:E
E/DTT     ( 1898): NOT DEFINE
E/DTT     ( 1898): Message:E
E/DataRouter( 1895): [socket:13]******* Received data notification *******
D/connfw  ( 1899): [DR->CONNFW]Received data notification
D/connfw  ( 1899): NOT DEFINE
D/connfw  ( 1899): Message:E
E/DataRouter( 1895): [socket:11]******* Received data notification *******
E/DataRouter( 1895): [socket:12]******* Received data notification *******
I/dalvikvm(25189): Could not find method android.app.ActivityManager.isLowRamDevice, referenced from method com.google.android.apps.chrome.icing.IcingProvider.isSvelteDeviceV19
W/dalvikvm(25189): VFY: unable to resolve virtual method 151: Landroid/app/ActivityManager;.isLowRamDevice ()Z
D/dalvikvm(25189): VFY: replacing opcode 0x6e at 0x0009
E/DataRouter( 1895): After the usb select 
E/DataRouter( 1895): read usb data[len:1]
E/DataRouter( 1895): read usb data message:1
E/DataRouter( 1895): Before the usb select 
E/DTT     ( 1898): [DR->DTT]Received data notification
E/DTT     ( 1898): NOT DEFINE
E/DTT     ( 1898): Message:1
D/connfw  ( 1899): [DR->CONNFW]Received data notification
D/connfw  ( 1899): NOT DEFINE
D/connfw  ( 1899): Message:1
E/DataRouter( 1895): [socket:12]******* Received data notification *******
D/Kies    ( 1896): [DR->KIES]Received data notification
D/Kies    ( 1896): NOT DEFINE
D/Kies    ( 1896): Message:1
E/DataRouter( 1895): [socket:11]******* Received data notification *******
E/DataRouter( 1895): [socket:13]******* Received data notification *******
E/dalvikvm(25189): Could not find class 'android.os.UserManager', referenced from method org.chromium.chrome.browser.util.FeatureUtilities.hasSyncPermissions
W/dalvikvm(25189): VFY: unable to resolve check-cast 342 (Landroid/os/UserManager;) in Lorg/chromium/chrome/browser/util/FeatureUtilities;
D/dalvikvm(25189): VFY: replacing opcode 0x1f at 0x0011
E/DataRouter( 1895): After the usb select 
E/DataRouter( 1895): read usb data[len:1]
E/DataRouter( 1895): read usb data message: 
E/DataRouter( 1895): Before the usb select 
D/connfw  ( 1899): [DR->CONNFW]Received data notification
E/DTT     ( 1898): [DR->DTT]Received data notification
D/connfw  ( 1899): NOT DEFINE
D/connfw  ( 1899): Message: 
E/DTT     ( 1898): NOT DEFINE
E/DTT     ( 1898): Message: 
E/DataRouter( 1895): [socket:12]******* Received data notification *******
D/Kies    ( 1896): [DR->KIES]Received data notification
D/Kies    ( 1896): NOT DEFINE
D/Kies    ( 1896): Message: 
E/DataRouter( 1895): [socket:11]******* Received data notification *******
E/DataRouter( 1895): [socket:13]******* Received data notification *******
D/dalvikvm(25189): GC_CONCURRENT freed 223K, 8% free 12669K/13703K, paused 25ms+2ms, total 75ms
E/DataRouter( 1895): After the usb select 
E/DataRouter( 1895): read usb data[len:1]
E/DataRouter( 1895): read usb data message:E
E/DataRouter( 1895): Before the usb select 
D/connfw  ( 1899): [DR->CONNFW]Received data notification
E/DTT     ( 1898): [DR->DTT]Received data notification
E/DTT     ( 1898): NOT DEFINE
D/connfw  ( 1899): NOT DEFINE
E/DTT     ( 1898): Message:E
D/connfw  ( 1899): Message:E
D/Kies    ( 1896): [DR->KIES]Received data notification
D/Kies    ( 1896): NOT DEFINE
D/Kies    ( 1896): Message:E
E/DataRouter( 1895): [socket:12]******* Received data notification *******
E/DataRouter( 1895): [socket:11]******* Received data notification *******
E/DataRouter( 1895): [socket:13]******* Received data notification *******
E/DataRouter( 1895): After the usb select 
E/DataRouter( 1895): read usb data[len:1]
E/DataRouter( 1895): read usb data message:0
E/DataRouter( 1895): Before the usb select 
D/connfw  ( 1899): [DR->CONNFW]Received data notification
E/DTT     ( 1898): [DR->DTT]Received data notification
D/connfw  ( 1899): NOT DEFINE
E/DTT     ( 1898): NOT DEFINE
D/connfw  ( 1899): Message:0
E/DTT     ( 1898): Message:0
E/DataRouter( 1895): [socket:12]******* Received data notification *******
D/Kies    ( 1896): [DR->KIES]Received data notification
D/Kies    ( 1896): NOT DEFINE
D/Kies    ( 1896): Message:0
E/DataRouter( 1895): [socket:11]******* Received data notification *******
E/DataRouter( 1895): [socket:13]******* Received data notification *******
W/Avast   (23904): ExternalPowerReceiver
W/Avast   (23904): android.content.ReceiverCallNotAllowedException: IntentReceiver components are not allowed to register to receive intents
W/Avast   (23904): 	at android.app.ReceiverRestrictedContext.registerReceiver(ContextImpl.java:163)
W/Avast   (23904): 	at android.app.ReceiverRestrictedContext.registerReceiver(ContextImpl.java:157)
W/Avast   (23904): 	at com.avast.android.mobilesecurity.receiver.ExternalPowerReceiver.b(ExternalPowerReceiver.java:113)
W/Avast   (23904): 	at com.avast.android.mobilesecurity.receiver.ExternalPowerReceiver.onReceive(ExternalPowerReceiver.java:47)
W/Avast   (23904): 	at android.app.ActivityThread.handleReceiver(ActivityThread.java:2270)
W/Avast   (23904): 	at android.app.ActivityThread.access$1500(ActivityThread.java:140)
W/Avast   (23904): 	at android.app.ActivityThread$H.handleMessage(ActivityThread.java:1303)
W/Avast   (23904): 	at android.os.Handler.dispatchMessage(Handler.java:99)
W/Avast   (23904): 	at android.os.Looper.loop(Looper.java:137)
W/Avast   (23904): 	at android.app.ActivityThread.main(ActivityThread.java:4898)
W/Avast   (23904): 	at java.lang.reflect.Method.invokeNative(Native Method)
W/Avast   (23904): 	at java.lang.reflect.Method.invoke(Method.java:511)
W/Avast   (23904): 	at com.android.internal.os.ZygoteInit$MethodAndArgsCaller.run(ZygoteInit.java:1006)
W/Avast   (23904): 	at com.android.internal.os.ZygoteInit.main(ZygoteInit.java:773)
W/Avast   (23904): 	at dalvik.system.NativeStart.main(Native Method)
E/DataRouter( 1895): After the usb select 
E/DataRouter( 1895): read usb data[len:1]
E/DataRouter( 1895): read usb data message:
E/DataRouter( 1895): Before the usb select 
E/DTT     ( 1898): [DR->DTT]Received data notification
D/connfw  ( 1899): [DR->CONNFW]Received data notification
E/DTT     ( 1898): NOT DEFINE
D/connfw  ( 1899): NOT DEFINE
E/DTT     ( 1898): Message:
D/connfw  ( 1899): Message:
E/DataRouter( 1895): [socket:12]******* Received data notification *******
D/Kies    ( 1896): [DR->KIES]Received data notification
D/Kies    ( 1896): NOT DEFINE
D/Kies    ( 1896): Message:
E/DataRouter( 1895): [socket:11]******* Received data notification *******
E/DataRouter( 1895): [socket:13]******* Received data notification *******
I/dalvikvm(24921): Could not find method android.content.res.Configuration.setLayoutDirection, referenced from method com.facebook.languages.switchercommon.LanguageSwitcherCommon.b
W/dalvikvm(24921): VFY: unable to resolve virtual method 283: Landroid/content/res/Configuration;.setLayoutDirection (Ljava/util/Locale;)V
D/dalvikvm(24921): VFY: replacing opcode 0x6e at 0x0043
D/dalvikvm(24921): GC_CONCURRENT freed 3098K, 23% free 13640K/17543K, paused 24ms+37ms, total 172ms
I/ActivityThread(25159): Pub com.google.android.googlequicksearchbox.google: com.google.android.search.core.google.GoogleSuggestionProvider
I/ActivityThread(25159): Pub com.google.android.googlequicksearchbox.icing: com.google.android.search.core.icingsync.InternalIcingCorporaProvider
D/STATUSBAR-NetworkController( 2616): refreshSignalCluster: data=-1 bt=false
D/STATUSBAR-SignalClusterView( 2616): mSeparateMobileGroup=8
D/STATUSBAR-SignalClusterView( 2616): mSeparateMobileGroup=8
D/STATUSBAR-SignalClusterView( 2616): mSeparateMobileGroup=8
E/Watchdog( 2260): !@Sync 2701
D/dalvikvm(25174): GC_CONCURRENT freed 143K, 7% free 12782K/13703K, paused 26ms+5ms, total 73ms
I/dalvikvm(25159): Could not find method android.view.View.isInLayout, referenced from method com.google.android.apps.gsa.shared.util.cz.bW
W/dalvikvm(25159): VFY: unable to resolve virtual method 5544: Landroid/view/View;.isInLayout ()Z
D/dalvikvm(25159): VFY: replacing opcode 0x6e at 0x0006
I/dalvikvm(25159): Could not find method android.app.ActivityManager.isLowRamDevice, referenced from method com.google.android.apps.gsa.shared.util.cz.bh
W/dalvikvm(25159): VFY: unable to resolve virtual method 285: Landroid/app/ActivityManager;.isLowRamDevice ()Z
D/dalvikvm(25159): VFY: replacing opcode 0x6e at 0x000f
I/dalvikvm(25159): Could not find method android.provider.Settings$Global.getInt, referenced from method com.google.android.apps.gsa.shared.util.cz.bx
W/dalvikvm(25159): VFY: unable to resolve static method 2031: Landroid/provider/Settings$Global;.getInt (Landroid/content/ContentResolver;Ljava/lang/String;I)I
D/dalvikvm(25159): VFY: replacing opcode 0x71 at 0x000e
I/Process (25218): Sending signal. PID: 25218 SIG: 9
I/ActivityManager( 2260): Process com.sec.android.sCloudBackupApp (pid 25218) (adj 0) has died.
I/ActivityThread(25159): Pub com.google.android.googlequicksearchbox.NetworkImageLoaderContentProvider: com.google.android.search.core.imageloader.NetworkImageLoaderContentProvider
I/ActivityThread(25159): Pub com.google.android.googlequicksearchbox.AudioProvider: com.google.android.apps.gsa.speech.audio.AudioProvider
D/dalvikvm( 1902): WAIT_FOR_CONCURRENT_GC blocked 0ms
I/ActivityThread(25159): Pub com.google.android.velvet.extradex.ExtraDexHostProvider: com.google.android.velvet.extradex.ExtraDexHostProvider
D/dalvikvm( 1902): GC_EXPLICIT freed 40K, 8% free 12118K/13123K, paused 5ms+5ms, total 66ms
D/dalvikvm( 1902): WAIT_FOR_CONCURRENT_GC blocked 0ms
I/ActivityThread(25159): Pub com.google.android.velvet.util.statedumpprovider: com.google.android.velvet.util.StateDumpProvider
I/ActivityThread(25159): Pub com.google.android.projection.CarAudioProvider: com.google.android.projection.CarAudioProvider
D/dalvikvm( 1902): GC_EXPLICIT freed <1K, 8% free 12118K/13123K, paused 4ms+2ms, total 40ms
D/dalvikvm( 1902): WAIT_FOR_CONCURRENT_GC blocked 0ms
D/STATUSBAR-NetworkController( 2616): refreshSignalCluster: data=-1 bt=false
D/STATUSBAR-SignalClusterView( 2616): mSeparateMobileGroup=8
D/STATUSBAR-SignalClusterView( 2616): mSeparateMobileGroup=8
D/STATUSBAR-SignalClusterView( 2616): mSeparateMobileGroup=8
D/dalvikvm( 1902): GC_EXPLICIT freed <1K, 8% free 12118K/13123K, paused 3ms+4ms, total 29ms
D/dalvikvm(25159): GC_CONCURRENT freed 163K, 8% free 13101K/14087K, paused 12ms+32ms, total 69ms
