E/MTPRx   (25235): In MtpReceiverandroid.hardware.usb.action.USB_STATE
E/MTPRx   (25235): check value of boot_completed is1
E/MTPRx   (25235): check booting is completed_sys.boot_completed
E/MTPRx   (25235): Sd-Card path/storage/extSdCard
E/MTPRx   (25235): Status for mount/Unmount :removed
E/MTPRx   (25235): SDcard is not available
E/MTPRx   (25235): The value of first_boot is  1
E/MTPRx   (25235): [ 662] The value of first_boot is  1NORMAL SEQUENCE 
W/MTPRx   (25235): value of connected istrue
W/MTPRx   (25235): value of configured istrue
W/MTPRx   (25235): value of mtpEnabled istrue
W/MTPRx   (25235): value of ptpEnabled isfalse
E/MTPRx   (25235): Received USB_STATE with sdCardLaunch = 0
E/MTPRx   (25235): file kieswifi.dat is not found
D/STATUSBAR-NetworkController( 2616): refreshSignalCluster: data=-1 bt=false
D/STATUSBAR-SignalClusterView( 2616): mSeparateMobileGroup=8
D/STATUSBAR-SignalClusterView( 2616): mSeparateMobileGroup=8
D/STATUSBAR-SignalClusterView( 2616): mSeparateMobileGroup=8
I/ActivityManager( 2260): Process com.google.android.apps.plus (pid 25099) (adj 9) has died.
I/ActivityManager( 2260): Process android.process.acore (pid 25174) (adj 9) has died.
I/ActivityManager( 2260): Process com.facebook.katana (pid 24921) (adj 9) has died.
E/MTPRx   (25235): sending MTP_ICON_ENABLED to stack
D/Launcher(13251): onTrimMemory. Level: 15
E/MTPRx   (25235): else part ... so first time!!!
E/MTPPlaObsrvr(25235): inside setContext()
E/MTPPlaObsrvr(25235): playlist count is1
D/PowerManagerService( 2260): ATT: mIsSecuredLock 1 in setScreenOffTimeoutsLocked()=0
D/PowerManagerService( 2260): setScreenOffTimeouts mKeylightDelay=1500 mDimDelay=51500 mScreenOffDelay=7000 mDimScreen=true
E/MTPPlaObsrvr(25235): Row ID is9384
E/MTPPlaObsrvr(25235): Inside registerContentObserver
E/DataRouter( 1895): After the usb select 
E/DataRouter( 1895): read usb data[len:1]
E/DataRouter( 1895): read usb data message:A
E/DataRouter( 1895): Before the usb select 
D/connfw  ( 1899): [DR->CONNFW]Received data notification
D/connfw  ( 1899): NOT DEFINE
E/DTT     ( 1898): [DR->DTT]Received data notification
D/connfw  ( 1899): Message:A
E/DTT     ( 1898): NOT DEFINE
E/DTT     ( 1898): Message:A
E/DataRouter( 1895): [socket:12]******* Received data notification *******
E/DataRouter( 1895): [socket:11]******* Received data notification *******
D/Kies    ( 1896): [DR->KIES]Received data notification
D/Kies    ( 1896): NOT DEFINE
D/Kies    ( 1896): Message:A
E/DataRouter( 1895): [socket:13]******* Received data notification *******
D/        (25235): In JNI_OnLoad
D/        (25235): Cashing the java instance. Lets fight with garbage collector
D/        (25235): The value of is_mtp_cb_ptr_register : 1
D/        (25235): Get Battery Level 
D/        (25235): 000000000000000
D/        (25235): Opened file BATTERY_STATUS_FILE
D/        (25235): Battery status [8
D/        (25235): 000000000000000
D/        (25235): ]
D/        (25235): initClassHelper: clearing local reference3
D/        (25235): initClassHelper: clearing local reference obj
D/        (25235): initClassHelper: is done
D/        (25235): In register_android_MTP_StackInterface
E/MtpService(25235): onCreate.
E/MtpService(25235): onStartCommand.
E/MtpService(25235): < MTP > Registering BroadCast receiver :::::
E/MtpService(25235): handleMessage. msg= { what=0 when=-1ms arg1=1 obj=Intent { cmp=com.android.MtpApplication/.MtpService } }
W/MTPRx   (25235): calling native method
E/MTPJNIInterface(25235): < MTP > Registering BroadCast receiver :::::
E/NotificationService( 2260): Ignoring notification with icon==0: Notification(pri=0 contentView=null vibrate=null sound=null defaults=0x0 flags=0x62 kind=[null]) tickerText=null contactCharSeq=null when=1432654270837 threadId=0
D/STATUSBAR-NotificationService( 2260): Noti Alert - mSystemReady:true, AlertEnabled:true
E/MTPJNIInterface(25235): noti = 10
D/        (25235): In Noti-handler, Notify type = [10] 
D/        (25235): __mtp_handler_eh_notify is called.
D/        (25235): __mtp_handler_eh_notify noti type = 10
E/DataRouter( 1895): After the usb select 
E/DataRouter( 1895): read usb data[len:1]
E/DataRouter( 1895): read usb data message:T
E/DataRouter( 1895): Before the usb select 
D/connfw  ( 1899): [DR->CONNFW]Received data notification
D/Kies    ( 1896): [DR->KIES]Received data notification
E/DTT     ( 1898): [DR->DTT]Received data notification
D/connfw  ( 1899): NOT DEFINE
D/Kies    ( 1896): NOT DEFINE
D/connfw  ( 1899): Message:T
E/DTT     ( 1898): NOT DEFINE
D/Kies    ( 1896): Message:T
E/DTT     ( 1898): Message:T
E/DataRouter( 1895): [socket:13]******* Received data notification *******
E/DataRouter( 1895): [socket:11]******* Received data notification *******
E/DataRouter( 1895): [socket:12]******* Received data notification *******
E/MtpService(25235): onStartCommand.
E/MtpService(25235): < MTP > Registering BroadCast receiver :::::
E/MtpService(25235): handleMessage. msg= { what=0 when=0 arg1=2 obj=Intent { cmp=com.android.MtpApplication/.MtpService } }
W/MTPRx   (25235): calling native method
E/MTPJNIInterface(25235): < MTP > Registering BroadCast receiver :::::
E/MTPRx   (25235): Checking the driver time out
E/MTPJNIInterface(25235): noti = 2
D/        (25235): In Noti-handler, Notify type = [2] 
D/        (25235): __mtp_handler_eh_notify is called.
D/        (25235): __mtp_handler_eh_notify noti type = 2
D/        (25235): __mtp_handler_eh_notify: USB plugged in.
D/        (25235): mtp_main_cancel_initialization : MTP_SET_CANCELACTION! [FALSE]
D/        (25235): MTP_APP Callback : 21
D/        (25235): __mtp_handler_eh_notify: MTP_ALWAYS_TURN_ON.  send start event
D/        (25235): Calling pthread_create of mtp_event_request_handler
D/        (25235): event handler thread is created, so set the flag
D/        (25235): mtp_main_send_start_event : action START MTP OPERATION
D/        (25235): mtp event request is started 
D/        (25235): mtp_send_event_request is called. 
D/        (25235): ***** sem_post error code =0
D/        (25235): Event type = [action = 8] 
D/        (25235): __mtp_handler_process_request: Case MTP_EVENT_START_MAIN_OPERATION entered.
D/        (25235): mtp_main_cancel_initialization : MTP_SET_CANCELACTION! [FALSE]
D/        (25235): State change [0] -> [1]
D/        (25235): mtp_mq_initialize : mtp_mq_initialize is called 
D/        (25235): TRUE with EventToHost 
D/        (25235): socket success
D/        (25235): mtp_send_event_request is called. 
D/        (25235): ***** sem_post error code =0
D/        (25235): Event type = [action = 9] 
D/        (25235): __mtp_handler_process_request: Case MTP_EVENT_START_MAIN_OPERATION_FOR_UI entered.
D/        (25235): Inside media scanner status function
D/        (25235): MTP_APP Callback : 26
D/        (25235): void mtp_app_cb_func(mtp_cb_param_t*):953, MTP_CB_CHECK_SCANNER_STATUS calling media scanner update 
D/        (25235): Inside check_media_scanner_status
D/        (25235): AttachCurrentThread()  success
D/        (25235): Got  ENV
D/        (25235): Got Object Class
D/        (25235): Object ID got is 1475623120
D/        (25235): Got Method ID
D/        (25235): Unable to get Object Class and clearing cls 2
E/MTPJNIInterface(25235): Getting media scanner status0
D/        (25235): ***********int check_media_scanner_status() Return value 0
E/NotificationService( 2260): Ignoring notification with icon==0: Notification(pri=0 contentView=null vibrate=null sound=null defaults=0x0 flags=0x62 kind=[null]) tickerText=null contactCharSeq=null when=1432654270875 threadId=0
D/STATUSBAR-NotificationService( 2260): Noti Alert - mSystemReady:true, AlertEnabled:true
D/        (25235): DetachCurrentThread()  success
D/        (25235): void mtp_app_cb_func(mtp_cb_param_t*):955, MTP_CB_CHECK_SCANNER_STATUS calling media scanner update value= 0 
D/        (25235): [media_scanner_status:797] cb value=0
D/        (25235): bind success
D/        (25235): mqdes name EventToHost and socket id 42
D/        (25235): mtp message queue is created with [qId : 1850296654 msg id : EventToHost] 
E/MTPRx   (25235): called native method
E/MTPJNIInterface(25235): setting Media scanner status0
E/MTPJNIInterface(25235): After setting Media scanner status0
E/MtpService(25235): In MTPAPP onReceive:android.intent.action.BATTERY_CHANGED
E/MtpService(25235): battPlugged Type : 2
E/MtpService(25235): In MTPAPP onReceive:android.intent.action.BATTERY_CHANGED
E/MtpService(25235): battPlugged Type : 2
W/MTPRx   (25235): notification from stack 1
D/STATUSBAR-NetworkController( 2616): refreshSignalCluster: data=-1 bt=false
D/STATUSBAR-SignalClusterView( 2616): mSeparateMobileGroup=8
D/STATUSBAR-SignalClusterView( 2616): mSeparateMobileGroup=8
D/STATUSBAR-SignalClusterView( 2616): mSeparateMobileGroup=8
D/MtpService(25142): addStorageLocked 65537 /storage/sdcard0
D/MtpService(25142): starting MTP server in MTP mode
E/DataRouter( 1895): After the usb select 
E/DataRouter( 1895): read usb data[len:1]
E/DataRouter( 1895): read usb data message:E
E/DataRouter( 1895): Before the usb select 
D/Kies    ( 1896): [DR->KIES]Received data notification
E/DTT     ( 1898): [DR->DTT]Received data notification
D/Kies    ( 1896): NOT DEFINE
D/Kies    ( 1896): Message:E
E/DTT     ( 1898): NOT DEFINE
E/DTT     ( 1898): Message:E
E/DataRouter( 1895): [socket:11]******* Received data notification *******
E/DataRouter( 1895): [socket:13]******* Received data notification *******
D/connfw  ( 1899): [DR->CONNFW]Received data notification
D/connfw  ( 1899): NOT DEFINE
D/connfw  ( 1899): Message:E
E/DataRouter( 1895): [socket:12]******* Received data notification *******
D/TMSERVER/TMNetworkReceiver(25278): TMNetworkReceiver.TMNetworkReceiver() Enter 1 main
D/TMSERVER/TMNetworkReceiver(25278): TMNetworkReceiver.StartTMHandler - enter
D/TMSERVER/TMNetworkReceiver(25278): TMNetworkReceiver.StartTMHandler - exit
D/TMSERVER/TMNetworkReceiver(25278): TMNetworkReceiver.onReceive() Enter 
D/TMSERVER/TMNetworkReceiver(25278): TMNetworkReceiver.onReceive() Action android.hardware.usb.action.USB_STATE
D/TMSERVER/TMNetworkReceiver(25278): TMNetworkReceiver.onReceive() on USB
D/TMSERVER/TMNetworkReceiver(25278): usbEventReceiver:onReceive(): connected = true
D/TMSERVER/TMNetworkReceiver(25278): usbEventReceiver:onReceive(): configured = true
D/TMSERVER/TMNetworkReceiver(25278): usbEventReceiver:onReceive(): isUsbCableConnected = false
D/TMSERVER/TMNetworkReceiver(25278): usbEventReceiver:onReceive(): isUsbCableConnected made to<<<= true
D/TMSERVER/TMNetworkReceiver(25278): TMNetworkReceiver.onReceive() USB CONNECTED
D/TMSERVER/TMNetworkReceiver(25278): TMNetworkReceiver.onReceive() usb file content is  major 0 minor 0 vendor 0
D/TMSERVER/TMNetworkReceiver(25278): TMNetworkReceiver.onReceive() Major Version not equal to 1
D/TMSERVER/TMNetworkReceiver(25278): TMNetworkReceiver.onReceive() Retry reading the file..Sysfs might be updated after the Connected signal. counter -0
D/MediaScanner(25142): Constructor set externalStorageSdPath : /storage/extSdCard
E/MtpServerJNI(25142): could not open MTP driver, errno: 2
D/MtpService(25142): addStorageLocked 65537 /storage/sdcard0
E/MtpServerJNI(25142): server is null in add_storage
E/MtpServerJNI(25142): server is null in run
E/MtpServerJNI(25142): server is null in cleanup
E/DataRouter( 1895): After the usb select 
E/DataRouter( 1895): read usb data[len:1]
E/DataRouter( 1895): read usb data message:1
E/DataRouter( 1895): Before the usb select 
D/connfw  ( 1899): [DR->CONNFW]Received data notification
D/Kies    ( 1896): [DR->KIES]Received data notification
E/DTT     ( 1898): [DR->DTT]Received data notification
D/connfw  ( 1899): NOT DEFINE
D/connfw  ( 1899): Message:1
D/Kies    ( 1896): NOT DEFINE
E/DTT     ( 1898): NOT DEFINE
D/Kies    ( 1896): Message:1
E/DTT     ( 1898): Message:1
E/DataRouter( 1895): [socket:12]******* Received data notification *******
E/DataRouter( 1895): [socket:11]******* Received data notification *******
E/DataRouter( 1895): [socket:13]******* Received data notification *******
I/dalvikvm(25159): Could not find method android.app.AlarmManager.setExact, referenced from method com.google.android.search.core.l.c.setExact
W/dalvikvm(25159): VFY: unable to resolve virtual method 293: Landroid/app/AlarmManager;.setExact (IJLandroid/app/PendingIntent;)V
D/dalvikvm(25159): VFY: replacing opcode 0x6e at 0x0008
I/ActivityThread(25296): Pub com.google.android.partnersetup.rlzprovider: com.google.android.partnersetup.RlzProvider
I/ActivityThread(25265): Pub com.sec.android.app.videoplayer.provider: com.sec.android.app.videoplayer.db.AllShareProvider
I/ActivityThread(25296): Pub com.google.android.partnersetup.rlzappprovider: com.google.android.partnersetup.RlzAppProvider
I/dalvikvm(25159): DexOpt: access denied from Lcom/google/android/gms/common/e; to field Landroid/app/Notification;.extras
W/dalvikvm(25159): VFY: unable to resolve instance field 49
D/dalvikvm(25159): VFY: replacing opcode 0x54 at 0x00b3
E/dalvikvm(25159): Could not find class 'android.app.AppOpsManager', referenced from method com.google.android.gms.common.e.b
W/dalvikvm(25159): VFY: unable to resolve check-cast 71 (Landroid/app/AppOpsManager;) in Lcom/google/android/gms/common/e;
D/dalvikvm(25159): VFY: replacing opcode 0x1f at 0x000e
I/dalvikvm(25159): Could not find method android.content.pm.PackageManager.getPackageInstaller, referenced from method com.google.android.gms.common.e.p
W/dalvikvm(25159): VFY: unable to resolve virtual method 946: Landroid/content/pm/PackageManager;.getPackageInstaller ()Landroid/content/pm/PackageInstaller;
D/dalvikvm(25159): VFY: replacing opcode 0x6e at 0x000b
V/AlarmManager( 2260): waitForAlarm result :8
E/DataRouter( 1895): After the usb select 
E/DataRouter( 1895): read usb data[len:1]
E/DataRouter( 1895): read usb data message: 
E/DataRouter( 1895): Before the usb select 
D/connfw  ( 1899): [DR->CONNFW]Received data notification
E/DTT     ( 1898): [DR->DTT]Received data notification
D/Kies    ( 1896): [DR->KIES]Received data notification
D/connfw  ( 1899): NOT DEFINE
D/connfw  ( 1899): Message: 
E/DTT     ( 1898): NOT DEFINE
D/Kies    ( 1896): NOT DEFINE
E/DTT     ( 1898): Message: 
D/Kies    ( 1896): Message: 
E/DataRouter( 1895): [socket:12]******* Received data notification *******
E/DataRouter( 1895): [socket:11]******* Received data notification *******
E/DataRouter( 1895): [socket:13]******* Received data notification *******
D/dalvikvm(25159): GC_CONCURRENT freed 202K, 8% free 13396K/14407K, paused 13ms+5ms, total 85ms
I/ActivityThread(25265): Pub com.sec.provider.videowall: com.sec.android.app.videoplayer.videowall.ThumbProvider
E/DataRouter( 1895): After the usb select 
E/DataRouter( 1895): read usb data[len:1]
E/DataRouter( 1895): read usb data message:E
E/DataRouter( 1895): Before the usb select 
D/connfw  ( 1899): [DR->CONNFW]Received data notification
D/Kies    ( 1896): [DR->KIES]Received data notification
E/DTT     ( 1898): [DR->DTT]Received data notification
D/connfw  ( 1899): NOT DEFINE
D/Kies    ( 1896): NOT DEFINE
D/connfw  ( 1899): Message:E
D/Kies    ( 1896): Message:E
E/DTT     ( 1898): NOT DEFINE
E/DTT     ( 1898): Message:E
E/DataRouter( 1895): [socket:12]******* Received data notification *******
E/DataRouter( 1895): [socket:13]******* Received data notification *******
E/DataRouter( 1895): [socket:11]******* Received data notification *******
D/videowall-TranscodeService(25265): service on
D/TMSERVER/TMNetworkReceiver(25278): TMNetworkReceiver.onReceive() usb file content is  major 0 minor 0 vendor 0
D/TMSERVER/TMNetworkReceiver(25278): TMNetworkReceiver.onReceive() Major Version not equal to 1
D/TMSERVER/TMNetworkReceiver(25278): TMNetworkReceiver.onReceive() Retry reading the file..Sysfs might be updated after the Connected signal. counter -1
W/TRThreadPoolExecutor(25159): Task "NotifyOnDoneFutureTask[fetch_location_reporting_state]" is a x. Failures of FutureTask can not be detected and exceptions will not be propagated by the executor
D/videowall-Global(25265): core_num = 4
D/videowall-Global(25265): density : 2.0 width : 720 height : 1280 Raw width : 720 Raw height : 1280
D/videowall-Global(25265): dsp : 720, swkey : false, Cores : 4, Clock : 0
D/videowall-TranscodeService(25265): Music is = false
D/videowall-TranscodeService(25265): power : false / screen off : false
D/videowall-TranscodeService(25265): releaseTransThread.
W/AlarmManager( 2260): FACTORY_ON= 0
E/DataRouter( 1895): After the usb select 
E/DataRouter( 1895): read usb data[len:1]
E/DataRouter( 1895): read usb data message:0
E/DataRouter( 1895): Before the usb select 
D/Kies    ( 1896): [DR->KIES]Received data notification
E/DTT     ( 1898): [DR->DTT]Received data notification
E/DTT     ( 1898): NOT DEFINE
D/Kies    ( 1896): NOT DEFINE
E/DTT     ( 1898): Message:0
D/Kies    ( 1896): Message:0
E/DataRouter( 1895): [socket:11]******* Received data notification *******
E/DataRouter( 1895): [socket:13]******* Received data notification *******
D/connfw  ( 1899): [DR->CONNFW]Received data notification
D/connfw  ( 1899): NOT DEFINE
D/connfw  ( 1899): Message:0
E/DataRouter( 1895): [socket:12]******* Received data notification *******
D/dalvikvm(25314): No JNI_OnLoad found in /system/lib/libcordon.so 0x424c66d8, skipping init
D/AndroidRuntime(25260): 
D/AndroidRuntime(25260): >>>>>> AndroidRuntime START com.android.internal.os.RuntimeInit <<<<<<
D/AndroidRuntime(25260): CheckJNI is OFF
D/AndroidRuntime(25260): setted country_code = Hong Kong
D/AndroidRuntime(25260): setted countryiso_code = HK
D/AndroidRuntime(25260): setted sales_code = TGY
D/AndroidRuntime(25260): readGMSProperty: start
D/AndroidRuntime(25260): readGMSProperty: already setted!!
D/AndroidRuntime(25260): readGMSProperty: end
D/AndroidRuntime(25260): addProductProperty: start
E/DataRouter( 1895): After the usb select 
E/DataRouter( 1895): read usb data[len:1]
E/DataRouter( 1895): read usb data message:
E/DataRouter( 1895): Before the usb select 
D/connfw  ( 1899): [DR->CONNFW]Received data notification
D/Kies    ( 1896): [DR->KIES]Received data notification
E/DTT     ( 1898): [DR->DTT]Received data notification
D/connfw  ( 1899): NOT DEFINE
D/Kies    ( 1896): NOT DEFINE
D/connfw  ( 1899): Message:
E/DTT     ( 1898): NOT DEFINE
D/Kies    ( 1896): Message:
E/DTT     ( 1898): Message:
E/DataRouter( 1895): [socket:13]******* Received data notification *******
E/DataRouter( 1895): [socket:12]******* Received data notification *******
E/DataRouter( 1895): [socket:11]******* Received data notification *******
D/dalvikvm(25314): GC_CONCURRENT freed 315K, 9% free 12307K/13383K, paused 2ms+2ms, total 22ms
D/dalvikvm(25314): WAIT_FOR_CONCURRENT_GC blocked 9ms
D/dalvikvm(25260): Trying to load lib libjavacore.so 0x0
D/dalvikvm(25260): Added shared lib libjavacore.so 0x0
D/dalvikvm(25260): Trying to load lib libnativehelper.so 0x0
D/dalvikvm(25260): Added shared lib libnativehelper.so 0x0
D/TMSERVER/TMNetworkReceiver(25278): TMNetworkReceiver.onReceive() usb file content is  major 0 minor 0 vendor 0
D/TMSERVER/TMNetworkReceiver(25278): TMNetworkReceiver.onReceive() Major Version not equal to 1
D/TMSERVER/TMNetworkReceiver(25278): TMNetworkReceiver.onReceive() Retry reading the file..Sysfs might be updated after the Connected signal. counter -2
D/dalvikvm(25332): GC_CONCURRENT freed 162K, 7% free 12460K/13383K, paused 3ms+2ms, total 22ms
D/dalvikvm(25332): WAIT_FOR_CONCURRENT_GC blocked 9ms
D/dalvikvm(25332): GC_CONCURRENT freed 155K, 7% free 12847K/13767K, paused 1ms+2ms, total 15ms
D/dalvikvm(25332): WAIT_FOR_CONCURRENT_GC blocked 4ms
W/dalvikvm(25332): VFY: unable to resolve static field 638 (PR_SET_DUMPABLE) in Landroid/system/OsConstants;
D/dalvikvm(25332): VFY: replacing opcode 0x60 at 0x000b
I/MultiDex(25332): VM with version 1.6.0 does not have multidex support
I/MultiDex(25332): install
I/MultiDex(25332): MultiDexExtractor.load(/data/app/com.google.android.gms-1.apk, false)
I/MultiDex(25332): loading existing secondary dex files
D/TMSERVER/TMNetworkReceiver(25278): TMNetworkReceiver.onReceive() Exit 
D/TMSERVER/TMNetworkReceiver(25278): TMNetworkReceiver.handleMessage - enter1 main
D/TMSERVER/TMNetworkReceiver(25278): TMNetworkReceiver.handleMessage - enter action = 0
D/        (25235): MtpDBConnect is called ++++++++++++
E/SQLiteLog(25235): (14) cannot open file at line 30241 of [00bb9c9ce4]
E/SQLiteLog(25235): (14) os_unix.c:30241: (2) open(/opt/dbspace/inappdb_mtp) - 
D/        (25235): __mtp_db_connect: Connection fail! ret = 14
D/        (25235): mtp_db_init_all_first_time: Connection fail!
D/        (25235): Mtp Initialization start! ------ 
D/        (25235): mtp_main_set_ref_db_is_loaded : set RefDB load [No]
D/        (25235): Now, Enter mtp_get_info_from_reg
D/        (25235): mtp_get_info_from_reg : device name [DEVICE NAME]
D/        (25235): -------------- mtp_initialize_mtp_device is called ---------- 
D/        (25235): bUseUnicodeDeviceFriendlyName=(1)
D/        (25235): ---------------- InitializeDeviceProperitesMtpDevice is called 
D/        (25235): Opened file BATTERY_STATUS_FILE
D/        (25235): Battery status [8
D/        (25235): ]
D/        (25235): Get Battery level 8
D/        (25235): bUseUnicodeDeviceFriendlyName=(1)
D/        (25235): bUseUnicodeDeviceFriendlyName=(1)
D/        (25235): device name from system properties at 2 is GT-I9300
D/        (25235): bUseUnicodeDeviceFriendlyName=(1)
D/TMSERVER/TMNetworkReceiver(25278): TMNetworkReceiver.handleMessage - finsihed case 0 mIsSCMInstalled = false
D/TMSERVER/TMNetworkReceiver(25278): TMNetworkReceiver.handleMessage - exit
D/TMSERVER/TMLogRemovalReceiver(25278): TMLogRemovalReceiver.onReceive() Enter isCalled =false
D/TMSERVER/TMLogRemovalReceiver(25278): TMLogRemovalReceiver.onReceive() action android.hardware.usb.action.USB_STATE
D/TMSERVER/TMLogRemovalReceiver(25278): TMLogRemovalReceiver.onReceive() Exit
I/MultiDex(25332): load found 3 secondary dex files
D/        (25235): Data read from UNICODE file
D/        (25235): bUseUnicodeDeviceFriendlyName=(1)
D/        (25235): bUseUnicodeDeviceFriendlyName=(1)
D/        (25235): DRM MGR initialisation.
D/dalvikvm(25260): Note: class Landroid/app/ActivityManagerNative; has 153 unimplemented (abstract) methods
E/        (25235): read fragmentNum chmod errer -1 
I/MultiDex(25332): install done
I/ActivityThread(25332): Pub com.google.android.location.reporting: com.google.android.location.reporting.service.ReportingContentProvider
E/        (25235): read fragmentNum chmod errer -1 
E/        (25235): read fragmentNum chmod errer -1 
D/        (25235): After DRM MGR initialisation.
D/        (25235): DRM_MGR_GetSecureClock Entry1 
E/        (25235): read fragmentNum chmod errer -1 
D/        (25235): DRM_MGR_GetSecureClock Exit1
D/        (25235): DRM_MGR_GetSecureClock Entry2
E/        (25235): read fragmentNum chmod errer -1 
D/        (25235): DRM_MGR_GetSecureClock Exit1
D/        (25235): Set SecureClock : SecureClock Set SUCCESS!
D/        (25235): Error Code returned 0x0.
D/        (25235): Inside  setDevicePropDeviceCertificate
D/        (25235): setDevicePropDeviceCertificate: bset device cert 0
D/        (25235):  Successfull in getting device prop from global struct
D/        (25235):  Checking memory for the DRM manager contextt
D/        (25235):  After zero mem function
D/        (25235):  No multi HDS support
E/        (25235): read fragmentNum chmod errer -1 
E/        (25235): read fragmentNum chmod errer -1 
E/        (25235): read fragmentNum chmod errer -1 
D/        (25235): Memory buffer is proper. 0x8007007a
D/        (25235): Memory allocation successful. 
D/        (25235): Before Memset operation 
D/        (25235): Get the devcert 
D/        (25235): Set DeviceCertificate : SUCCESS!
D/        (25235): Error returned  0x0!
D/        (25235): Inside  setDevicePropDeviceRevocationInfo
D/        (25235):  Successfull in getting device prop from global struct
D/        (25235):  Checking memory for the DRM manager contextt
D/        (25235):  After zero mem function
D/        (25235):  No multi HDS support
E/        (25235): read fragmentNum chmod errer -1 
E/        (25235): read fragmentNum chmod errer -1 
E/        (25235): read fragmentNum chmod errer -1 
E/        (25235): read fragmentNum chmod errer -1 
D/        (25235): DRM_SUCCESS
D/        (25235): Error returned  0x0!
D/        (25235): Inside  setDevicePropDeviceBinaryCertificate
D/        (25235):  Successfull in getting device prop from global struct
D/        (25235):  Checking memory for the DRM manager contextt
D/        (25235):  After zero mem function
D/        (25235):  No multi HDS support
E/        (25235): read fragmentNum chmod errer -1 
I/ActivityThread(25332): Pub com.google.android.location.internal: com.google.android.location.internal.LocationContentProvider
E/        (25235): read fragmentNum chmod errer -1 
E/        (25235): read fragmentNum chmod errer -1 
D/        (25235): Shailesh::Dumping value of cbDevCert2060 
D/        (25235): Memory buffer is proper. 0x8007007a
D/        (25235): Memory allocation successful. 
D/        (25235): Before Memset operation 
D/        (25235): Get the binary devcert 
D/        (25235): Error returned  0x0!
D/        (25235): Inside  setDevicePropDeviceRevocationInfoV2
D/        (25235):  Successfull in getting device prop from global struct
D/        (25235):  Checking memory for the DRM manager contextt
D/AndroidRuntime(25260): Calling main entry com.android.commands.pm.Pm
E/        (25235): read fragmentNum chmod errer -1 
I/ActivityThread(25332): Pub com.google.android.gms.fitness: com.google.android.gms.fitness.sync.FitnessContentProvider
E/        (25235): read fragmentNum chmod errer -1 
E/        (25235): read fragmentNum chmod errer -1 
E/        (25235): read fragmentNum chmod errer -1 
D/        (25235): Value of cbRevInfo:0
D/        (25235): Value of dwVersion0
D/        (25235): DRM_SUCCESS
D/        (25235): Error returned  0x0!
D/        (25235): bUseUnicodeDeviceFriendlyName=(1)
D/        (25235): bUseUnicodeDeviceFriendlyName=(1)
D/        (25235): bUseUnicodeDeviceFriendlyName=(1)
D/        (25235): bUseUnicodeDeviceFriendlyName=(1)
D/        (25235): bUseUnicodeDeviceFriendlyName=(1)
D/        (25235): bUseUnicodeDeviceFriendlyName=(1)
D/        (25235): bUseUnicodeDeviceFriendlyName=(1)
D/        (25235): bUseUnicodeDeviceFriendlyName=(1)
D/        (25235): bUseUnicodeDeviceFriendlyName=(1)
D/        (25235): bUseUnicodeDeviceFriendlyName=(1)
D/        (25235): bUseUnicodeDeviceFriendlyName=(1)
D/        (25235): bUseUnicodeDeviceFriendlyName=(1)
D/        (25235): bUseUnicodeDeviceFriendlyName=(1)
D/        (25235): bUseUnicodeDeviceFriendlyName=(1)
D/        (25235): bUseUnicodeDeviceFriendlyName=(1)
D/        (25235): bUseUnicodeDeviceFriendlyName=(1)
D/        (25235): bUseUnicodeDeviceFriendlyName=(1)
D/        (25235): bUseUnicodeDeviceFriendlyName=(1)
D/        (25235): bUseUnicodeDeviceFriendlyName=(1)
D/        (25235): bUseUnicodeDeviceFriendlyName=(1)
D/        (25235): bUseUnicodeDeviceFriendlyName=(1)
D/        (25235): bUseUnicodeDeviceFriendlyName=(1)
D/        (25235): bUseUnicodeDeviceFriendlyName=(1)
D/        (25235): bUseUnicodeDeviceFriendlyName=(1)
D/        (25235): bUseUnicodeDeviceFriendlyName=(1)
D/        (25235): bUseUnicodeDeviceFriendlyName=(1)
D/        (25235): --------------initializing the internal store---------- 
D/        (25235): inside mtp_init_mtp_store
D/        (25235): 65537 /storage/sdcard0 1769096805 
D/        (25235): bUseUnicodeDeviceFriendlyName=(1)
D/        (25235): bUseUnicodeDeviceFriendlyName=(1)
D/        (25235): [storePath : /storage/sdcard0]
D/        (25235): mtp_init_storage_info_run_time : maxcapacity[11853381632] freespace in bytes [6933434368]
D/        (25235): inside get_feature_xml function
D/        (25235): get_feature_xml : It'sPhone!
D/        (25235): bUseUnicodeDeviceFriendlyName=(1)
D/        (25235): bUseUnicodeDeviceFriendlyName=(1)
D/        (25235): inside mtp_enumerate_objects_mtp_store
D/        (25235): ---------------- enumerateObjectMtpStore : called nested[1] ----------------
D/        (25235):  [FolderName : /storage/sdcard0] [Parent : 0] INTERNAL[TRUE]
D/        (25235): inside mtp_ifind_first
D/        (25235): directory /storage/sdcard0
D/        (25235): type is DIR
D/        (25235): filename :.
D/        (25235): filename :..
D/        (25235): filename :Samsung
D/        (25235): inside mtp_init_mtp_object_params
D/        (25235): bUseUnicodeDeviceFriendlyName=(1)
D/        (25235): bUseUnicodeDeviceFriendlyName=(1)
D/        (25235): bUseUnicodeDeviceFriendlyName=(1)
D/        (25235): bUseUnicodeDeviceFriendlyName=(1)
D/        (25235): inside mtp_init_object_info_params
D/        (25235): bUseUnicodeDeviceFriendlyName=(1)
D/        (25235): bUseUnicodeDeviceFriendlyName=(1)
D/        (25235): bUseUnicodeDeviceFriendlyName=(1)
D/        (25235): bUseUnicodeDeviceFriendlyName=(1)
D/        (25235): bUseUnicodeDeviceFriendlyName=(1)
D/        (25235): inside initTime2PtpString:172 time array is 22 
D/        (25235): [initTime2PtpString:178] 	 wYear=2014 	 wMonth=7 	 wDay=31 	 wHour=7 	 wMinute=43 	 wSecond=3 
D/        (25235): initTime2PtpString:187 lpTime != NULL 
D/        (25235): initTime2PtpString:202 b4 calling mtp_utf8_to_utf16 fn
D/        (25235): initTime2PtpString:207 setting NumChars=17 and StringChars[16] to end
D/        (25235): inside initTime2PtpString:212 
D/        (25235): inside mtp_update_property_values_mtp_object
D/        (25235): inside mtp_add_object_mtp_store
D/        (25235): object info.Object Handle:1
D/        (25235): object info.StorageID:65537
D/        (25235): filename :Music
D/        (25235): inside mtp_init_mtp_object_params
D/        (25235): bUseUnicodeDeviceFriendlyName=(1)
D/        (25235): bUseUnicodeDeviceFriendlyName=(1)
D/        (25235): bUseUnicodeDeviceFriendlyName=(1)
D/        (25235): bUseUnicodeDeviceFriendlyName=(1)
D/        (25235): inside mtp_init_object_info_params
D/        (25235): bUseUnicodeDeviceFriendlyName=(1)
D/        (25235): bUseUnicodeDeviceFriendlyName=(1)
D/        (25235): bUseUnicodeDeviceFriendlyName=(1)
D/        (25235): bUseUnicodeDeviceFriendlyName=(1)
D/        (25235): bUseUnicodeDeviceFriendlyName=(1)
D/        (25235): inside initTime2PtpString:172 time array is 22 
D/        (25235): [initTime2PtpString:178] 	 wYear=2014 	 wMonth=7 	 wDay=31 	 wHour=7 	 wMinute=44 	 wSecond=22 
D/        (25235): initTime2PtpString:187 lpTime != NULL 
D/        (25235): initTime2PtpString:202 b4 calling mtp_utf8_to_utf16 fn
D/        (25235): initTime2PtpString:207 setting NumChars=17 and StringChars[16] to end
D/        (25235): inside initTime2PtpString:212 
D/        (25235): inside mtp_update_property_values_mtp_object
D/        (25235): inside mtp_add_object_mtp_store
D/        (25235): object info.Object Handle:2
D/        (25235): object info.StorageID:65537
D/        (25235): filename :Podcasts
D/        (25235): inside mtp_init_mtp_object_params
D/        (25235): bUseUnicodeDeviceFriendlyName=(1)
D/        (25235): bUseUnicodeDeviceFriendlyName=(1)
D/        (25235): bUseUnicodeDeviceFriendlyName=(1)
D/        (25235): bUseUnicodeDeviceFriendlyName=(1)
D/        (25235): inside mtp_init_object_info_params
D/        (25235): bUseUnicodeDeviceFriendlyName=(1)
D/        (25235): bUseUnicodeDeviceFriendlyName=(1)
D/        (25235): bUseUnicodeDeviceFriendlyName=(1)
D/        (25235): bUseUnicodeDeviceFriendlyName=(1)
D/        (25235): bUseUnicodeDeviceFriendlyName=(1)
D/        (25235): inside initTime2PtpString:172 time array is 22 
D/        (25235): [initTime2PtpString:178] 	 wYear=2014 	 wMonth=7 	 wDay=31 	 wHour=7 	 wMinute=44 	 wSecond=22 
D/        (25235): initTime2PtpString:187 lpTime != NULL 
D/        (25235): initTime2PtpString:202 b4 calling mtp_utf8_to_utf16 fn
D/        (25235): initTime2PtpString:207 setting NumChars=17 and StringChars[16] to end
D/        (25235): inside initTime2PtpString:212 
D/        (25235): inside mtp_update_property_values_mtp_object
D/        (25235): inside mtp_add_object_mtp_store
D/        (25235): object info.Object Handle:3
D/        (25235): object info.StorageID:65537
D/        (25235): filename :Ringtones
D/        (25235): inside mtp_init_mtp_object_params
D/        (25235): bUseUnicodeDeviceFriendlyName=(1)
D/        (25235): bUseUnicodeDeviceFriendlyName=(1)
D/        (25235): bUseUnicodeDeviceFriendlyName=(1)
D/        (25235): bUseUnicodeDeviceFriendlyName=(1)
D/        (25235): inside mtp_init_object_info_params
D/        (25235): bUseUnicodeDeviceFriendlyName=(1)
D/        (25235): bUseUnicodeDeviceFriendlyName=(1)
D/        (25235): bUseUnicodeDeviceFriendlyName=(1)
D/        (25235): bUseUnicodeDeviceFriendlyName=(1)
D/        (25235): bUseUnicodeDeviceFriendlyName=(1)
D/        (25235): inside initTime2PtpString:172 time array is 22 
D/        (25235): [initTime2PtpString:178] 	 wYear=2014 	 wMonth=7 	 wDay=31 	 wHour=7 	 wMinute=44 	 wSecond=22 
D/        (25235): initTime2PtpString:187 lpTime != NULL 
D/        (25235): initTime2PtpString:202 b4 calling mtp_utf8_to_utf16 fn
D/        (25235): initTime2PtpString:207 setting NumChars=17 and StringChars[16] to end
D/        (25235): inside initTime2PtpString:212 
D/        (25235): inside mtp_update_property_values_mtp_object
D/        (25235): inside mtp_add_object_mtp_store
D/        (25235): object info.Object Handle:4
D/        (25235): object info.StorageID:65537
D/        (25235): filename :Alarms
D/        (25235): inside mtp_init_mtp_object_params
D/        (25235): bUseUnicodeDeviceFriendlyName=(1)
D/        (25235): bUseUnicodeDeviceFriendlyName=(1)
D/        (25235): bUseUnicodeDeviceFriendlyName=(1)
D/        (25235): bUseUnicodeDeviceFriendlyName=(1)
D/        (25235): inside mtp_init_object_info_params
D/        (25235): bUseUnicodeDeviceFriendlyName=(1)
D/        (25235): bUseUnicodeDeviceFriendlyName=(1)
D/        (25235): bUseUnicodeDeviceFriendlyName=(1)
D/        (25235): bUseUnicodeDeviceFriendlyName=(1)
D/        (25235): bUseUnicodeDeviceFriendlyName=(1)
D/        (25235): inside initTime2PtpString:172 time array is 22 
D/        (25235): [initTime2PtpString:178] 	 wYear=2014 	 wMonth=7 	 wDay=31 	 wHour=7 	 wMinute=44 	 wSecond=22 
D/        (25235): initTime2PtpString:187 lpTime != NULL 
D/        (25235): initTime2PtpString:202 b4 calling mtp_utf8_to_utf16 fn
D/        (25235): initTime2PtpString:207 setting NumChars=17 and StringChars[16] to end
D/        (25235): inside initTime2PtpString:212 
D/        (25235): inside mtp_update_property_values_mtp_object
D/        (25235): inside mtp_add_object_mtp_store
D/        (25235): object info.Object Handle:5
D/        (25235): object info.StorageID:65537
D/        (25235): filename :Notifications
D/        (25235): inside mtp_init_mtp_object_params
D/        (25235): bUseUnicodeDeviceFriendlyName=(1)
D/        (25235): bUseUnicodeDeviceFriendlyName=(1)
D/        (25235): bUseUnicodeDeviceFriendlyName=(1)
D/        (25235): bUseUnicodeDeviceFriendlyName=(1)
D/        (25235): inside mtp_init_object_info_params
D/        (25235): bUseUnicodeDeviceFriendlyName=(1)
D/        (25235): bUseUnicodeDeviceFriendlyName=(1)
D/        (25235): bUseUnicodeDeviceFriendlyName=(1)
D/        (25235): bUseUnicodeDeviceFriendlyName=(1)
D/        (25235): bUseUnicodeDeviceFriendlyName=(1)
D/        (25235): inside initTime2PtpString:172 time array is 22 
D/        (25235): [initTime2PtpString:178] 	 wYear=2014 	 wMonth=7 	 wDay=31 	 wHour=7 	 wMinute=44 	 wSecond=35 
D/        (25235): initTime2PtpString:187 lpTime != NULL 
D/        (25235): initTime2PtpString:202 b4 calling mtp_utf8_to_utf16 fn
D/        (25235): initTime2PtpString:207 setting NumChars=17 and StringChars[16] to end
D/        (25235): inside initTime2PtpString:212 
D/        (25235): inside mtp_update_property_values_mtp_object
D/        (25235): inside mtp_add_object_mtp_store
D/        (25235): object info.Object Handle:6
D/        (25235): object info.StorageID:65537
D/        (25235): filename :Pictures
D/        (25235): inside mtp_init_mtp_object_params
D/        (25235): bUseUnicodeDeviceFriendlyName=(1)
D/        (25235): bUseUnicodeDeviceFriendlyName=(1)
D/        (25235): bUseUnicodeDeviceFriendlyName=(1)
D/        (25235): bUseUnicodeDeviceFriendlyName=(1)
D/        (25235): inside mtp_init_object_info_params
D/        (25235): bUseUnicodeDeviceFriendlyName=(1)
D/        (25235): bUseUnicodeDeviceFriendlyName=(1)
D/        (25235): bUseUnicodeDeviceFriendlyName=(1)
D/        (25235): bUseUnicodeDeviceFriendlyName=(1)
D/        (25235): bUseUnicodeDeviceFriendlyName=(1)
D/        (25235): inside initTime2PtpString:172 time array is 22 
D/        (25235): [initTime2PtpString:178] 	 wYear=2014 	 wMonth=10 	 wDay=13 	 wHour=12 	 wMinute=11 	 wSecond=46 
D/        (25235): initTime2PtpString:187 lpTime != NULL 
D/        (25235): initTime2PtpString:202 b4 calling mtp_utf8_to_utf16 fn
D/        (25235): initTime2PtpString:207 setting NumChars=17 and StringChars[16] to end
D/        (25235): inside initTime2PtpString:212 
D/        (25235): inside mtp_update_property_values_mtp_object
D/        (25235): inside mtp_add_object_mtp_store
D/        (25235): object info.Object Handle:7
D/        (25235): object info.StorageID:65537
D/        (25235): filename :Movies
D/        (25235): inside mtp_init_mtp_object_params
D/        (25235): bUseUnicodeDeviceFriendlyName=(1)
D/        (25235): bUseUnicodeDeviceFriendlyName=(1)
D/        (25235): bUseUnicodeDeviceFriendlyName=(1)
D/        (25235): bUseUnicodeDeviceFriendlyName=(1)
D/        (25235): inside mtp_init_object_info_params
D/        (25235): bUseUnicodeDeviceFriendlyName=(1)
D/        (25235): bUseUnicodeDeviceFriendlyName=(1)
D/        (25235): bUseUnicodeDeviceFriendlyName=(1)
D/        (25235): bUseUnicodeDeviceFriendlyName=(1)
D/        (25235): bUseUnicodeDeviceFriendlyName=(1)
D/        (25235): inside initTime2PtpString:172 time array is 22 
D/        (25235): [initTime2PtpString:178] 	 wYear=2014 	 wMonth=7 	 wDay=31 	 wHour=7 	 wMinute=44 	 wSecond=22 
D/        (25235): initTime2PtpString:187 lpTime != NULL 
D/        (25235): initTime2PtpString:202 b4 calling mtp_utf8_to_utf16 fn
D/        (25235): initTime2PtpString:207 setting NumChars=17 and StringChars[16] to end
D/        (25235): inside initTime2PtpString:212 
D/        (25235): inside mtp_update_property_values_mtp_object
D/        (25235): inside mtp_add_object_mtp_store
D/        (25235): object info.Object Handle:8
D/        (25235): object info.StorageID:65537
D/        (25235): filename :Download
D/        (25235): inside mtp_init_mtp_object_params
D/        (25235): bUseUnicodeDeviceFriendlyName=(1)
D/        (25235): bUseUnicodeDeviceFriendlyName=(1)
D/        (25235): bUseUnicodeDeviceFriendlyName=(1)
D/        (25235): bUseUnicodeDeviceFriendlyName=(1)
D/        (25235): inside mtp_init_object_info_params
D/        (25235): bUseUnicodeDeviceFriendlyName=(1)
D/        (25235): bUseUnicodeDeviceFriendlyName=(1)
D/        (25235): bUseUnicodeDeviceFriendlyName=(1)
D/        (25235): bUseUnicodeDeviceFriendlyName=(1)
D/        (25235): bUseUnicodeDeviceFriendlyName=(1)
D/        (25235): inside initTime2PtpString:172 time array is 22 
D/        (25235): [initTime2PtpString:178] 	 wYear=2015 	 wMonth=5 	 wDay=18 	 wHour=22 	 wMinute=24 	 wSecond=45 
D/        (25235): initTime2PtpString:187 lpTime != NULL 
D/        (25235): initTime2PtpString:202 b4 calling mtp_utf8_to_utf16 fn
D/        (25235): initTime2PtpString:207 setting NumChars=17 and StringChars[16] to end
D/        (25235): inside initTime2PtpString:212 
D/        (25235): inside mtp_update_property_values_mtp_object
D/        (25235): inside mtp_add_object_mtp_store
D/        (25235): object info.Object Handle:9
D/        (25235): object info.StorageID:65537
D/        (25235): filename :DCIM
D/        (25235): inside mtp_init_mtp_object_params
D/        (25235): bUseUnicodeDeviceFriendlyName=(1)
D/        (25235): bUseUnicodeDeviceFriendlyName=(1)
D/        (25235): bUseUnicodeDeviceFriendlyName=(1)
D/        (25235): bUseUnicodeDeviceFriendlyName=(1)
D/        (25235): inside mtp_init_object_info_params
D/        (25235): bUseUnicodeDeviceFriendlyName=(1)
D/        (25235): bUseUnicodeDeviceFriendlyName=(1)
D/        (25235): bUseUnicodeDeviceFriendlyName=(1)
D/        (25235): bUseUnicodeDeviceFriendlyName=(1)
D/        (25235): bUseUnicodeDeviceFriendlyName=(1)
D/        (25235): inside initTime2PtpString:172 time array is 22 
D/        (25235): [initTime2PtpString:178] 	 wYear=2015 	 wMonth=5 	 wDay=25 	 wHour=8 	 wMinute=32 	 wSecond=23 
D/        (25235): initTime2PtpString:187 lpTime != NULL 
D/        (25235): initTime2PtpString:202 b4 calling mtp_utf8_to_utf16 fn
D/        (25235): initTime2PtpString:207 setting NumChars=17 and StringChars[16] to end
D/        (25235): inside initTime2PtpString:212 
D/        (25235): inside mtp_update_property_values_mtp_object
D/        (25235): inside mtp_add_object_mtp_store
D/        (25235): object info.Object Handle:10
D/        (25235): object info.StorageID:65537
D/        (25235): filename :.face
D/        (25235): filename :Android
D/        (25235): inside mtp_init_mtp_object_params
D/        (25235): bUseUnicodeDeviceFriendlyName=(1)
D/        (25235): bUseUnicodeDeviceFriendlyName=(1)
D/        (25235): bUseUnicodeDeviceFriendlyName=(1)
D/        (25235): bUseUnicodeDeviceFriendlyName=(1)
D/        (25235): inside mtp_init_object_info_params
D/        (25235): bUseUnicodeDeviceFriendlyName=(1)
D/        (25235): bUseUnicodeDeviceFriendlyName=(1)
D/        (25235): bUseUnicodeDeviceFriendlyName=(1)
D/        (25235): bUseUnicodeDeviceFriendlyName=(1)
D/        (25235): bUseUnicodeDeviceFriendlyName=(1)
D/        (25235): inside initTime2PtpString:172 time array is 22 
D/        (25235): [initTime2PtpString:178] 	 wYear=2014 	 wMonth=11 	 wDay=10 	 wHour=19 	 wMinute=56 	 wSecond=36 
D/        (25235): initTime2PtpString:187 lpTime != NULL 
D/        (25235): initTime2PtpString:202 b4 calling mtp_utf8_to_utf16 fn
D/        (25235): initTime2PtpString:207 setting NumChars=17 and StringChars[16] to end
D/        (25235): inside initTime2PtpString:212 
D/        (25235): inside mtp_update_property_values_mtp_object
D/        (25235): inside mtp_add_object_mtp_store
D/        (25235): object info.Object Handle:11
D/        (25235): object info.StorageID:65537
D/        (25235): filename :Application
D/        (25235): inside mtp_init_mtp_object_params
D/        (25235): bUseUnicodeDeviceFriendlyName=(1)
D/        (25235): bUseUnicodeDeviceFriendlyName=(1)
D/        (25235): bUseUnicodeDeviceFriendlyName=(1)
D/        (25235): bUseUnicodeDeviceFriendlyName=(1)
D/        (25235): inside mtp_init_object_info_params
D/        (25235): bUseUnicodeDeviceFriendlyName=(1)
D/        (25235): bUseUnicodeDeviceFriendlyName=(1)
D/        (25235): bUseUnicodeDeviceFriendlyName=(1)
D/        (25235): bUseUnicodeDeviceFriendlyName=(1)
D/        (25235): bUseUnicodeDeviceFriendlyName=(1)
D/        (25235): inside initTime2PtpString:172 time array is 22 
D/        (25235): [initTime2PtpString:178] 	 wYear=2014 	 wMonth=7 	 wDay=31 	 wHour=7 	 wMinute=44 	 wSecond=37 
D/        (25235): initTime2PtpString:187 lpTime != NULL 
D/        (25235): initTime2PtpString:202 b4 calling mtp_utf8_to_utf16 fn
D/        (25235): initTime2PtpString:207 setting NumChars=17 and StringChars[16] to end
D/        (25235): inside initTime2PtpString:212 
D/        (25235): inside mtp_update_property_values_mtp_object
D/        (25235): inside mtp_add_object_mtp_store
D/        (25235): object info.Object Handle:12
D/        (25235): object info.StorageID:65537
D/        (25235): filename :.hahapicture
D/        (25235): filename :easytouch
D/        (25235): inside mtp_init_mtp_object_params
D/        (25235): bUseUnicodeDeviceFriendlyName=(1)
D/        (25235): bUseUnicodeDeviceFriendlyName=(1)
D/        (25235): bUseUnicodeDeviceFriendlyName=(1)
D/        (25235): bUseUnicodeDeviceFriendlyName=(1)
D/        (25235): inside mtp_init_object_info_params
D/        (25235): bUseUnicodeDeviceFriendlyName=(1)
D/        (25235): bUseUnicodeDeviceFriendlyName=(1)
D/        (25235): bUseUnicodeDeviceFriendlyName=(1)
D/        (25235): bUseUnicodeDeviceFriendlyName=(1)
D/        (25235): bUseUnicodeDeviceFriendlyName=(1)
D/        (25235): inside initTime2PtpString:172 time array is 22 
D/        (25235): [initTime2PtpString:178] 	 wYear=2014 	 wMonth=9 	 wDay=16 	 wHour=15 	 wMinute=35 	 wSecond=27 
D/        (25235): initTime2PtpString:187 lpTime != NULL 
D/        (25235): initTime2PtpString:202 b4 calling mtp_utf8_to_utf16 fn
D/        (25235): initTime2PtpString:207 setting NumChars=17 and StringChars[16] to end
D/        (25235): inside initTime2PtpString:212 
D/        (25235): inside mtp_update_property_values_mtp_object
D/        (25235): inside mtp_add_object_mtp_store
D/        (25235): object info.Object Handle:13
D/        (25235): object info.StorageID:65537
D/        (25235): filename :.downloadTemp
D/        (25235): filename :air
D/        (25235): inside mtp_init_mtp_object_params
D/        (25235): bUseUnicodeDeviceFriendlyName=(1)
D/        (25235): bUseUnicodeDeviceFriendlyName=(1)
D/        (25235): bUseUnicodeDeviceFriendlyName=(1)
D/        (25235): bUseUnicodeDeviceFriendlyName=(1)
D/        (25235): inside mtp_init_object_info_params
D/        (25235): bUseUnicodeDeviceFriendlyName=(1)
D/        (25235): bUseUnicodeDeviceFriendlyName=(1)
D/        (25235): bUseUnicodeDeviceFriendlyName=(1)
D/        (25235): bUseUnicodeDeviceFriendlyName=(1)
D/        (25235): bUseUnicodeDeviceFriendlyName=(1)
D/        (25235): inside initTime2PtpString:172 time array is 22 
D/        (25235): [initTime2PtpString:178] 	 wYear=2015 	 wMonth=5 	 wDay=5 	 wHour=10 	 wMinute=49 	 wSecond=12 
D/        (25235): initTime2PtpString:187 lpTime != NULL 
D/        (25235): initTime2PtpString:202 b4 calling mtp_utf8_to_utf16 fn
D/        (25235): initTime2PtpString:207 setting NumChars=17 and StringChars[16] to end
D/        (25235): inside initTime2PtpString:212 
D/        (25235): inside mtp_update_property_values_mtp_object
D/        (25235): inside mtp_add_object_mtp_store
D/        (25235): object info.Object Handle:14
D/        (25235): object info.StorageID:65537
D/        (25235): filename :.mmsyscache
D/        (25235): filename :.thumbnails
D/        (25235): filename :wdh_update
D/        (25235): inside mtp_init_mtp_object_params
D/        (25235): bUseUnicodeDeviceFriendlyName=(1)
D/        (25235): bUseUnicodeDeviceFriendlyName=(1)
D/        (25235): bUseUnicodeDeviceFriendlyName=(1)
D/        (25235): bUseUnicodeDeviceFriendlyName=(1)
D/        (25235): inside mtp_init_object_info_params
D/        (25235): bUseUnicodeDeviceFriendlyName=(1)
D/        (25235): bUseUnicodeDeviceFriendlyName=(1)
D/        (25235): bUseUnicodeDeviceFriendlyName=(1)
D/        (25235): bUseUnicodeDeviceFriendlyName=(1)
D/        (25235): bUseUnicodeDeviceFriendlyName=(1)
D/        (25235): inside initTime2PtpString:172 time array is 22 
D/        (25235): [initTime2PtpString:178] 	 wYear=2014 	 wMonth=8 	 wDay=3 	 wHour=19 	 wMinute=34 	 wSecond=41 
D/        (25235): initTime2PtpString:187 lpTime != NULL 
D/        (25235): initTime2PtpString:202 b4 calling mtp_utf8_to_utf16 fn
D/        (25235): initTime2PtpString:207 setting NumChars=17 and StringChars[16] to end
D/        (25235): inside initTime2PtpString:212 
D/        (25235): inside mtp_update_property_values_mtp_object
D/        (25235): inside mtp_add_object_mtp_store
D/        (25235): object info.Object Handle:15
D/        (25235): object info.StorageID:65537
D/        (25235): filename :tencent
D/        (25235): inside mtp_init_mtp_object_params
D/        (25235): bUseUnicodeDeviceFriendlyName=(1)
D/        (25235): bUseUnicodeDeviceFriendlyName=(1)
D/        (25235): bUseUnicodeDeviceFriendlyName=(1)
D/        (25235): bUseUnicodeDeviceFriendlyName=(1)
D/        (25235): inside mtp_init_object_info_params
D/        (25235): bUseUnicodeDeviceFriendlyName=(1)
D/        (25235): bUseUnicodeDeviceFriendlyName=(1)
D/        (25235): bUseUnicodeDeviceFriendlyName=(1)
D/        (25235): bUseUnicodeDeviceFriendlyName=(1)
D/        (25235): bUseUnicodeDeviceFriendlyName=(1)
D/        (25235): inside initTime2PtpString:172 time array is 22 
D/        (25235): [initTime2PtpString:178] 	 wYear=2014 	 wMonth=9 	 wDay=25 	 wHour=14 	 wMinute=9 	 wSecond=43 
D/        (25235): initTime2PtpString:187 lpTime != NULL 
D/        (25235): initTime2PtpString:202 b4 calling mtp_utf8_to_utf16 fn
D/        (25235): initTime2PtpString:207 setting NumChars=17 and StringChars[16] to end
D/        (25235): inside initTime2PtpString:212 
D/        (25235): inside mtp_update_property_values_mtp_object
D/        (25235): inside mtp_add_object_mtp_store
D/        (25235): object info.Object Handle:16
D/        (25235): object info.StorageID:65537
D/        (25235): filename :GOSMS
D/        (25235): inside mtp_init_mtp_object_params
D/        (25235): bUseUnicodeDeviceFriendlyName=(1)
D/        (25235): bUseUnicodeDeviceFriendlyName=(1)
D/        (25235): bUseUnicodeDeviceFriendlyName=(1)
D/        (25235): bUseUnicodeDeviceFriendlyName=(1)
D/        (25235): inside mtp_init_object_info_params
D/        (25235): bUseUnicodeDeviceFriendlyName=(1)
D/        (25235): bUseUnicodeDeviceFriendlyName=(1)
D/        (25235): bUseUnicodeDeviceFriendlyName=(1)
D/        (25235): bUseUnicodeDeviceFriendlyName=(1)
D/        (25235): bUseUnicodeDeviceFriendlyName=(1)
D/        (25235): inside initTime2PtpString:172 time array is 22 
