adb server is out of date.  killing...
* daemon started successfully *
--------- beginning of /dev/log/system
I/LocationManagerService( 2260): request passive (pid 24481) 0 0
I/ActivityManager( 2260): Process com.sec.factory (pid 24647) (adj 0) has died.
W/PowerManagerService( 2260): Timer 0x3->0x3|0x1
W/AlarmManager( 2260): FACTORY_ON= 0
W/AlarmManager( 2260): FACTORY_ON= 0
W/BroadcastQueue( 2260): Failure [background] sending broadcast result of Intent { act=com.google.android.velvet.location.ACTIVITY_DETECTION flg=0x10 (has extras) }
W/BroadcastQueue( 2260): android.os.DeadObjectException
W/BroadcastQueue( 2260): 	at android.os.BinderProxy.transact(Native Method)
W/BroadcastQueue( 2260): 	at android.content.IIntentReceiver$Stub$Proxy.performReceive(IIntentReceiver.java:121)
W/BroadcastQueue( 2260): 	at com.android.server.am.BroadcastQueue.performReceiveLocked(BroadcastQueue.java:366)
W/BroadcastQueue( 2260): 	at com.android.server.am.BroadcastQueue.processNextBroadcast(BroadcastQueue.java:578)
W/BroadcastQueue( 2260): 	at com.android.server.am.ActivityManagerService.finishReceiver(ActivityManagerService.java:14005)
W/BroadcastQueue( 2260): 	at android.app.ActivityManagerNative.onTransact(ActivityManagerNative.java:364)
W/BroadcastQueue( 2260): 	at com.android.server.am.ActivityManagerService.onTransact(ActivityManagerService.java:1735)
W/BroadcastQueue( 2260): 	at android.os.Binder.execTransact(Binder.java:367)
W/BroadcastQueue( 2260): 	at dalvik.system.NativeStart.run(Native Method)
W/AlarmManager( 2260): FACTORY_ON= 0
I/ActivityManager( 2260): Process com.google.android.partnersetup (pid 24713) (adj 9) has died.
I/ActivityManager( 2260): Process com.google.android.googlequicksearchbox:search (pid 24662) (adj 9) has died.
W/AlarmManager( 2260): FACTORY_ON= 0
W/AlarmManager( 2260): FACTORY_ON= 0
D/STATUSBAR-NetworkController( 2616): refreshSignalCluster: data=-1 bt=false
D/STATUSBAR-SignalClusterView( 2616): mSeparateMobileGroup=8
D/STATUSBAR-SignalClusterView( 2616): mSeparateMobileGroup=8
D/STATUSBAR-SignalClusterView( 2616): mSeparateMobileGroup=8
W/AlarmManager( 2260): FACTORY_ON= 0
W/AlarmManager( 2260): FACTORY_ON= 0
W/AlarmManager( 2260): FACTORY_ON= 0
W/AlarmManager( 2260): FACTORY_ON= 0
D/WifiService( 2260): startScan: false pid=24481, uid=10018
W/AlarmManager( 2260): FACTORY_ON= 0
D/WifiService( 2260): startScan: false pid=24481, uid=10018
W/AlarmManager( 2260): FACTORY_ON= 0
D/WifiService( 2260): startScan: false pid=24481, uid=10018
W/AlarmManager( 2260): FACTORY_ON= 0
W/BroadcastQueue( 2260): Failure [background] sending broadcast result of Intent { act=com.google.android.velvet.location.GMS_CORE_LOCATION flg=0x10 (has extras) }
W/BroadcastQueue( 2260): android.os.DeadObjectException
W/BroadcastQueue( 2260): 	at android.os.BinderProxy.transact(Native Method)
W/BroadcastQueue( 2260): 	at android.content.IIntentReceiver$Stub$Proxy.performReceive(IIntentReceiver.java:121)
W/BroadcastQueue( 2260): 	at com.android.server.am.BroadcastQueue.performReceiveLocked(BroadcastQueue.java:366)
W/BroadcastQueue( 2260): 	at com.android.server.am.BroadcastQueue.processNextBroadcast(BroadcastQueue.java:578)
W/BroadcastQueue( 2260): 	at com.android.server.am.ActivityManagerService.finishReceiver(ActivityManagerService.java:14005)
W/BroadcastQueue( 2260): 	at android.app.ActivityManagerNative.onTransact(ActivityManagerNative.java:364)
W/BroadcastQueue( 2260): 	at com.android.server.am.ActivityManagerService.onTransact(ActivityManagerService.java:1735)
W/BroadcastQueue( 2260): 	at android.os.Binder.execTransact(Binder.java:367)
W/BroadcastQueue( 2260): 	at dalvik.system.NativeStart.run(Native Method)
W/BroadcastQueue( 2260): Failure [background] sending broadcast result of Intent { act=com.google.android.velvet.location.GMS_CORE_LOCATION flg=0x10 (has extras) }
W/BroadcastQueue( 2260): android.os.DeadObjectException
W/BroadcastQueue( 2260): 	at android.os.BinderProxy.transact(Native Method)
W/BroadcastQueue( 2260): 	at android.content.IIntentReceiver$Stub$Proxy.performReceive(IIntentReceiver.java:121)
W/BroadcastQueue( 2260): 	at com.android.server.am.BroadcastQueue.performReceiveLocked(BroadcastQueue.java:366)
W/BroadcastQueue( 2260): 	at com.android.server.am.BroadcastQueue.processNextBroadcast(BroadcastQueue.java:578)
W/BroadcastQueue( 2260): 	at com.android.server.am.ActivityManagerService.finishReceiver(ActivityManagerService.java:14005)
W/BroadcastQueue( 2260): 	at android.app.ActivityManagerNative.onTransact(ActivityManagerNative.java:364)
W/BroadcastQueue( 2260): 	at com.android.server.am.ActivityManagerService.onTransact(ActivityManagerService.java:1735)
W/BroadcastQueue( 2260): 	at android.os.Binder.execTransact(Binder.java:367)
W/BroadcastQueue( 2260): 	at com.android.server.SystemServer.init1(Native Method)
W/BroadcastQueue( 2260): 	at com.android.server.SystemServer.main(SystemServer.java:2076)
W/BroadcastQueue( 2260): 	at java.lang.reflect.Method.invokeNative(Native Method)
W/BroadcastQueue( 2260): 	at java.lang.reflect.Method.invoke(Method.java:511)
W/BroadcastQueue( 2260): 	at com.android.internal.os.ZygoteInit$MethodAndArgsCaller.run(ZygoteInit.java:1006)
W/BroadcastQueue( 2260): 	at com.android.internal.os.ZygoteInit.main(ZygoteInit.java:773)
W/BroadcastQueue( 2260): 	at dalvik.system.NativeStart.main(Native Method)
W/BroadcastQueue( 2260): Failure [background] sending broadcast result of Intent { act=com.google.android.velvet.location.GMS_CORE_LOCATION flg=0x10 (has extras) }
W/BroadcastQueue( 2260): android.os.DeadObjectException
W/BroadcastQueue( 2260): 	at android.os.BinderProxy.transact(Native Method)
W/BroadcastQueue( 2260): 	at android.content.IIntentReceiver$Stub$Proxy.performReceive(IIntentReceiver.java:121)
W/BroadcastQueue( 2260): 	at com.android.server.am.BroadcastQueue.performReceiveLocked(BroadcastQueue.java:366)
W/BroadcastQueue( 2260): 	at com.android.server.am.BroadcastQueue.processNextBroadcast(BroadcastQueue.java:578)
W/BroadcastQueue( 2260): 	at com.android.server.am.ActivityManagerService.finishReceiver(ActivityManagerService.java:14005)
W/BroadcastQueue( 2260): 	at android.app.ActivityManagerNative.onTransact(ActivityManagerNative.java:364)
W/BroadcastQueue( 2260): 	at com.android.server.am.ActivityManagerService.onTransact(ActivityManagerService.java:1735)
W/BroadcastQueue( 2260): 	at android.os.Binder.execTransact(Binder.java:367)
W/BroadcastQueue( 2260): 	at com.android.server.SystemServer.init1(Native Method)
W/BroadcastQueue( 2260): 	at com.android.server.SystemServer.main(SystemServer.java:2076)
W/BroadcastQueue( 2260): 	at java.lang.reflect.Method.invokeNative(Native Method)
W/BroadcastQueue( 2260): 	at java.lang.reflect.Method.invoke(Method.java:511)
W/BroadcastQueue( 2260): 	at com.android.internal.os.ZygoteInit$MethodAndArgsCaller.run(ZygoteInit.java:1006)
W/BroadcastQueue( 2260): 	at com.android.internal.os.ZygoteInit.main(ZygoteInit.java:773)
W/BroadcastQueue( 2260): 	at dalvik.system.NativeStart.main(Native Method)
W/BroadcastQueue( 2260): Failure [background] sending broadcast result of Intent { act=com.google.android.velvet.location.GMS_CORE_LOCATION flg=0x10 (has extras) }
W/BroadcastQueue( 2260): android.os.DeadObjectException
W/BroadcastQueue( 2260): 	at android.os.BinderProxy.transact(Native Method)
W/BroadcastQueue( 2260): 	at android.content.IIntentReceiver$Stub$Proxy.performReceive(IIntentReceiver.java:121)
W/BroadcastQueue( 2260): 	at com.android.server.am.BroadcastQueue.performReceiveLocked(BroadcastQueue.java:366)
W/BroadcastQueue( 2260): 	at com.android.server.am.BroadcastQueue.processNextBroadcast(BroadcastQueue.java:578)
W/BroadcastQueue( 2260): 	at com.android.server.am.ActivityManagerService.finishReceiver(ActivityManagerService.java:14005)
W/BroadcastQueue( 2260): 	at android.app.ActivityManagerNative.onTransact(ActivityManagerNative.java:364)
W/BroadcastQueue( 2260): 	at com.android.server.am.ActivityManagerService.onTransact(ActivityManagerService.java:1735)
W/BroadcastQueue( 2260): 	at android.os.Binder.execTransact(Binder.java:367)
W/BroadcastQueue( 2260): 	at com.android.server.SystemServer.init1(Native Method)
W/BroadcastQueue( 2260): 	at com.android.server.SystemServer.main(SystemServer.java:2076)
W/BroadcastQueue( 2260): 	at java.lang.reflect.Method.invokeNative(Native Method)
W/BroadcastQueue( 2260): 	at java.lang.reflect.Method.invoke(Method.java:511)
W/BroadcastQueue( 2260): 	at com.android.internal.os.ZygoteInit$MethodAndArgsCaller.run(ZygoteInit.java:1006)
W/BroadcastQueue( 2260): 	at com.android.internal.os.ZygoteInit.main(ZygoteInit.java:773)
W/BroadcastQueue( 2260): 	at dalvik.system.NativeStart.main(Native Method)
W/BroadcastQueue( 2260): Failure [background] sending broadcast result of Intent { act=com.google.android.velvet.location.GMS_CORE_LOCATION flg=0x10 (has extras) }
W/BroadcastQueue( 2260): android.os.DeadObjectException
W/BroadcastQueue( 2260): 	at android.os.BinderProxy.transact(Native Method)
W/BroadcastQueue( 2260): 	at android.content.IIntentReceiver$Stub$Proxy.performReceive(IIntentReceiver.java:121)
W/BroadcastQueue( 2260): 	at com.android.server.am.BroadcastQueue.performReceiveLocked(BroadcastQueue.java:366)
W/BroadcastQueue( 2260): 	at com.android.server.am.BroadcastQueue.processNextBroadcast(BroadcastQueue.java:578)
W/BroadcastQueue( 2260): 	at com.android.server.am.ActivityManagerService.finishReceiver(ActivityManagerService.java:14005)
W/BroadcastQueue( 2260): 	at android.app.ActivityManagerNative.onTransact(ActivityManagerNative.java:364)
W/BroadcastQueue( 2260): 	at com.android.server.am.ActivityManagerService.onTransact(ActivityManagerService.java:1735)
W/BroadcastQueue( 2260): 	at android.os.Binder.execTransact(Binder.java:367)
W/BroadcastQueue( 2260): 	at com.android.server.SystemServer.init1(Native Method)
W/BroadcastQueue( 2260): 	at com.android.server.SystemServer.main(SystemServer.java:2076)
W/BroadcastQueue( 2260): 	at java.lang.reflect.Method.invokeNative(Native Method)
W/BroadcastQueue( 2260): 	at java.lang.reflect.Method.invoke(Method.java:511)
W/BroadcastQueue( 2260): 	at com.android.internal.os.ZygoteInit$MethodAndArgsCaller.run(ZygoteInit.java:1006)
W/BroadcastQueue( 2260): 	at com.android.internal.os.ZygoteInit.main(ZygoteInit.java:773)
W/BroadcastQueue( 2260): 	at dalvik.system.NativeStart.main(Native Method)
I/ActivityManager( 2260): Process com.google.android.partnersetup (pid 24765) (adj 9) has died.
I/ActivityManager( 2260): Process com.google.android.googlequicksearchbox:search (pid 24745) (adj 9) has died.
V/AlarmManager( 2260): waitForAlarm result :8
--------- beginning of /dev/log/main
W/System.err(24782): 	at android.app.ActivityThread.installProvider(ActivityThread.java:4637)
W/System.err(24782): 	at android.app.ActivityThread.installContentProviders(ActivityThread.java:4267)
W/System.err(24782): 	at android.app.ActivityThread.handleBindApplication(ActivityThread.java:4209)
W/System.err(24782): 	at android.app.ActivityThread.access$1300(ActivityThread.java:140)
W/System.err(24782): 	at android.app.ActivityThread$H.handleMessage(ActivityThread.java:1287)
W/System.err(24782): 	at android.os.Handler.dispatchMessage(Handler.java:99)
W/System.err(24782): 	at android.os.Looper.loop(Looper.java:137)
W/System.err(24782): 	at android.app.ActivityThread.main(ActivityThread.java:4898)
W/System.err(24782): 	at java.lang.reflect.Method.invokeNative(Native Method)
W/System.err(24782): 	at java.lang.reflect.Method.invoke(Method.java:511)
W/System.err(24782): 	at com.android.internal.os.ZygoteInit$MethodAndArgsCaller.run(ZygoteInit.java:1006)
W/System.err(24782): 	at com.android.internal.os.ZygoteInit.main(ZygoteInit.java:773)
W/System.err(24782): 	at dalvik.system.NativeStart.main(Native Method)
I/PlugInServiceManager(24782): loadService service className : android.plugin.dsds.PlugInDsdsServiceImpl
I/PlugInServiceManager(24782): loadService service className : android.plugin.dsds.PlugInDsdsService
I/PlugInServiceManager(24782): registerPlugIn index : [0] service : [DSDS]
W/AlarmManager( 2260): FACTORY_ON= 0
I/ActivityThread(24782): Pub go_mms_temp_file: com.jb.google.android.mms.TempFileProvider
I/ActivityThread(24782): Pub com.jb.gosms.staticsdkprovider: com.jb.gosms.StaticDataContentProvider
I/ActivityThread(24782): Pub go-mms-sms: com.jb.gosms.provider.GoMmsSmsProvider
I/ActivityThread(24782): Pub com.jb.gosms.modules.account.provider: com.jb.gosms.account.AccountProvider
I/ActivityThread(24782): Pub go-sms: com.jb.gosms.provider.GoSmsProvider
I/ActivityThread(24782): Pub com.jb.gosms.im;com.jb.gosms.chat: com.jb.gosms.goim.im.database.ImContentProvider
I/ActivityThread(24782): Pub gopreferences: com.jb.gosms.gopreferences.GOSmsSharedPreferencesProvider
I/ActivityThread(24782): Pub gosmsdatapro: com.jb.gosms.background.pro.BgDataProviderPro
I/ActivityThread(24782): Pub gosms.provider.applytheme: com.jb.gosms.themeplay.GOSmsApplyThemeProvider
D/dalvikvm( 2260): GC_EXPLICIT freed 1113K, 31% free 37321K/53703K, paused 8ms+14ms, total 182ms
I/dalvikvm(24808): Could not find method android.app.AlarmManager.setExact, referenced from method com.google.android.search.core.l.c.setExact
W/dalvikvm(24808): VFY: unable to resolve virtual method 293: Landroid/app/AlarmManager;.setExact (IJLandroid/app/PendingIntent;)V
D/dalvikvm(24808): VFY: replacing opcode 0x6e at 0x0008
I/dalvikvm(24808): DexOpt: access denied from Lcom/google/android/gms/common/e; to field Landroid/app/Notification;.extras
W/dalvikvm(24808): VFY: unable to resolve instance field 49
D/dalvikvm(24808): VFY: replacing opcode 0x54 at 0x00b3
I/ActivityThread(24849): Pub com.google.android.partnersetup.rlzprovider: com.google.android.partnersetup.RlzProvider
I/ActivityThread(24849): Pub com.google.android.partnersetup.rlzappprovider: com.google.android.partnersetup.RlzAppProvider
E/dalvikvm(24808): Could not find class 'android.app.AppOpsManager', referenced from method com.google.android.gms.common.e.b
W/dalvikvm(24808): VFY: unable to resolve check-cast 71 (Landroid/app/AppOpsManager;) in Lcom/google/android/gms/common/e;
D/dalvikvm(24808): VFY: replacing opcode 0x1f at 0x000e
I/dalvikvm(24808): Could not find method android.content.pm.PackageManager.getPackageInstaller, referenced from method com.google.android.gms.common.e.p
W/dalvikvm(24808): VFY: unable to resolve virtual method 946: Landroid/content/pm/PackageManager;.getPackageInstaller ()Landroid/content/pm/PackageInstaller;
D/dalvikvm(24808): VFY: replacing opcode 0x6e at 0x000b
D/dalvikvm(24808): GC_CONCURRENT freed 196K, 7% free 13510K/14471K, paused 17ms+10ms, total 45ms
D/dalvikvm(23904): GC_CONCURRENT freed 1202K, 25% free 16654K/22023K, paused 3ms+5ms, total 45ms
I/dalvikvm(24808): Could not find method android.net.wifi.WifiManager.isScanAlwaysAvailable, referenced from method com.google.android.sidekick.main.ap.a
W/dalvikvm(24808): VFY: unable to resolve virtual method 1613: Landroid/net/wifi/WifiManager;.isScanAlwaysAvailable ()Z
D/dalvikvm(24808): VFY: replacing opcode 0x6e at 0x008a
D/dalvikvm(24782): GC_CONCURRENT freed 307K, 8% free 12960K/14023K, paused 2ms+13ms, total 38ms
V/TP/MmsSmsProvider( 2818): query,matched:13
V/TP/MmsSmsProvider( 2818): query,matched:0
V/TP/MmsSmsProvider( 2818): getSimpleConversations entered.
V/TP/MmsSmsProvider( 2818): query,matched:12
D/TP/MmsSmsProvider( 2818): match 13:Elapsed time : 1.699 ms
D/TP/MmsSmsProvider( 2818): match 12:Elapsed time : 2.855 ms
D/TP/MmsSmsProvider( 2818): match 0:Elapsed time : 3.008 ms
D/dalvikvm(24782): Trying to load lib /data/data/com.jb.gosms/lib/libGOSmsHanzi2Pinyin.so 0x424c8d30
D/dalvikvm(24782): Added shared lib /data/data/com.jb.gosms/lib/libGOSmsHanzi2Pinyin.so 0x424c8d30
D/dalvikvm(24782): No JNI_OnLoad found in /data/data/com.jb.gosms/lib/libGOSmsHanzi2Pinyin.so 0x424c8d30, skipping init
I/Hanzi2Pinyin_Native(24782): InitLib in ver=3141000
I/Hanzi2Pinyin_Native(24782): Init in
I/Hanzi2Pinyin_Native(24782): file size=155203 
I/Hanzi2Pinyin_Native(24782): Init out
I/Hanzi2Pinyin_Native(24782): Instance out Init = 21
I/Hanzi2Pinyin_Native(24782): InitLib out
D/dalvikvm(24808): GC_CONCURRENT freed 306K, 8% free 13738K/14791K, paused 12ms+14ms, total 81ms
E/dalvikvm(24808): Could not find class 'android.os.UserManager', referenced from method com.google.android.apps.gsa.extradex.nowwidget.EntryPoint.createWidgetPopulator
W/dalvikvm(24808): VFY: unable to resolve check-cast 21 (Landroid/os/UserManager;) in Lcom/google/android/apps/gsa/extradex/nowwidget/EntryPoint;
D/dalvikvm(24808): VFY: replacing opcode 0x1f at 0x0046
W/dalvikvm(24808): VFY: unable to find class referenced in signature (Landroid/os/UserManager;)
W/AlarmManager( 2260): FACTORY_ON= 0
I/BackgroundMemoryTrimmer(24808): Trimming objects from memory, since app is in the background.
D/dalvikvm(24808): DexOpt: couldn't find static field Lcom/google/android/gms/location/LocationAvailability;.CREATOR
W/dalvikvm(24808): VFY: unable to resolve static field 10695 (CREATOR) in Lcom/google/android/gms/location/LocationAvailability;
D/dalvikvm(24808): VFY: replacing opcode 0x62 at 0x0021
W/TRThreadPoolExecutor(24808): Task "GmsLocationProvider[startBackgroundUpdates]" is a ac. Failures of FutureTask can not be detected and exceptions will not be propagated by the executor
W/TRThreadPoolExecutor(24808): Task "GmsActivityDetection[startActivityDetectionUpdates]" is a ac. Failures of FutureTask can not be detected and exceptions will not be propagated by the executor
I/ActivityThread(24883): Pub com.android.voicemail: com.android.providers.contacts.VoicemailContentProvider
I/dalvikvm(24808): Total arena pages for JIT: 11
I/dalvikvm(24808): Total arena pages for JIT: 12
I/dalvikvm(24808): Total arena pages for JIT: 13
I/dalvikvm(24808): Total arena pages for JIT: 14
I/dalvikvm(24808): Total arena pages for JIT: 15
I/dalvikvm(24808): Total arena pages for JIT: 16
I/dalvikvm(24808): Total arena pages for JIT: 17
D/com.facebook.AppEventsLogger(24782): To set source application the context of activateApp must be an instance of Activity
W/AlarmManager( 2260): FACTORY_ON= 0
W/dalvikvm(24782): VFY: unable to find class referenced in signature (Landroid/support/v4/app/Fragment;)
I/dalvikvm(24808): Total arena pages for JIT: 18
I/ActivityThread(24883): Pub applications: com.android.providers.applications.ApplicationsProvider
D/WifiService( 2260): startScan: false pid=24481, uid=10018
W/AlarmManager( 2260): FACTORY_ON= 0
W/dalvikvm(24782): VFY: unable to find class referenced in signature (Landroid/support/v4/app/Fragment;)
W/dalvikvm(24782): VFY: unable to resolve static field 123 (common_google_play_services_install_title) in Lcom/google/android/gms/R$string;
D/dalvikvm(24782): VFY: replacing opcode 0x60 at 0x0083
W/dalvikvm(24782): VFY: unable to resolve static field 118 (common_google_play_services_enable_title) in Lcom/google/android/gms/R$string;
D/dalvikvm(24782): VFY: replacing opcode 0x60 at 0x008e
W/dalvikvm(24782): VFY: unable to resolve static field 138 (common_google_play_services_update_title) in Lcom/google/android/gms/R$string;
D/dalvikvm(24782): VFY: replacing opcode 0x60 at 0x0099
W/dalvikvm(24782): VFY: unable to resolve static field 135 (common_google_play_services_unsupported_title) in Lcom/google/android/gms/R$string;
D/dalvikvm(24782): VFY: replacing opcode 0x60 at 0x00ab
W/dalvikvm(24782): VFY: unable to resolve static field 128 (common_google_play_services_network_error_title) in Lcom/google/android/gms/R$string;
D/dalvikvm(24782): VFY: replacing opcode 0x60 at 0x00bd
W/dalvikvm(24782): VFY: unable to resolve static field 125 (common_google_play_services_invalid_account_title) in Lcom/google/android/gms/R$string;
D/dalvikvm(24782): VFY: replacing opcode 0x60 at 0x00e7
D/dalvikvm(24782): GC_CONCURRENT freed 322K, 8% free 13144K/14215K, paused 15ms+8ms, total 58ms
W/dalvikvm(24782): VFY: unable to resolve static field 135 (common_google_play_services_unsupported_title) in Lcom/google/android/gms/R$string;
D/dalvikvm(24782): VFY: replacing opcode 0x60 at 0x0106
W/dalvikvm(24782): VFY: unable to find class referenced in signature (Landroid/support/v4/app/Fragment;)
W/AlarmManager( 2260): FACTORY_ON= 0
W/dalvikvm(24782): VFY: unable to find class referenced in signature (Landroid/support/v4/app/Fragment;)
W/dalvikvm(24782): VFY: unable to find class referenced in signature (Landroid/support/v4/app/Fragment;)
E/dalvikvm(24782): Could not find class 'android.support.v4.app.FragmentActivity', referenced from method com.google.android.gms.common.GooglePlayServicesUtil.b
W/dalvikvm(24782): VFY: unable to resolve instanceof 132 (Landroid/support/v4/app/FragmentActivity;) in Lcom/google/android/gms/common/GooglePlayServicesUtil;
D/dalvikvm(24782): VFY: replacing opcode 0x20 at 0x0008
E/dalvikvm(24782): Could not find class 'android.support.v4.app.FragmentActivity', referenced from method com.google.android.gms.common.GooglePlayServicesUtil.b
W/dalvikvm(24782): VFY: unable to resolve check-cast 132 (Landroid/support/v4/app/FragmentActivity;) in Lcom/google/android/gms/common/GooglePlayServicesUtil;
D/dalvikvm(24782): VFY: replacing opcode 0x1f at 0x000c
W/dalvikvm(24782): VFY: unable to resolve static field 132 (common_google_play_services_unknown_issue) in Lcom/google/android/gms/R$string;
D/dalvikvm(24782): VFY: replacing opcode 0x60 at 0x0007
W/dalvikvm(24782): VFY: unable to resolve static field 122 (common_google_play_services_install_text_tablet) in Lcom/google/android/gms/R$string;
D/dalvikvm(24782): VFY: replacing opcode 0x60 at 0x0018
W/dalvikvm(24782): VFY: unable to resolve static field 121 (common_google_play_services_install_text_phone) in Lcom/google/android/gms/R$string;
D/dalvikvm(24782): VFY: replacing opcode 0x60 at 0x001f
W/dalvikvm(24782): VFY: unable to resolve static field 117 (common_google_play_services_enable_text) in Lcom/google/android/gms/R$string;
D/dalvikvm(24782): VFY: replacing opcode 0x60 at 0x0026
W/dalvikvm(24782): VFY: unable to resolve static field 137 (common_google_play_services_update_text) in Lcom/google/android/gms/R$string;
D/dalvikvm(24782): VFY: replacing opcode 0x60 at 0x002d
W/dalvikvm(24782): VFY: unable to resolve static field 134 (common_google_play_services_unsupported_text) in Lcom/google/android/gms/R$string;
D/dalvikvm(24782): VFY: replacing opcode 0x60 at 0x0034
W/dalvikvm(24782): VFY: unable to resolve static field 127 (common_google_play_services_network_error_text) in Lcom/google/android/gms/R$string;
D/dalvikvm(24782): VFY: replacing opcode 0x60 at 0x003b
W/dalvikvm(24782): VFY: unable to resolve static field 124 (common_google_play_services_invalid_account_text) in Lcom/google/android/gms/R$string;
D/dalvikvm(24782): VFY: replacing opcode 0x60 at 0x0042
W/dalvikvm(24782): VFY: unable to resolve static field 133 (common_google_play_services_unsupported_date_text) in Lcom/google/android/gms/R$string;
D/dalvikvm(24782): VFY: replacing opcode 0x60 at 0x0049
W/dalvikvm(24782): VFY: unable to resolve static field 120 (common_google_play_services_install_button) in Lcom/google/android/gms/R$string;
D/dalvikvm(24782): VFY: replacing opcode 0x60 at 0x000f
W/dalvikvm(24782): VFY: unable to resolve static field 116 (common_google_play_services_enable_button) in Lcom/google/android/gms/R$string;
D/dalvikvm(24782): VFY: replacing opcode 0x60 at 0x0016
W/dalvikvm(24782): VFY: unable to resolve static field 136 (common_google_play_services_update_button) in Lcom/google/android/gms/R$string;
D/dalvikvm(24782): VFY: replacing opcode 0x60 at 0x001d
W/dalvikvm(24782): VFY: unable to resolve static field 132 (common_google_play_services_unknown_issue) in Lcom/google/android/gms/R$string;
D/dalvikvm(24782): VFY: replacing opcode 0x60 at 0x0007
W/dalvikvm(24782): VFY: unable to resolve static field 129 (common_google_play_services_notification_needs_installation_title) in Lcom/google/android/gms/R$string;
D/dalvikvm(24782): VFY: replacing opcode 0x60 at 0x000e
W/dalvikvm(24782): VFY: unable to resolve static field 130 (common_google_play_services_notification_needs_update_title) in Lcom/google/android/gms/R$string;
D/dalvikvm(24782): VFY: replacing opcode 0x60 at 0x0015
W/dalvikvm(24782): VFY: unable to resolve static field 126 (common_google_play_services_needs_enabling_title) in Lcom/google/android/gms/R$string;
D/dalvikvm(24782): VFY: replacing opcode 0x60 at 0x001c
W/dalvikvm(24782): VFY: unable to resolve static field 134 (common_google_play_services_unsupported_text) in Lcom/google/android/gms/R$string;
D/dalvikvm(24782): VFY: replacing opcode 0x60 at 0x0023
W/dalvikvm(24782): VFY: unable to resolve static field 127 (common_google_play_services_network_error_text) in Lcom/google/android/gms/R$string;
D/dalvikvm(24782): VFY: replacing opcode 0x60 at 0x002a
W/dalvikvm(24782): VFY: unable to resolve static field 124 (common_google_play_services_invalid_account_text) in Lcom/google/android/gms/R$string;
D/dalvikvm(24782): VFY: replacing opcode 0x60 at 0x0031
W/dalvikvm(24782): VFY: unable to resolve static field 133 (common_google_play_services_unsupported_date_text) in Lcom/google/android/gms/R$string;
D/dalvikvm(24782): VFY: replacing opcode 0x60 at 0x0038
W/dalvikvm(24782): VFY: unable to find class referenced in signature (Landroid/support/v4/app/Fragment;)
W/dalvikvm(24782): VFY: unable to resolve static field 132 (common_google_play_services_unknown_issue) in Lcom/google/android/gms/R$string;
D/dalvikvm(24782): VFY: replacing opcode 0x60 at 0x000d
W/dalvikvm(24782): VFY: unable to find class referenced in signature (Landroid/support/v4/app/Fragment;)
W/dalvikvm(24782): VFY: unable to resolve static field 131 (common_google_play_services_notification_ticker) in Lcom/google/android/gms/R$string;
D/dalvikvm(24782): VFY: replacing opcode 0x60 at 0x0005
I/dalvikvm(24782): DexOpt: unable to optimize static field ref 0x0077 at 0x25 in Lcom/google/android/gms/common/GooglePlayServicesUtil;.showErrorNotification
I/ActivityThread(24883): Pub call_log: com.android.providers.contacts.CallLogProvider
D/com.facebook.AppEventsLogger(24782): Got unexpected exception: java.io.WriteAbortedException: Read an exception; java.io.NotSerializableException: org.json.JSONObject
I/ActivityThread(24883): Pub user_dictionary: com.android.providers.userdictionary.UserDictionaryProvider
E/GooglePlayServicesUtil(24782): The Google Play services resources were not found. Check your project configuration to ensure that the resources are included.
E/GooglePlayServicesUtil(24782): The Google Play services resources were not found. Check your project configuration to ensure that the resources are included.
I/ActivityThread(24883): Pub contacts;com.android.contacts: com.android.providers.contacts.ContactsProvider2
E/GooglePlayServicesUtil(24782): The Google Play services resources were not found. Check your project configuration to ensure that the resources are included.
E/GooglePlayServicesUtil(24782): The Google Play services resources were not found. Check your project configuration to ensure that the resources are included.
E/GooglePlayServicesUtil(24782): The Google Play services resources were not found. Check your project configuration to ensure that the resources are included.
E/GooglePlayServicesUtil(24782): The Google Play services resources were not found. Check your project configuration to ensure that the resources are included.
D/dalvikvm(24782): GC_CONCURRENT freed 430K, 9% free 13201K/14407K, paused 3ms+2ms, total 28ms
E/GooglePlayServicesUtil(24782): The Google Play services resources were not found. Check your project configuration to ensure that the resources are included.
D/dalvikvm(24883): GC_CONCURRENT freed 223K, 8% free 12400K/13383K, paused 3ms+2ms, total 33ms
D/dalvikvm(24883): WAIT_FOR_CONCURRENT_GC blocked 9ms
D/dalvikvm(24883): WAIT_FOR_CONCURRENT_GC blocked 9ms
D/dalvikvm(24883): WAIT_FOR_CONCURRENT_GC blocked 11ms
W/AlarmManager( 2260): FACTORY_ON= 0
D/dalvikvm( 2638): GC_CONCURRENT freed 385K, 10% free 12154K/13447K, paused 20ms+1ms, total 47ms
E/LocationReceiver(24808): Received bad location: null
W/BroadcastQueue( 2260): Failure [background] sending broadcast result of Intent { act=com.google.android.velvet.location.GMS_CORE_LOCATION flg=0x10 (has extras) }
W/BroadcastQueue( 2260): android.os.DeadObjectException
W/BroadcastQueue( 2260): 	at android.os.BinderProxy.transact(Native Method)
W/BroadcastQueue( 2260): 	at android.content.IIntentReceiver$Stub$Proxy.performReceive(IIntentReceiver.java:121)
W/BroadcastQueue( 2260): 	at com.android.server.am.BroadcastQueue.performReceiveLocked(BroadcastQueue.java:366)
W/BroadcastQueue( 2260): 	at com.android.server.am.BroadcastQueue.processNextBroadcast(BroadcastQueue.java:578)
W/BroadcastQueue( 2260): 	at com.android.server.am.ActivityManagerService.finishReceiver(ActivityManagerService.java:14005)
W/BroadcastQueue( 2260): 	at android.app.ActivityManagerNative.onTransact(ActivityManagerNative.java:364)
W/BroadcastQueue( 2260): 	at com.android.server.am.ActivityManagerService.onTransact(ActivityManagerService.java:1735)
W/BroadcastQueue( 2260): 	at android.os.Binder.execTransact(Binder.java:367)
W/BroadcastQueue( 2260): 	at dalvik.system.NativeStart.run(Native Method)
E/dalvikvm(24227): Could not find class 'android.app.AppOpsManager', referenced from method com.google.android.gms.common.hg.a
W/dalvikvm(24227): VFY: unable to resolve check-cast 35 (Landroid/app/AppOpsManager;) in Lcom/google/android/gms/common/hg;
D/dalvikvm(24227): VFY: replacing opcode 0x1f at 0x0010
I/dalvikvm(24227): Could not find method android.content.pm.PackageManager.getPackageInstaller, referenced from method com.google.android.gms.common.hg.a
W/dalvikvm(24227): VFY: unable to resolve virtual method 449: Landroid/content/pm/PackageManager;.getPackageInstaller ()Landroid/content/pm/PackageInstaller;
D/dalvikvm(24227): VFY: replacing opcode 0x6e at 0x000d
I/dalvikvm(24227): DexOpt: access denied from Lcom/google/android/gms/common/hg; to field Landroid/app/Notification;.extras
W/dalvikvm(24227): VFY: unable to resolve instance field 32
D/dalvikvm(24227): VFY: replacing opcode 0x54 at 0x0112
I/BackgroundMemoryTrimmer(24808): Trimming objects from memory, since app is in the background.
W/AlarmManager( 2260): FACTORY_ON= 0
D/dalvikvm(24921): GC_CONCURRENT freed 159K, 7% free 12463K/13383K, paused 4ms+2ms, total 30ms
D/dalvikvm(24921): WAIT_FOR_CONCURRENT_GC blocked 19ms
D/dalvikvm(24921): GC_CONCURRENT freed 156K, 7% free 12846K/13767K, paused 1ms+3ms, total 16ms
D/dalvikvm(24921): WAIT_FOR_CONCURRENT_GC blocked 5ms
W/AlarmManager( 2260): FACTORY_ON= 0
F/NullSignificantMotionDetector(24481): Unsupported
D/dalvikvm(24937): GC_CONCURRENT freed 182K, 8% free 12441K/13383K, paused 20ms+1ms, total 36ms
D/dalvikvm(24937): WAIT_FOR_CONCURRENT_GC blocked 16ms
D/dalvikvm(24227): GC_CONCURRENT freed 374K, 8% free 13433K/14599K, paused 14ms+13ms, total 252ms
V/AlarmManager( 2260): waitForAlarm result :8
D/dalvikvm(24921): GC_CONCURRENT freed 153K, 7% free 13211K/14151K, paused 2ms+12ms, total 38ms
W/AlarmManager( 2260): FACTORY_ON= 0
D/dalvikvm(24921): GC_CONCURRENT freed 145K, 7% free 13605K/14535K, paused 14ms+15ms, total 45ms
D/dalvikvm(24921): WAIT_FOR_CONCURRENT_GC blocked 1ms
D/dalvikvm(24808): GC_CONCURRENT freed 322K, 8% free 13841K/14983K, paused 32ms+154ms, total 256ms
D/dalvikvm(24921): GC_CONCURRENT freed 167K, 7% free 13958K/14919K, paused 12ms+2ms, total 31ms
D/dalvikvm(24921): WAIT_FOR_CONCURRENT_GC blocked 9ms
D/dalvikvm(24921): GC_CONCURRENT freed 163K, 7% free 14380K/15367K, paused 1ms+12ms, total 40ms
I/BackgroundMemoryTrimmer(24808): Trimming objects from memory, since app is in the background.
W/dalvikvm(24921): VFY: unable to resolve static field 30631 (a) in Lcom/facebook/katana/app/WorkAppTypes;
D/dalvikvm(24921): VFY: replacing opcode 0x62 at 0x0013
W/dalvikvm(24921): VFY: unable to resolve static field 30632 (b) in Lcom/facebook/katana/app/WorkAppTypes;
D/dalvikvm(24921): VFY: replacing opcode 0x62 at 0x001d
E/DataRouter( 1895): After the usb select 
E/DataRouter( 1895): read length is zero
E/DataRouter( 1895): dr_usb_deinit
E/DataRouter( 1895): dr_usb_init
E/DataRouter( 1895): USB Interface is open with 0xa
E/DataRouter( 1895): USB interface is now configured for usb_fd = 0xa
E/DataRouter( 1895): pcsyncreset
E/DataRouter( 1895): read usb data[len:0]
E/DataRouter( 1895): read usb data message:
E/DataRouter( 1895): Before the usb select 
D/connfw  ( 1899): [DR->CONNFW]Received data notification
E/DTT     ( 1898): [DR->DTT]Received data notification
D/Kies    ( 1896): [DR->KIES]Received data notification
D/Kies    ( 1896): dr_process_kies_app(0)
D/Kies    ( 1896): child pid = 24961.
I/dalvikvm(24921): Could not find method android.app.AlarmManager.setExact, referenced from method com.facebook.nobreak.DefaultCatchMeIfYouCan.b
W/dalvikvm(24921): VFY: unable to resolve virtual method 11: Landroid/app/AlarmManager;.setExact (IJLandroid/app/PendingIntent;)V
D/dalvikvm(24921): VFY: replacing opcode 0x6e at 0x004d
D/Kies    (24961): child pid = 0.
D/Kies    (24961): execute sh.
D/CatchMeIfYouCan(24921): Process (<default>) ca: '/data/user/0/com.facebook.katana/app_cmiyc/A1657CCD543F12E66E587EE52ED9D802E22AAC4701'
D/CatchMeIfYouCan(24921): Process (<default>) fc: '/data/user/0/com.facebook.katana/app_cmiyc/A1657CCD543F12E66E587EE52ED9D802E22AAC4702'
D/CatchMeIfYouCan(24921): Process (<default>) cp: '('default', 3, 120000, silent [true], restart [false], logout [false])'
D/dalvikvm(24883): GC_CONCURRENT freed 152K, 7% free 12769K/13703K, paused 16ms+3ms, total 38ms
I/dalvikvm(24921): Could not find method android.app.ActivityManager.isLowRamDevice, referenced from method com.facebook.acra.ErrorReporter.getConstantDeviceData
W/dalvikvm(24921): VFY: unable to resolve virtual method 9: Landroid/app/ActivityManager;.isLowRamDevice ()Z
D/dalvikvm(24921): VFY: replacing opcode 0x6e at 0x00c1
D/ACRA    (24921): ACRA is enabled for com.facebook.katana, intializing...
D/dalvikvm(24921): Trying to load lib /data/data/com.facebook.katana/lib/libgnustl_shared.so 0x424d3bf8
D/dalvikvm(24921): Added shared lib /data/data/com.facebook.katana/lib/libgnustl_shared.so 0x424d3bf8
D/dalvikvm(24921): No JNI_OnLoad found in /data/data/com.facebook.katana/lib/libgnustl_shared.so 0x424d3bf8, skipping init
D/dalvikvm(24921): Trying to load lib /data/data/com.facebook.katana/lib/libsigmux.so 0x424d3bf8
D/dalvikvm(24921): Added shared lib /data/data/com.facebook.katana/lib/libsigmux.so 0x424d3bf8
D/dalvikvm(24921): No JNI_OnLoad found in /data/data/com.facebook.katana/lib/libsigmux.so 0x424d3bf8, skipping init
D/dalvikvm(24921): Trying to load lib /data/data/com.facebook.katana/lib/libbreakpad.so 0x424d3bf8
D/dalvikvm(24921): Added shared lib /data/data/com.facebook.katana/lib/libbreakpad.so 0x424d3bf8
D/dalvikvm(24921): Trying to load lib /data/data/com.facebook.katana/lib/libdistract.so 0x424d3bf8
D/dalvikvm(24921): Added shared lib /data/data/com.facebook.katana/lib/libdistract.so 0x424d3bf8
D/dalvikvm(24921): No JNI_OnLoad found in /data/data/com.facebook.katana/lib/libdistract.so 0x424d3bf8, skipping init
D/dalvikvm(24921): Trying to load lib /data/data/com.facebook.katana/lib/libfb_dalvik-internals.so 0x424d3bf8
D/dalvikvm(24921): Added shared lib /data/data/com.facebook.katana/lib/libfb_dalvik-internals.so 0x424d3bf8
V/UsbDeviceManager( 2260): USB UEVENT: {USB_STATE=CONFIGURED, SUBSYSTEM=android_usb, DEVPATH=/devices/virtual/android_usb/android0, SEQNUM=237518, ACTION=change}
V/dalvik-internals(24921): Registered Dalvik crash stream with Breakpad
I/KIES_RECEIVE(24965): [APK BnR] Receive KIES_USB_DISCONNECT
E/DataRouter( 1895): After the usb select 
E/DataRouter( 1895): read usb data[len:1]
E/DataRouter( 1895): read usb data message:A
E/DataRouter( 1895): Before the usb select 
E/DTT     ( 1898): [DR->DTT]Received data notification
E/DTT     ( 1898): NOT DEFINE
E/DTT     ( 1898): Message:A
E/DataRouter( 1895): [socket:11]******* Received data notification *******
D/connfw  ( 1899): [DR->CONNFW]Received data notification
D/connfw  ( 1899): NOT DEFINE
D/connfw  ( 1899): Message:A
E/DataRouter( 1895): [socket:12]******* Received data notification *******
D/UsbDeviceManager( 2260): handleMessage -> MSG_UPDATE_STATE connected = 1,configured = 1
D/UsbDeviceManager( 2260): updateUsbNotification : mConnected = true, mConfigured = true, mCurrentFunctions = mtp,adb
D/UsbDeviceManager( 2260): updateAdbNotification : mAdbEnabled = true, mConnected = true, mAdbNotificationShown = false
D/UsbDeviceManager( 2260): sending intent : ACTION_USB_STATE : connected = true, configured = true, functions = mtp,adb
V/DexLibLoader(24921): about to lock: /data/user/0/com.facebook.katana/mdex_lock
I/dalvikvm(24573): Could not find method android.os.Process.myUserHandle, referenced from method com.google.android.gms.wearable.service.ap.a
W/dalvikvm(24573): VFY: unable to resolve static method 1045: Landroid/os/Process;.myUserHandle ()Landroid/os/UserHandle;
D/dalvikvm(24573): VFY: replacing opcode 0x71 at 0x003d
V/DexLibLoader(24921): locking /data/user/0/com.facebook.katana/mdex_lock took 36 ms
V/DexLibLoader(24921): Secondary program dex metadata: secondary-1.dex.jar.xz 3ed5b924dc314d03a1409f3cb35e330696a31fc6 secondary.dex01.Canary
V/DexLibLoader(24921): Secondary program dex metadata: secondary-2.dex.jar.xz fb50ee2bdb1b2bf0c1a4d1c8102d84e14326e74f secondary.dex02.Canary
V/DexLibLoader(24921): Secondary program dex metadata: secondary-3.dex.jar.xz 26ff3d16fff5a4910859719c97f13050f734eff9 secondary.dex03.Canary
V/DexLibLoader(24921): Secondary program dex metadata: secondary-4.dex.jar.xz 5c92459dc32c23f564e3f6a53f3eeda0f0a5f9cc secondary.dex04.Canary
V/DexLibLoader(24921): Secondary program dex metadata: secondary-5.dex.jar.xz 5af800f994f4a3013edd7d467ca4e4670a90858e secondary.dex05.Canary
V/DexLibLoader(24921): Secondary program dex metadata: secondary-6.dex.jar.xz 12bc2baf26f20c245aaf9f6e59ca38ff5db84def secondary.dex06.Canary
V/DexLibLoader(24921): Secondary program dex metadata: secondary-7.dex.jar.xz 13d8d7a991e4c5a72b93cfabeacf99477db431cc secondary.dex07.Canary
V/DexLibLoader(24921): Secondary program dex metadata: secondary-8.dex.jar.xz 9ba60cbb0140ad4d2850e925bbcce18596f9d851 secondary.dex08.Canary
V/DexLibLoader(24921): directory "/data/user/0/com.facebook.katana/app_secondary_program_dex" contains "program-3ed5b924dc314d03a1409f3cb35e330696a31fc669258e7.dex.jar" as expected
V/DexLibLoader(24921): directory "/data/user/0/com.facebook.katana/app_secondary_program_dex" contains "program-fb50ee2bdb1b2bf0c1a4d1c8102d84e14326e74f69258e7.dex.jar" as expected
V/DexLibLoader(24921): directory "/data/user/0/com.facebook.katana/app_secondary_program_dex" contains "program-26ff3d16fff5a4910859719c97f13050f734eff969258e7.dex.jar" as expected
V/DexLibLoader(24921): directory "/data/user/0/com.facebook.katana/app_secondary_program_dex" contains "program-5c92459dc32c23f564e3f6a53f3eeda0f0a5f9cc69258e7.dex.jar" as expected
V/DexLibLoader(24921): directory "/data/user/0/com.facebook.katana/app_secondary_program_dex" contains "program-5af800f994f4a3013edd7d467ca4e4670a90858e69258e7.dex.jar" as expected
V/DexLibLoader(24921): directory "/data/user/0/com.facebook.katana/app_secondary_program_dex" contains "program-12bc2baf26f20c245aaf9f6e59ca38ff5db84def69258e7.dex.jar" as expected
V/DexLibLoader(24921): directory "/data/user/0/com.facebook.katana/app_secondary_program_dex" contains "program-13d8d7a991e4c5a72b93cfabeacf99477db431cc69258e7.dex.jar" as expected
V/DexLibLoader(24921): directory "/data/user/0/com.facebook.katana/app_secondary_program_dex" contains "program-9ba60cbb0140ad4d2850e925bbcce18596f9d85169258e7.dex.jar" as expected
D/DexLibLoader(24921): ignoring file "program-3ed5b924dc314d03a1409f3cb35e330696a31fc669258e7.dex.odex" in "/data/user/0/com.facebook.katana/app_secondary_program_dex"
D/DexLibLoader(24921): ignoring file "program-fb50ee2bdb1b2bf0c1a4d1c8102d84e14326e74f69258e7.dex.odex" in "/data/user/0/com.facebook.katana/app_secondary_program_dex"
D/DexLibLoader(24921): ignoring file "program-26ff3d16fff5a4910859719c97f13050f734eff969258e7.dex.odex" in "/data/user/0/com.facebook.katana/app_secondary_program_dex"
D/DexLibLoader(24921): ignoring file "program-5c92459dc32c23f564e3f6a53f3eeda0f0a5f9cc69258e7.dex.odex" in "/data/user/0/com.facebook.katana/app_secondary_program_dex"
D/DexLibLoader(24921): ignoring file "program-5af800f994f4a3013edd7d467ca4e4670a90858e69258e7.dex.odex" in "/data/user/0/com.facebook.katana/app_secondary_program_dex"
D/DexLibLoader(24921): ignoring file "program-12bc2baf26f20c245aaf9f6e59ca38ff5db84def69258e7.dex.odex" in "/data/user/0/com.facebook.katana/app_secondary_program_dex"
D/DexLibLoader(24921): ignoring file "program-13d8d7a991e4c5a72b93cfabeacf99477db431cc69258e7.dex.odex" in "/data/user/0/com.facebook.katana/app_secondary_program_dex"
D/DexLibLoader(24921): ignoring file "program-9ba60cbb0140ad4d2850e925bbcce18596f9d85169258e7.dex.odex" in "/data/user/0/com.facebook.katana/app_secondary_program_dex"
D/DexLibLoader(24921): directory "/data/user/0/com.facebook.katana/app_secondary_program_dex" is valid
D/DexLibLoader(24921): ignoring file "primary_deps" in "/data/user/0/com.facebook.katana/app_secondary_program_dex_opt"
V/DexLibLoader(24921): directory "/data/user/0/com.facebook.katana/app_secondary_program_dex_opt" contains "program-3ed5b924dc314d03a1409f3cb35e330696a31fc669258e7.dex.dex" as expected
V/DexLibLoader(24921): directory "/data/user/0/com.facebook.katana/app_secondary_program_dex_opt" contains "program-fb50ee2bdb1b2bf0c1a4d1c8102d84e14326e74f69258e7.dex.dex" as expected
V/DexLibLoader(24921): directory "/data/user/0/com.facebook.katana/app_secondary_program_dex_opt" contains "program-26ff3d16fff5a4910859719c97f13050f734eff969258e7.dex.dex" as expected
V/DexLibLoader(24921): directory "/data/user/0/com.facebook.katana/app_secondary_program_dex_opt" contains "program-5c92459dc32c23f564e3f6a53f3eeda0f0a5f9cc69258e7.dex.dex" as expected
V/DexLibLoader(24921): directory "/data/user/0/com.facebook.katana/app_secondary_program_dex_opt" contains "program-5af800f994f4a3013edd7d467ca4e4670a90858e69258e7.dex.dex" as expected
V/DexLibLoader(24921): directory "/data/user/0/com.facebook.katana/app_secondary_program_dex_opt" contains "program-12bc2baf26f20c245aaf9f6e59ca38ff5db84def69258e7.dex.dex" as expected
V/DexLibLoader(24921): directory "/data/user/0/com.facebook.katana/app_secondary_program_dex_opt" contains "program-13d8d7a991e4c5a72b93cfabeacf99477db431cc69258e7.dex.dex" as expected
V/DexLibLoader(24921): directory "/data/user/0/com.facebook.katana/app_secondary_program_dex_opt" contains "program-9ba60cbb0140ad4d2850e925bbcce18596f9d85169258e7.dex.dex" as expected
D/DexLibLoader(24921): directory "/data/user/0/com.facebook.katana/app_secondary_program_dex_opt" is valid
E/DataRouter( 1895): After the usb select 
E/DataRouter( 1895): read length is zero
E/DataRouter( 1895): dr_usb_deinit
E/DataRouter( 1895): dr_usb_init
E/DataRouter( 1895): USB Interface is open with 0xa
E/DataRouter( 1895): USB interface is now configured for usb_fd = 0xa
E/DataRouter( 1895): pcsyncreset
E/DataRouter( 1895): read usb data[len:0]
E/DataRouter( 1895): read usb data message:
E/DataRouter( 1895): Before the usb select 
E/DTT     ( 1898): [DR->DTT]Received data notification
D/connfw  ( 1899): [DR->CONNFW]Received data notification
D/Kies    ( 1896): sending intent finished.
D/Kies    ( 1896): KIES_WSSERVICE_STOP sending intent result = 1.
D/Kies    ( 1896): child pid = 24980.
D/Kies    (24980): child pid = 0.
D/Kies    (24980): execute sh.
W/SignalStrength( 2260): getGsmLevel=4
W/SignalStrength( 2260): getLevel=4 (SignalStrength: 20 -1 -1 -1 -1 -1 -1 -1 -1 -1 -1 -1 gsm|lte 4)
W/SignalStrength( 2616): getGsmLevel=4
W/SignalStrength( 2616): getLevel=4 (SignalStrength: 20 -1 -1 -1 -1 -1 -1 -1 -1 -1 -1 -1 gsm|lte 4)
W/SignalStrength( 2260): getGsmDbm=-73
W/SignalStrength( 2260): getDbm=-73
W/SignalStrength( 2260): getGsmAsuLevel=20
W/SignalStrength( 2260): getAsuLevel=20
D/STATUSBAR-NetworkController( 2616): onSignalStrengthsChanged signalStrength=SignalStrength: 20 -1 -1 -1 -1 -1 -1 -1 -1 -1 -1 -1 gsm|lte 4 level=4
W/SignalStrength( 2616): getGsmLevel=4
W/SignalStrength( 2616): getLevel=4 (SignalStrength: 20 -1 -1 -1 -1 -1 -1 -1 -1 -1 -1 -1 gsm|lte 4)
D/Kies    ( 1896): sending intent finished.
D/Kies    ( 1896): KIES_APP_STOP sending intent result = 1.
D/Kies    ( 1896): [DR->KIES]Received data notification
D/Kies    ( 1896): NOT DEFINE
D/Kies    ( 1896): Message:A
I/wpa_supplicant( 3369): nl80211: Received scan results (3 BSSes)
D/Tethering( 2260): interfaceLinkStateChanged wlan0, true
D/Tethering( 2260): interfaceStatusChanged wlan0, true
E/DataRouter( 1895): [socket:13]******* Received data notification *******
D/dalvikvm(24481): DexOpt: couldn't find field Landroid/net/wifi/ScanResult;.timestamp
W/dalvikvm(24481): VFY: unable to resolve instance field 146
D/dalvikvm(24481): VFY: replacing opcode 0x53 at 0x0017
D/dalvikvm(24481): DexOpt: couldn't find field Landroid/net/wifi/ScanResult;.timestamp
W/dalvikvm(24481): VFY: unable to resolve instance field 146
D/dalvikvm(24481): VFY: replacing opcode 0x53 at 0x00a8
W/AlarmManager( 2260): FACTORY_ON= 0
V/AlarmManager( 2260): waitForAlarm result :4
D/dalvikvm(23904): GC_CONCURRENT freed 1387K, 25% free 16716K/22023K, paused 20ms+2ms, total 73ms
D/AndroidRuntime(24981): 
D/AndroidRuntime(24981): >>>>>> AndroidRuntime START com.android.internal.os.RuntimeInit <<<<<<
D/AndroidRuntime(24962): 
D/AndroidRuntime(24962): >>>>>> AndroidRuntime START com.android.internal.os.RuntimeInit <<<<<<
D/AndroidRuntime(24962): CheckJNI is OFF
D/AndroidRuntime(24981): CheckJNI is OFF
D/AndroidRuntime(24962): setted country_code = Hong Kong
D/AndroidRuntime(24981): setted country_code = Hong Kong
D/AndroidRuntime(24981): setted countryiso_code = HK
D/AndroidRuntime(24962): setted countryiso_code = HK
D/AndroidRuntime(24981): setted sales_code = TGY
D/AndroidRuntime(24962): setted sales_code = TGY
D/AndroidRuntime(24981): readGMSProperty: start
D/AndroidRuntime(24981): readGMSProperty: already setted!!
D/AndroidRuntime(24962): readGMSProperty: start
D/AndroidRuntime(24962): readGMSProperty: already setted!!
D/AndroidRuntime(24962): readGMSProperty: end
D/AndroidRuntime(24981): readGMSProperty: end
D/AndroidRuntime(24962): addProductProperty: start
D/AndroidRuntime(24981): addProductProperty: start
I/dalvikvm(24481): Could not find method android.location.Location.isFromMockProvider, referenced from method com.google.android.location.util.al.e
W/dalvikvm(24481): VFY: unable to resolve virtual method 992: Landroid/location/Location;.isFromMockProvider ()Z
D/dalvikvm(24481): VFY: replacing opcode 0x6e at 0x0019
W/AlarmManager( 2260): FACTORY_ON= 0
E/WifiHW  ( 2260): ##################### set firmware type 0 #####################
D/WifiStateMachine( 2260): setWifiEnabled : WifiNative.setFwType(0)
D/dalvikvm(24481): WAIT_FOR_CONCURRENT_GC blocked 0ms
D/dalvikvm(24962): Trying to load lib libjavacore.so 0x0
D/dalvikvm(24981): Trying to load lib libjavacore.so 0x0
D/dalvikvm(24481): GC_EXPLICIT freed 247K, 11% free 14155K/15879K, paused 19ms+4ms, total 102ms
D/dalvikvm( 2260): WAIT_FOR_CONCURRENT_GC blocked 0ms
D/dalvikvm(24981): Added shared lib libjavacore.so 0x0
D/dalvikvm(24962): Added shared lib libjavacore.so 0x0
W/AlarmManager( 2260): FACTORY_ON= 0
I/ActivityThread(24982): Pub com.google.android.apps.uploader.PicasaUploadProvider: com.google.android.picasasync.PicasaContentProvider
D/dalvikvm(24981): Trying to load lib libnativehelper.so 0x0
D/dalvikvm(24962): Trying to load lib libnativehelper.so 0x0
D/dalvikvm(24981): Added shared lib libnativehelper.so 0x0
D/dalvikvm(24962): Added shared lib libnativehelper.so 0x0
D/dalvikvm(24782): GC_CONCURRENT freed 364K, 9% free 13294K/14471K, paused 195ms+64ms, total 393ms
D/DexLibLoader(24921): loading pre-built cross-dex opt odex files
V/dalvik-internals(24921): hooked dvmResolveClass using jump ()
V/dalvik-internals(24921): hooked dvmFlushBreakpoints using jump ()
D/dalvikvm( 2260): GC_EXPLICIT freed 1538K, 31% free 37387K/53703K, paused 10ms+20ms, total 283ms
D/dalvikvm(24982): GC_CONCURRENT freed 464K, 10% free 12159K/13383K, paused 17ms+2ms, total 35ms
D/dalvikvm(24982): WAIT_FOR_CONCURRENT_GC blocked 18ms
D/SensorService( 2260): info.rates.add, set DEFAULT_EVENTS_PERIOD
I/iNemoSensor( 2260): enable(): handle(0), en(1), what(0)
D/AkmSensor( 2260): akm_enable_sensor: Accel is enabled. (orien = 0)
I/AkmSensor( 2260): enable_accelerometer, mEnabled = 0, enable = 1
D/iNemoSensor( 2260): enable(): MASK_ACC (1) MASK_MAG (0) MASK_GYR (0)
D/iNemoSensor( 2260): enable(): mEnAcc(1) mEnMag(0) mEnGyr(0)
I/iNemoSensor( 2260): update_delay wanted_accel = 200000000
D/AkmSensor( 2260): MeasureSNGLoop: interval.interval = 200000000, doze_max = 196000, prms->enabled = 2
D/SensorService( 2260): SensorDevice::activate  (enable 1, disable 0) = 1
D/SensorService( 2260): activating sensor enable handle=0 
D/SensorService( 2260): activating sensor enable, Done!
D/SensorService( 2260): SensorDevice::activating sensor handle=0 ns=200000000 
D/iNemoSensor( 2260): setDelay(): handle(0), en(200000000)
I/iNemoSensor( 2260): skip update_delay wanted_accel = 200000000 current delay = 200000000
I/SensorService( 2260): info.selectDelay() ns=20000000  
D/iNemoSensor( 2260): setDelay(): handle(0), en(20000000)
I/iNemoSensor( 2260): update_delay wanted_accel = 20000000
D/SensorService( 2260): SensorDevice::setDelay, Return(true 1, false 0) =  1
D/SensorManager(24481): registerListener :: handle = 0  name= LSM330DLC 3-axis Accelerometer delay= 20000 Listener= com.google.android.location.collectionlib.cm@42677b48
D/dalvikvm( 1902): WAIT_FOR_CONCURRENT_GC blocked 0ms
W/AlarmManager( 2260): FACTORY_ON= 0
E/WifiHW  ( 2260): ##################### set firmware type 0 #####################
D/WifiStateMachine( 2260): setWifiEnabled : WifiNative.setFwType(0)
