I/ActivityThread(26422): Pub com.google.android.location.internal: com.google.android.location.internal.LocationContentProvider
D/facerecognition(26438): FR_FileOpen /sdcard/.face/facedata=55
I/ActivityThread(26422): Pub com.google.android.gms.fitness: com.google.android.gms.fitness.sync.FitnessContentProvider
D/facerecognition(26438): FR_FileOpen /data/user/0/com.android.providers.media/face/facedata=56
I/ActivityThread(26438): Pub sisodownloads: com.sec.android.providers.downloads.SecDownloadProvider
I/ProviderInstaller(26422): Insert disabled by gate 'gms:security:enable_conscrypt_in_gms_application'
D/STATUSBAR-NotificationService( 2260): cancelAllNotifications()
E/dalvikvm(26422): Could not find class 'android.app.AppOpsManager', referenced from method com.google.android.gms.common.hg.a
W/dalvikvm(26422): VFY: unable to resolve check-cast 35 (Landroid/app/AppOpsManager;) in Lcom/google/android/gms/common/hg;
D/dalvikvm(26422): VFY: replacing opcode 0x1f at 0x0010
I/dalvikvm(26422): Could not find method android.content.pm.PackageManager.getPackageInstaller, referenced from method com.google.android.gms.common.hg.a
W/dalvikvm(26422): VFY: unable to resolve virtual method 449: Landroid/content/pm/PackageManager;.getPackageInstaller ()Landroid/content/pm/PackageInstaller;
D/dalvikvm(26422): VFY: replacing opcode 0x6e at 0x000d
I/dalvikvm(26422): DexOpt: access denied from Lcom/google/android/gms/common/hg; to field Landroid/app/Notification;.extras
W/dalvikvm(26422): VFY: unable to resolve instance field 32
D/dalvikvm(26422): VFY: replacing opcode 0x54 at 0x0112
I/GCoreUlr(26422): Starting service, intent=Intent { act=com.google.android.location.reporting.ACTION_UPDATE_WORLD cmp=com.google.android.gms/com.google.android.location.reporting.service.DispatchingService (has extras) }, extras=Bundle[{receiverAction=android.intent.action.ACTION_POWER_CONNECTED}]
D/dalvikvm(26438): GC_CONCURRENT freed 282K, 9% free 12287K/13383K, paused 16ms+16ms, total 89ms
D/dalvikvm( 2260): WAIT_FOR_CONCURRENT_GC blocked 0ms
D/dalvikvm(26362): GC_CONCURRENT freed 359K, 8% free 13461K/14599K, paused 15ms+16ms, total 95ms
D/dalvikvm(26422): GC_CONCURRENT freed 277K, 8% free 13012K/14087K, paused 12ms+12ms, total 44ms
I/GCoreUlr(26422): DispatchingService.onCreate()
I/iu.FingerprintManager(26362): Start processing media store URI: content://media/external/video/media
I/dalvikvm(26422): Could not find method android.accounts.AccountManager.getPreviousName, referenced from method com.google.android.location.util.c.a
W/dalvikvm(26422): VFY: unable to resolve virtual method 14: Landroid/accounts/AccountManager;.getPreviousName (Landroid/accounts/Account;)Ljava/lang/String;
D/dalvikvm(26422): VFY: replacing opcode 0x6e at 0x000a
I/iu.FingerprintManager(26362): Start processing media store URI: content://media/phoneStorage/images/media
I/iu.FingerprintManager(26362): Start processing media store URI: content://media/phoneStorage/video/media
I/dalvikvm(26422): Could not find method android.app.ActivityManager.isLowRamDevice, referenced from method com.google.android.location.reporting.LocationReportingController.a
W/dalvikvm(26422): VFY: unable to resolve virtual method 87: Landroid/app/ActivityManager;.isLowRamDevice ()Z
D/dalvikvm(26422): VFY: replacing opcode 0x6e at 0x014b
I/iu.FingerprintManager(26362): Finished generating fingerprints; 0.727 seconds
I/iu.FingerprintManager(26362):   numSeen=650 numGenerated=0 numDeleted=0 numFailed=0
I/dalvikvm(26422): Could not find method android.app.ActivityManager.getCurrentUser, referenced from method com.google.android.location.util.ar.a
W/dalvikvm(26422): VFY: unable to resolve static method 82: Landroid/app/ActivityManager;.getCurrentUser ()I
D/dalvikvm(26422): VFY: replacing opcode 0x71 at 0x000a
I/dalvikvm(26422): Could not find method android.os.UserHandle.myUserId, referenced from method com.google.android.location.util.ar.a
W/dalvikvm(26422): VFY: unable to resolve static method 1438: Landroid/os/UserHandle;.myUserId ()I
D/dalvikvm(26422): VFY: replacing opcode 0x71 at 0x0001
D/dalvikvm(26362): GC_CONCURRENT freed 486K, 9% free 13460K/14727K, paused 13ms+1ms, total 34ms
D/dalvikvm( 2260): GC_EXPLICIT freed 1372K, 31% free 37408K/53703K, paused 8ms+15ms, total 183ms
D/GeofencerStateMachine(26422): Creating GeofencerStateMachine
D/dalvikvm(26422): GC_CONCURRENT freed 379K, 9% free 13118K/14279K, paused 2ms+13ms, total 34ms
E/dalvikvm(26422): Could not find class 'android.os.UserManager', referenced from method com.google.android.gms.common.util.a.b
W/dalvikvm(26422): VFY: unable to resolve check-cast 235 (Landroid/os/UserManager;) in Lcom/google/android/gms/common/util/a;
D/dalvikvm(26422): VFY: replacing opcode 0x1f at 0x000e
I/dalvikvm(26422): Could not find method android.accounts.AccountManager.getAccountsByTypeForPackage, referenced from method com.google.android.gms.common.util.a.c
W/dalvikvm(26422): VFY: unable to resolve virtual method 19: Landroid/accounts/AccountManager;.getAccountsByTypeForPackage (Ljava/lang/String;Ljava/lang/String;)[Landroid/accounts/Account;
D/dalvikvm(26422): VFY: replacing opcode 0x6e at 0x001f
E/dalvikvm(26422): Could not find class 'android.os.UserManager', referenced from method com.google.android.gms.common.util.a.c
W/dalvikvm(26422): VFY: unable to resolve check-cast 235 (Landroid/os/UserManager;) in Lcom/google/android/gms/common/util/a;
D/dalvikvm(26422): VFY: replacing opcode 0x1f at 0x000f
E/dalvikvm(26422): Could not find class 'android.os.UserManager', referenced from method com.google.android.gms.common.util.a.e
W/dalvikvm(26422): VFY: unable to resolve check-cast 235 (Landroid/os/UserManager;) in Lcom/google/android/gms/common/util/a;
D/dalvikvm(26422): VFY: replacing opcode 0x1f at 0x000f
W/dalvikvm(26422): Unable to resolve superclass of Lcom/google/android/location/geofencer/service/aa; (949)
W/dalvikvm(26422): Link of class 'Lcom/google/android/location/geofencer/service/aa;' failed
I/dalvikvm(26422): Could not find method com.google.android.location.geofencer.service.aa.a, referenced from method com.google.android.location.geofencer.service.i.<init>
W/dalvikvm(26422): VFY: unable to resolve static method 43077: Lcom/google/android/location/geofencer/service/aa;.a ()Lcom/google/android/location/geofencer/service/aa;
D/dalvikvm(26422): VFY: replacing opcode 0x71 at 0x001e
I/GCoreUlr(26422): WorldUpdater received intent Intent { act=com.google.android.location.reporting.ACTION_UPDATE_WORLD cmp=com.google.android.gms/com.google.android.location.reporting.service.DispatchingService (has extras) } with receiverAction android.intent.action.ACTION_POWER_CONNECTED
I/dalvikvm(26422): Could not find method android.os.SystemClock.elapsedRealtimeNanos, referenced from method com.google.android.location.fused.d.a
W/dalvikvm(26422): VFY: unable to resolve static method 1432: Landroid/os/SystemClock;.elapsedRealtimeNanos ()J
D/dalvikvm(26422): VFY: replacing opcode 0x71 at 0x0008
I/dalvikvm(26422): Could not find method android.location.Location.getElapsedRealtimeNanos, referenced from method com.google.android.location.fused.d.a
W/dalvikvm(26422): VFY: unable to resolve virtual method 981: Landroid/location/Location;.getElapsedRealtimeNanos ()J
D/dalvikvm(26422): VFY: replacing opcode 0x6e at 0x000b
I/dalvikvm(26422): Could not find method android.location.Location.setElapsedRealtimeNanos, referenced from method com.google.android.location.fused.d.a
W/dalvikvm(26422): VFY: unable to resolve virtual method 999: Landroid/location/Location;.setElapsedRealtimeNanos (J)V
D/dalvikvm(26422): VFY: replacing opcode 0x6e at 0x0008
W/AlarmManager( 2260): FACTORY_ON= 0
I/dalvikvm(26422): Could not find method android.location.Location.getElapsedRealtimeNanos, referenced from method com.google.android.location.fused.n.a
W/dalvikvm(26422): VFY: unable to resolve virtual method 981: Landroid/location/Location;.getElapsedRealtimeNanos ()J
D/dalvikvm(26422): VFY: replacing opcode 0x6e at 0x0037
I/dalvikvm(26422): Could not find method android.os.SystemClock.elapsedRealtimeNanos, referenced from method com.google.android.location.i.a.c.a
W/dalvikvm(26422): VFY: unable to resolve static method 1432: Landroid/os/SystemClock;.elapsedRealtimeNanos ()J
D/dalvikvm(26422): VFY: replacing opcode 0x71 at 0x000f
I/dalvikvm(26422): Could not find method android.location.Location.getElapsedRealtimeNanos, referenced from method com.google.android.location.fused.ax.a
W/dalvikvm(26422): VFY: unable to resolve virtual method 981: Landroid/location/Location;.getElapsedRealtimeNanos ()J
D/dalvikvm(26422): VFY: replacing opcode 0x6e at 0x0034
I/dalvikvm(26422): Could not find method android.location.Location.setElapsedRealtimeNanos, referenced from method com.google.android.location.fused.aj.a
W/dalvikvm(26422): VFY: unable to resolve virtual method 999: Landroid/location/Location;.setElapsedRealtimeNanos (J)V
D/dalvikvm(26422): VFY: replacing opcode 0x6e at 0x0324
I/dalvikvm(26422): Could not find method android.location.LocationRequest.createFromDeprecatedProvider, referenced from method com.google.android.location.fused.bm.a
W/dalvikvm(26422): VFY: unable to resolve static method 1023: Landroid/location/LocationRequest;.createFromDeprecatedProvider (Ljava/lang/String;JFZ)Landroid/location/LocationRequest;
D/dalvikvm(26422): VFY: replacing opcode 0x71 at 0x0018
I/dalvikvm(26422): Could not find method android.location.Location.getElapsedRealtimeNanos, referenced from method com.google.android.location.fused.bp.b
W/dalvikvm(26422): VFY: unable to resolve virtual method 981: Landroid/location/Location;.getElapsedRealtimeNanos ()J
D/dalvikvm(26422): VFY: replacing opcode 0x6e at 0x0087
D/dalvikvm(26469): WAIT_FOR_CONCURRENT_GC blocked 0ms
W/dalvikvm(26422): Unable to resolve superclass of Lcom/google/android/location/fused/service/e; (947)
W/dalvikvm(26422): Link of class 'Lcom/google/android/location/fused/service/e;' failed
I/dalvikvm(26422): Could not find method com.google.android.location.fused.service.e.c, referenced from method com.google.android.location.fused.service.a.a
W/dalvikvm(26422): VFY: unable to resolve static method 42757: Lcom/google/android/location/fused/service/e;.c ()V
D/dalvikvm(26422): VFY: replacing opcode 0x71 at 0x000c
D/SyncManager( 2260): setIsSyncable: , provider com.google.android.location.reporting, user 0 -> 1
D/SyncManager( 2260): setIsSyncable: already set to 1, doing nothing
D/SyncManager( 2260): setSyncAutomatically:  provider com.google.android.location.reporting, user 0 -> true
D/SyncManager( 2260): setSyncAutomatically: already set to true, doing nothing
I/dalvikvm(26422): Could not find method android.location.Location.getElapsedRealtimeNanos, referenced from method com.google.android.location.fused.j.a
W/dalvikvm(26422): VFY: unable to resolve virtual method 981: Landroid/location/Location;.getElapsedRealtimeNanos ()J
D/dalvikvm(26422): VFY: replacing opcode 0x6e at 0x00e4
W/AlarmManager( 2260): FACTORY_ON= 0
D/dalvikvm(26469): GC_CONCURRENT freed 153K, 7% free 12470K/13383K, paused 12ms+1ms, total 25ms
D/dalvikvm(26469): WAIT_FOR_CONCURRENT_GC blocked 6ms
D/SyncManager( 2260): setIsSyncable: , provider com.google.android.location.reporting, user 0 -> 1
D/SyncManager( 2260): setIsSyncable: already set to 1, doing nothing
D/SyncManager( 2260): setSyncAutomatically:  provider com.google.android.location.reporting, user 0 -> true
D/SyncManager( 2260): setSyncAutomatically: already set to true, doing nothing
D/dalvikvm(26422): GC_CONCURRENT freed 245K, 8% free 13327K/14343K, paused 12ms+12ms, total 44ms
D/dalvikvm(26469): GC_CONCURRENT freed 152K, 7% free 12846K/13767K, paused 2ms+2ms, total 21ms
D/dalvikvm(26469): WAIT_FOR_CONCURRENT_GC blocked 5ms
V/GeofencerHelper(26422): Initializing geofence's system cache.
I/GCoreUlr(26422): WorldUpdater:android.intent.action.ACTION_POWER_CONNECTED: Ensuring that reporting is active for [account#-7#]
D/dalvikvm(13935): WAIT_FOR_CONCURRENT_GC blocked 0ms
I/LocationManagerService( 2260): request passive (pid 26422) 0 0
D/dalvikvm(26486): GC_CONCURRENT freed 155K, 7% free 12467K/13383K, paused 2ms+2ms, total 17ms
D/dalvikvm(26486): WAIT_FOR_CONCURRENT_GC blocked 10ms
W/AlarmManager( 2260): FACTORY_ON= 0
W/AlarmManager( 2260): FACTORY_ON= 0
I/dalvikvm(26422): Could not find method android.os.Process.myUserHandle, referenced from method com.google.android.location.internal.server.n.e
W/dalvikvm(26422): VFY: unable to resolve static method 1412: Landroid/os/Process;.myUserHandle ()Landroid/os/UserHandle;
D/dalvikvm(26422): VFY: replacing opcode 0x71 at 0x00a3
D/dalvikvm(13935): GC_EXPLICIT freed 120K, 13% free 14563K/16711K, paused 2ms+4ms, total 64ms
D/dalvikvm(26486): GC_CONCURRENT freed 153K, 7% free 12848K/13767K, paused 1ms+4ms, total 30ms
D/dalvikvm(26486): WAIT_FOR_CONCURRENT_GC blocked 10ms
W/dalvikvm(26486): VFY: unable to resolve static field 638 (PR_SET_DUMPABLE) in Landroid/system/OsConstants;
D/dalvikvm(26486): VFY: replacing opcode 0x60 at 0x000b
I/MultiDex(26486): VM with version 1.6.0 does not have multidex support
I/MultiDex(26486): install
I/MultiDex(26486): MultiDexExtractor.load(/data/app/com.google.android.gms-1.apk, false)
I/MultiDex(26486): loading existing secondary dex files
I/MultiDex(26486): load found 3 secondary dex files
I/MultiDex(26486): install done
I/ProviderInstaller(26486): Insert disabled by gate 'gms:security:enable_conscrypt_in_gms_application'
D/dalvikvm(26422): GC_CONCURRENT freed 289K, 8% free 13549K/14599K, paused 12ms+3ms, total 51ms
D/dalvikvm(26422): WAIT_FOR_CONCURRENT_GC blocked 13ms
D/dalvikvm(26422): WAIT_FOR_CONCURRENT_GC blocked 11ms
D/dalvikvm(26422): WAIT_FOR_CONCURRENT_GC blocked 10ms
D/dalvikvm(26422): WAIT_FOR_CONCURRENT_GC blocked 11ms
D/dalvikvm(26422): WAIT_FOR_CONCURRENT_GC blocked 11ms
W/dalvikvm(26469): VFY: unable to find class referenced in signature (Lacp;)
W/dalvikvm(26469): VFY: unable to find class referenced in signature (Lacp;)
W/dalvikvm(26469): VFY: unable to find class referenced in signature (Lacp;)
W/dalvikvm(26469): VFY: unable to find class referenced in signature (Lacp;)
W/dalvikvm(26469): VFY: unable to find class referenced in signature (Lacp;)
W/dalvikvm(26469): VFY: unable to find class referenced in signature (Lacp;)
W/dalvikvm(26469): VFY: unable to find class referenced in signature (Lacp;)
E/dalvikvm(26469): Could not find class 'android.app.Notification$Action$Builder', referenced from method b.a
W/dalvikvm(26469): VFY: unable to resolve new-instance 285 (Landroid/app/Notification$Action$Builder;) in Lb;
D/dalvikvm(26469): VFY: replacing opcode 0x22 at 0x0000
D/GeofenceStateCache(26422): Recovered 2 geofences.
I/dalvikvm(26486): Could not find method android.os.HandlerThread.quitSafely, referenced from method com.google.android.gms.wearable.service.WearableService.onDestroy
W/dalvikvm(26486): VFY: unable to resolve virtual method 943: Landroid/os/HandlerThread;.quitSafely ()Z
D/dalvikvm(26486): VFY: replacing opcode 0x6e at 0x0094
D/WearableService(26486): callingUid 10018, callindPid: 26486
E/dalvikvm(26486): Could not find class 'android.telecom.TelecomManager', referenced from method com.google.android.gms.wearable.service.y.a
W/dalvikvm(26486): VFY: unable to resolve check-cast 441 (Landroid/telecom/TelecomManager;) in Lcom/google/android/gms/wearable/service/y;
D/dalvikvm(26486): VFY: replacing opcode 0x1f at 0x004c
W/dalvikvm(26486): VFY: unable to find class referenced in signature (Landroid/telecom/TelecomManager;)
W/AlarmManager( 2260): FACTORY_ON= 0
E/dalvikvm(26469): Could not find class 'android.graphics.drawable.RippleDrawable', referenced from method b.a
W/dalvikvm(26469): VFY: unable to resolve new-instance 442 (Landroid/graphics/drawable/RippleDrawable;) in Lb;
D/dalvikvm(26469): VFY: replacing opcode 0x22 at 0x000b
W/dalvikvm(26469): VFY: unable to find class referenced in signature (Lbic;)
W/dalvikvm(26469): VFY: unable to find class referenced in signature (Lbic;)
W/AlarmManager( 2260): FACTORY_ON= 0
W/dalvikvm(26469): VFY: unable to find class referenced in signature (Lcom/google/android/gms/maps/model/LatLng;)
W/dalvikvm(26469): VFY: unable to find class referenced in signature (Lcom/google/android/gms/maps/model/LatLng;)
W/dalvikvm(26469): VFY: unable to find class referenced in signature (Lgma;)
W/dalvikvm(26469): VFY: unable to find class referenced in signature (Lgma;)
W/dalvikvm(26469): VFY: unable to find class referenced in signature (Lcom/google/android/gms/maps/model/LatLng;)
W/dalvikvm(26469): VFY: unable to find class referenced in signature (Lcom/google/android/gms/maps/model/LatLng;)
W/dalvikvm(26469): VFY: unable to find class referenced in signature (Lgma;)
W/dalvikvm(26469): VFY: unable to find class referenced in signature (Lgma;)
W/dalvikvm(26469): VFY: unable to find class referenced in signature (Lgma;)
W/dalvikvm(26469): VFY: unable to find class referenced in signature (Lgma;)
E/dalvikvm(26486): Could not find class 'android.app.AppOpsManager', referenced from method com.google.android.gms.common.hg.a
W/dalvikvm(26486): VFY: unable to resolve check-cast 35 (Landroid/app/AppOpsManager;) in Lcom/google/android/gms/common/hg;
D/dalvikvm(26486): VFY: replacing opcode 0x1f at 0x0010
I/dalvikvm(26486): Could not find method android.content.pm.PackageManager.getPackageInstaller, referenced from method com.google.android.gms.common.hg.a
W/dalvikvm(26486): VFY: unable to resolve virtual method 449: Landroid/content/pm/PackageManager;.getPackageInstaller ()Landroid/content/pm/PackageInstaller;
D/dalvikvm(26486): VFY: replacing opcode 0x6e at 0x000d
I/dalvikvm(26486): DexOpt: access denied from Lcom/google/android/gms/common/hg; to field Landroid/app/Notification;.extras
W/dalvikvm(26486): VFY: unable to resolve instance field 32
D/dalvikvm(26486): VFY: replacing opcode 0x54 at 0x0112
W/AlarmManager( 2260): FACTORY_ON= 0
I/dalvikvm(26469): Could not find method android.os.Trace.beginSection, referenced from method b.a
W/dalvikvm(26469): VFY: unable to resolve static method 2723: Landroid/os/Trace;.beginSection (Ljava/lang/String;)V
D/dalvikvm(26469): VFY: replacing opcode 0x71 at 0x0007
I/dalvikvm(26469): Could not find method android.os.Trace.endSection, referenced from method b.a
W/dalvikvm(26469): VFY: unable to resolve static method 2724: Landroid/os/Trace;.endSection ()V
D/dalvikvm(26469): VFY: replacing opcode 0x71 at 0x0021
E/dalvikvm(26469): Could not find class 'android.app.Notification$Action$Builder', referenced from method b.a
W/dalvikvm(26469): VFY: unable to resolve new-instance 285 (Landroid/app/Notification$Action$Builder;) in Lb;
D/dalvikvm(26469): VFY: replacing opcode 0x22 at 0x0000
D/dalvikvm(26422): GC_CONCURRENT freed 324K, 8% free 13667K/14791K, paused 12ms+12ms, total 46ms
I/GCoreUlr(26422): GMS FLP location and AR updates requested: {"description":"default","newRequest":true,"samplePeriodMs":60000,"sampleReason":"default","sampleSource":"internal","timestampMs":1432654308613}
E/dalvikvm(26469): Could not find class 'android.transition.Transition', referenced from method b.a
W/dalvikvm(26469): VFY: unable to resolve check-cast 656 (Landroid/transition/Transition;) in Lb;
D/dalvikvm(26469): VFY: replacing opcode 0x1f at 0x0000
E/dalvikvm(26469): Could not find class 'android.transition.Transition', referenced from method b.a
W/dalvikvm(26469): VFY: unable to resolve check-cast 656 (Landroid/transition/Transition;) in Lb;
D/dalvikvm(26469): VFY: replacing opcode 0x1f at 0x0005
E/dalvikvm(26469): Could not find class 'android.transition.Transition', referenced from method b.a
W/dalvikvm(26469): VFY: unable to resolve check-cast 656 (Landroid/transition/Transition;) in Lb;
D/dalvikvm(26469): VFY: replacing opcode 0x1f at 0x0000
E/GmsWearableLS(26422): GoogleApiClient connection failed: ConnectionResult{statusCode=API_UNAVAILABLE, resolution=null}
W/AlarmManager( 2260): FACTORY_ON= 0
I/dalvikvm(26469): Could not find method android.view.ViewGroup.isTransitionGroup, referenced from method b.a
W/dalvikvm(26469): VFY: unable to resolve virtual method 4368: Landroid/view/ViewGroup;.isTransitionGroup ()Z
D/dalvikvm(26469): VFY: replacing opcode 0x6e at 0x000c
I/dalvikvm(26469): Could not find method android.view.View.getTransitionName, referenced from method b.a
W/dalvikvm(26469): VFY: unable to resolve virtual method 4184: Landroid/view/View;.getTransitionName ()Ljava/lang/String;
D/dalvikvm(26469): VFY: replacing opcode 0x6e at 0x0006
W/dalvikvm(26469): VFY: unable to find class referenced in signature (Lbph;)
W/dalvikvm(26469): VFY: unable to find class referenced in signature (Lbph;)
W/dalvikvm(26469): VFY: unable to find class referenced in signature ([Landroid/app/RemoteInput;)
E/dalvikvm(26469): Could not find class 'android.app.RemoteInput[]', referenced from method b.a
W/dalvikvm(26469): VFY: unable to resolve new-array 12111 ([Landroid/app/RemoteInput;) in Lb;
D/dalvikvm(26469): VFY: replacing opcode 0x23 at 0x0005
I/GCoreUlr(26422): Received powerMode change from NLP: com.google.android.location.activity.DEEP_STILL_MODE_ENABLED
I/GCoreUlr(26422): Starting service, intent=Intent { act=com.google.android.location.reporting.ACTION_UPDATE_ACTIVE_STATE cmp=com.google.android.gms/com.google.android.location.reporting.service.DispatchingService (has extras) }, extras=Bundle[{source=PowerModeReceiver}]
D/dalvikvm(26422): WAIT_FOR_CONCURRENT_GC blocked 0ms
E/dalvikvm(26469): Could not find class 'android.transition.Transition', referenced from method b.b
W/dalvikvm(26469): VFY: unable to resolve check-cast 656 (Landroid/transition/Transition;) in Lb;
D/dalvikvm(26469): VFY: replacing opcode 0x1f at 0x0000
I/LocationManagerService( 2260): request passive (pid 26422) 0 0
I/dalvikvm(26469): Could not find method android.content.res.Configuration.getLayoutDirection, referenced from method b.s
W/dalvikvm(26469): VFY: unable to resolve virtual method 1738: Landroid/content/res/Configuration;.getLayoutDirection ()I
D/dalvikvm(26469): VFY: replacing opcode 0x6e at 0x0013
D/dalvikvm(26422): GC_EXPLICIT freed 142K, 8% free 13664K/14791K, paused 4ms+2ms, total 45ms
D/dalvikvm(26469): DexOpt: unable to opt direct call 0x0534 at 0x0e in Lb;.a
D/dalvikvm(26469): DexOpt: unable to opt direct call 0x088e at 0x0e in Lb;.a
D/dalvikvm(26469): DexOpt: unable to opt direct call 0x0534 at 0x0e in Lb;.a
W/dalvikvm(26469): Unable to resolve superclass of Lay; (654)
W/dalvikvm(26469): Link of class 'Lay;' failed
D/dalvikvm(26469): DexOpt: unable to opt direct call 0x1ad8 at 0x08 in Lb;.a
W/dalvikvm(26469): Unable to resolve superclass of Lba; (654)
W/dalvikvm(26469): Link of class 'Lba;' failed
D/dalvikvm(26469): DexOpt: unable to opt direct call 0x1dac at 0x2c in Lb;.a
D/dalvikvm(26469): DexOpt: unable to opt direct call 0x0588 at 0x13 in Lb;.a
D/dalvikvm(26469): GC_CONCURRENT freed 291K, 8% free 13004K/14087K, paused 1ms+2ms, total 20ms
D/NlpVersionInfo(26422): com.google.android.apps.maps not found
D/NlpVersionInfo(26422): com.google.android.apps.maps not found
I/ActivityThread(26469): Pub com.google.android.apps.photos.content: com.google.android.apps.photos.content.GooglePhotosImageProvider
I/ActivityThread(26469): Pub com.google.android.apps.plus.content.EsPicasaStoreProvider: com.google.android.libraries.social.picasalegacy.PicasaPhotoContentProvider
I/dalvikvm(26422): Could not find method android.hardware.SensorManager.flush, referenced from method com.google.android.location.collectionlib.at.a
W/dalvikvm(26422): VFY: unable to resolve virtual method 889: Landroid/hardware/SensorManager;.flush (Landroid/hardware/SensorEventListener;)Z
D/dalvikvm(26422): VFY: replacing opcode 0x6e at 0x0086
I/ActivityThread(26469): Pub com.google.android.apps.photos.GooglePhotoDownsyncProvider: com.google.android.apps.photos.content.GooglePhotoDownsyncProvider
I/ActivityThread(26469): Pub com.google.plus.platform: com.google.android.libraries.social.adsprovider.AdsProvider
I/ActivityThread(26469): Pub com.google.android.apps.plus.iu.EsGoogleIuProvider: com.google.android.libraries.social.autobackup.AutoBackupProvider
E/SensorManager(26422): thread start
D/SensorService( 2260): info.rates.add, set DEFAULT_EVENTS_PERIOD
D/SensorService( 2260): SensorDevice::activating sensor handle=0 ns=200000000 
D/iNemoSensor( 2260): setDelay(): handle(0), en(200000000)
I/iNemoSensor( 2260): skip update_delay wanted_accel = 200000000 current delay = 200000000
I/SensorService( 2260): info.selectDelay() ns=20000000  
D/iNemoSensor( 2260): setDelay(): handle(0), en(20000000)
I/iNemoSensor( 2260): update_delay wanted_accel = 20000000
D/SensorService( 2260): SensorDevice::setDelay, Return(true 1, false 0) =  1
D/SensorManager(26422): registerListener :: handle = 0  name= LSM330DLC 3-axis Accelerometer delay= 20000 Listener= com.google.android.location.collectionlib.cm@42571bc0
I/ActivityThread(26469): Pub com.google.android.apps.plus.content.EsProvider: com.google.android.apps.plus.content.EsProvider
I/ActivityThread(26469): Pub com.google.android.apps.plus.mediapicker: android.support.v4.content.FileProvider
I/GCoreUlr(26422): DispatchingService.updateActiveState+PowerModeReceiver: Ensuring that reporting is active for [account#-7#]
I/dalvikvm(26422): Total arena pages for JIT: 11
I/dalvikvm(26422): Total arena pages for JIT: 12
I/dalvikvm(26422): Total arena pages for JIT: 13
I/dalvikvm(26422): Total arena pages for JIT: 14
I/dalvikvm(26422): Total arena pages for JIT: 15
I/dalvikvm(26422): Total arena pages for JIT: 16
I/dalvikvm(26422): Total arena pages for JIT: 17
D/dalvikvm(26469): GC_CONCURRENT freed 370K, 9% free 13064K/14215K, paused 1ms+11ms, total 31ms
I/GCoreUlr(26422): GMS FLP location and AR updates requested: {"description":"stationary","newRequest":true,"samplePeriodMs":1080000,"sampleReason":"stationary","sampleSource":"internal","timestampMs":1432654309211}
W/AlarmManager( 2260): FACTORY_ON= 0
D/AkmSensor( 2260): MeasureSNGLoop: interval.interval = 20000000, doze_max = 19600, prms->enabled = 2
D/dalvikvm(26469): GC_CONCURRENT freed 303K, 8% free 13235K/14343K, paused 2ms+2ms, total 19ms
D/dalvikvm(26422): GC_CONCURRENT freed 274K, 7% free 13948K/14983K, paused 12ms+3ms, total 38ms
D/dalvikvm(26422): WAIT_FOR_CONCURRENT_GC blocked 15ms
D/dalvikvm(26422): WAIT_FOR_CONCURRENT_GC blocked 7ms
D/dalvikvm(26469): Trying to load lib /data/data/com.google.android.apps.plus/lib/libcrashreporterer.so 0x424c7388
D/dalvikvm(26469): Added shared lib /data/data/com.google.android.apps.plus/lib/libcrashreporterer.so 0x424c7388
D/STATUSBAR-NetworkController( 2616): refreshSignalCluster: data=-1 bt=false
D/STATUSBAR-SignalClusterView( 2616): mSeparateMobileGroup=8
D/STATUSBAR-SignalClusterView( 2616): mSeparateMobileGroup=8
D/STATUSBAR-SignalClusterView( 2616): mSeparateMobileGroup=8
D/dalvikvm(26422): GC_FOR_ALLOC freed 149K, 9% free 14010K/15303K, paused 21ms, total 22ms
I/dalvikvm-heap(26422): Grow heap (frag case) to 14.603MB for 186718-byte allocation
W/AlarmManager( 2260): FACTORY_ON= 0
D/dalvikvm(26422): GC_FOR_ALLOC freed <1K, 9% free 14192K/15495K, paused 34ms, total 34ms
I/ActivityThread(26521): Pub com.android.voicemail: com.android.providers.contacts.VoicemailContentProvider
D/dalvikvm(26469): GC_FOR_ALLOC freed 232K, 8% free 13376K/14407K, paused 27ms, total 27ms
I/ActivityThread(26521): Pub applications: com.android.providers.applications.ApplicationsProvider
I/dalvikvm-heap(26469): Grow heap (frag case) to 15.835MB for 2129936-byte allocation
D/dalvikvm(26469): GC_CONCURRENT freed <1K, 7% free 15456K/16519K, paused 1ms+2ms, total 19ms
D/dalvikvm(26469): WAIT_FOR_CONCURRENT_GC blocked 17ms
I/ActivityThread(26521): Pub call_log: com.android.providers.contacts.CallLogProvider
I/ActivityThread(26521): Pub user_dictionary: com.android.providers.userdictionary.UserDictionaryProvider
V/AlarmManager( 2260): waitForAlarm result :8
D/dalvikvm(26469): GC_FOR_ALLOC freed 2080K, 20% free 13376K/16519K, paused 23ms, total 23ms
I/dalvikvm-heap(26469): Grow heap (frag case) to 15.835MB for 2129936-byte allocation
I/ActivityThread(26521): Pub contacts;com.android.contacts: com.android.providers.contacts.ContactsProvider2
D/dalvikvm(26469): GC_CONCURRENT freed <1K, 7% free 15456K/16519K, paused 12ms+1ms, total 28ms
D/dalvikvm(26469): WAIT_FOR_CONCURRENT_GC blocked 16ms
D/dalvikvm(26521): GC_CONCURRENT freed 210K, 8% free 12355K/13383K, paused 3ms+6ms, total 24ms
D/dalvikvm(26422): GC_CONCURRENT freed 561K, 9% free 14316K/15687K, paused 16ms+14ms, total 51ms
D/dalvikvm(26537): GC_CONCURRENT freed 159K, 7% free 12463K/13383K, paused 17ms+1ms, total 35ms
D/dalvikvm(26537): WAIT_FOR_CONCURRENT_GC blocked 17ms
D/dalvikvm(26469): GC_FOR_ALLOC freed 3K, 7% free 15457K/16519K, paused 27ms, total 28ms
I/dalvikvm-heap(26469): Grow heap (frag case) to 17.867MB for 2129936-byte allocation
D/dalvikvm(26469): GC_CONCURRENT freed <1K, 6% free 17536K/18631K, paused 12ms+2ms, total 27ms
D/dalvikvm(26469): WAIT_FOR_CONCURRENT_GC blocked 15ms
D/dalvikvm(26551): WAIT_FOR_CONCURRENT_GC blocked 0ms
D/dalvikvm(26551): GC_CONCURRENT freed 163K, 7% free 12459K/13383K, paused 12ms+2ms, total 27ms
D/dalvikvm(26551): WAIT_FOR_CONCURRENT_GC blocked 7ms
I/dalvikvm(26422): Total arena pages for JIT: 18
I/ActivityThread(26537): Pub com.android.chrome.FileProvider: android.support.v4.content.FileProvider
I/ActivityThread(26537): Pub com.android.chrome.ChromeBrowserProvider;com.android.chrome.browser;com.android.chrome: com.google.android.apps.chrome.ChromeBrowserProvider
D/dalvikvm(26551): GC_CONCURRENT freed 133K, 7% free 12787K/13703K, paused 2ms+12ms, total 28ms
I/dalvikvm(26537): Could not find method android.os.Binder.getCallingUserHandle, referenced from method org.chromium.chrome.browser.ChromeBrowserProvider.notifyChange
W/dalvikvm(26537): VFY: unable to resolve static method 1405: Landroid/os/Binder;.getCallingUserHandle ()Landroid/os/UserHandle;
D/dalvikvm(26537): VFY: replacing opcode 0x71 at 0x0006
I/dalvikvm(26537): Could not find method android.provider.Settings$Global.getInt, referenced from method com.google.android.apps.chrome.ChromeCommandLineInitUtil.getDebugAppJBMR1
W/dalvikvm(26537): VFY: unable to resolve static method 1749: Landroid/provider/Settings$Global;.getInt (Landroid/content/ContentResolver;Ljava/lang/String;I)I
D/dalvikvm(26537): VFY: replacing opcode 0x71 at 0x0009
I/ActivityThread(26537): Pub com.android.chrome.AutofillDataProvider: com.google.android.apps.chrome.autofill.AutofillDataProvider
I/ActivityThread(26537): Pub com.android.chrome.icing: com.google.android.apps.chrome.icing.IcingProvider
I/dalvikvm(26537): Could not find method android.app.ActivityManager.isLowRamDevice, referenced from method com.google.android.apps.chrome.icing.IcingProvider.isSvelteDeviceV19
W/dalvikvm(26537): VFY: unable to resolve virtual method 151: Landroid/app/ActivityManager;.isLowRamDevice ()Z
D/dalvikvm(26537): VFY: replacing opcode 0x6e at 0x0009
E/dalvikvm(26537): Could not find class 'android.os.UserManager', referenced from method org.chromium.chrome.browser.util.FeatureUtilities.hasSyncPermissions
W/dalvikvm(26537): VFY: unable to resolve check-cast 342 (Landroid/os/UserManager;) in Lorg/chromium/chrome/browser/util/FeatureUtilities;
D/dalvikvm(26537): VFY: replacing opcode 0x1f at 0x0011
D/SensorManager(26422): unregisterListener::  Listener= com.google.android.location.collectionlib.cm@42571bc0
D/Sensors (26422): Remain listener = Sending .. normal delay 200ms
I/Sensors (26422): sendDelay --- 200000000
I/SensorService( 2260): info.selectDelay() ns=200000000  
D/iNemoSensor( 2260): setDelay(): handle(0), en(200000000)
I/iNemoSensor( 2260): update_delay wanted_accel = 200000000
D/SensorService( 2260): SensorDevice::setDelay, Return(true 1, false 0) =  1
D/SensorManager(26422): JNI - sendDelay
I/SensorManager(26422): Set normal delay = true
D/SensorService( 2260): SensorDevice::activating sensor handle=0 ns=200000000 
D/iNemoSensor( 2260): setDelay(): handle(0), en(200000000)
I/iNemoSensor( 2260): skip update_delay wanted_accel = 200000000 current delay = 200000000
D/dalvikvm(26422): GC_CONCURRENT freed 857K, 11% free 14088K/15751K, paused 1ms+15ms, total 47ms
D/AkmSensor( 2260): MeasureSNGLoop: interval.interval = 200000000, doze_max = 196000, prms->enabled = 2
D/dalvikvm(26537): GC_CONCURRENT freed 187K, 8% free 12700K/13703K, paused 1ms+2ms, total 17ms
W/AlarmManager( 2260): FACTORY_ON= 0
D/dalvikvm( 2260): WAIT_FOR_CONCURRENT_GC blocked 0ms
I/InputReader( 2260): Touch event's action is 0x0 (deviceType=0) [pCnt=1, s=0.2969 ]
I/InputDispatcher( 2260): Delivering touch to current input target: action: 0x0
I/InputDispatcher( 2260): Delivering touch to current input target: action: 0x0
I/InputDispatcher( 2260): Delivering touch to current input target: action: 0x0
W/dalvikvm(26551): VFY: unable to resolve static field 179 (CONTENT_URI) in Landroid/provider/Settings$Global;
D/dalvikvm(26551): VFY: replacing opcode 0x62 at 0x0022
I/ActivityThread(26551): Pub com.avast.android.mobilesecurity: com.avast.android.mobilesecurity.Provider
I/InputReader( 2260): Touch event's action is 0x1 (deviceType=0) [pCnt=1, s=]
I/InputDispatcher( 2260): Delivering touch to current input target: action: 0x1
I/InputDispatcher( 2260): Delivering touch to current input target: action: 0x1
I/InputDispatcher( 2260): Delivering touch to current input target: action: 0x1
D/PowerManagerService( 2260): mIsSipVisible : true
D/ApplicationPolicy( 2260): isStatusBarNotificationAllowed: packageName = android
D/STATUSBAR-NotificationService( 2260): Noti Alert - mSystemReady:true, AlertEnabled:true
D/StatusBar( 2616): expanding top notification at 11entry.userCollapsed() = false
D/dalvikvm(26551): GC_CONCURRENT freed 344K, 9% free 12952K/14087K, paused 12ms+3ms, total 35ms
D/dalvikvm( 2260): GC_EXPLICIT freed 620K, 31% free 37407K/53703K, paused 9ms+13ms, total 192ms
W/AlarmManager( 2260): FACTORY_ON= 0
D/dalvikvm(26569): GC_CONCURRENT freed 157K, 7% free 12466K/13383K, paused 12ms+2ms, total 31ms
D/dalvikvm(26569): WAIT_FOR_CONCURRENT_GC blocked 6ms
W/AlarmManager( 2260): FACTORY_ON= 0
D/dalvikvm(26551): GC_CONCURRENT freed 260K, 8% free 13203K/14279K, paused 2ms+2ms, total 29ms
D/dalvikvm(26569): GC_CONCURRENT freed 155K, 7% free 12847K/13767K, paused 11ms+2ms, total 38ms
D/dalvikvm(26569): WAIT_FOR_CONCURRENT_GC blocked 11ms
W/MixpanelAPI.ResourceReader(26551): Can't load names for Android view ids from 'com.avast.android.mobilesecurity.R$id', ids by name will not be available in the events editor.
I/MixpanelAPI.ResourceReader(26551): You may be missing a Resources class for your package due to your proguard configuration, or you may be using an applicationId in your build that isn't the same as the package declared in your AndroidManifest.xml file.
I/MixpanelAPI.ResourceReader(26551): If you're using proguard, you can fix this issue by adding the following to your proguard configuration:
I/MixpanelAPI.ResourceReader(26551): 
I/MixpanelAPI.ResourceReader(26551): -keep class **.R$* {
I/MixpanelAPI.ResourceReader(26551):     <fields>;
I/MixpanelAPI.ResourceReader(26551): }
I/MixpanelAPI.ResourceReader(26551): 
I/MixpanelAPI.ResourceReader(26551): If you're not using proguard, or if your proguard configuration already contains the directive above, you can add the following to your AndroidManifest.xml file to explicitly point the Mixpanel library to the appropriate library for your resources class:
I/MixpanelAPI.ResourceReader(26551): 
I/MixpanelAPI.ResourceReader(26551): <meta-data android:name="com.mixpanel.android.MPConfig.ResourcePackageName" android:value="YOUR_PACKAGE_NAME" />
I/MixpanelAPI.ResourceReader(26551): 
I/MixpanelAPI.ResourceReader(26551): where YOUR_PACKAGE_NAME is the same string you use for the "package" attribute in your <manifest> tag.
D/MixpanelAPI - App Links (OPTIONAL)(26551): To enable App Links tracking android.support.v4 must be installed: getInstance [class android.content.Context]
D/MixpanelAPI - App Links (OPTIONAL)(26551): Context is not an instance of Activity. To detect inbound App Links, pass an instance of an Activity to getInstance.
W/dalvikvm(26422): VFY: unable to find class referenced in signature (Lcom/android/location/provider/ActivityChangedEvent;)
I/dalvikvm(26422): Could not find method com.android.location.provider.ActivityChangedEvent.getActivityRecognitionEvents, referenced from method com.google.android.location.activity.ba.a
W/dalvikvm(26422): VFY: unable to resolve virtual method 4558: Lcom/android/location/provider/ActivityChangedEvent;.getActivityRecognitionEvents ()Ljava/lang/Iterable;
D/dalvikvm(26422): VFY: replacing opcode 0x6e at 0x0007
W/AlarmManager( 2260): FACTORY_ON= 0
D/dalvikvm(26551): GC_CONCURRENT freed 443K, 9% free 13316K/14535K, paused 2ms+32ms, total 58ms
D/dalvikvm(26569): GC_CONCURRENT freed 155K, 7% free 13216K/14151K, paused 12ms+3ms, total 36ms
D/dalvikvm(26569): WAIT_FOR_CONCURRENT_GC blocked 12ms
E/WifiHW  ( 2260): ##################### set firmware type 0 #####################
D/WifiStateMachine( 2260): setWifiEnabled : WifiNative.setFwType(0)
D/WifiService( 2260): startScan: false pid=26422, uid=10018
W/AlarmManager( 2260): FACTORY_ON= 0
I/wpa_supplicant( 3369): Scan requested (ret=0) - scan timeout 30 seconds
D/dalvikvm(26569): GC_CONCURRENT freed 150K, 7% free 13599K/14535K, paused 12ms+4ms, total 32ms
D/dalvikvm(26569): WAIT_FOR_CONCURRENT_GC blocked 9ms
D/SensorService( 2260): info.rates.add, set DEFAULT_EVENTS_PERIOD
D/SensorService( 2260): SensorDevice::activating sensor handle=0 ns=200000000 
D/iNemoSensor( 2260): setDelay(): handle(0), en(200000000)
I/iNemoSensor( 2260): skip update_delay wanted_accel = 200000000 current delay = 200000000
I/SensorService( 2260): info.selectDelay() ns=20000000  
D/iNemoSensor( 2260): setDelay(): handle(0), en(20000000)
I/iNemoSensor( 2260): update_delay wanted_accel = 20000000
D/SensorService( 2260): SensorDevice::setDelay, Return(true 1, false 0) =  1
D/SensorManager(26422): registerListener :: handle = 0  name= LSM330DLC 3-axis Accelerometer delay= 20000 Listener= com.google.android.location.collectionlib.cm@425ac550
D/dalvikvm(26551): GC_CONCURRENT freed 338K, 8% free 13482K/14599K, paused 12ms+13ms, total 43ms
D/STATUSBAR-NetworkController( 2616): refreshSignalCluster: data=-1 bt=false
D/STATUSBAR-SignalClusterView( 2616): mSeparateMobileGroup=8
D/STATUSBAR-SignalClusterView( 2616): mSeparateMobileGroup=8
D/STATUSBAR-SignalClusterView( 2616): mSeparateMobileGroup=8
D/dalvikvm(26569): GC_CONCURRENT freed 161K, 7% free 13963K/14919K, paused 11ms+2ms, total 30ms
D/dalvikvm(26569): WAIT_FOR_CONCURRENT_GC blocked 10ms
D/AkmSensor( 2260): MeasureSNGLoop: interval.interval = 20000000, doze_max = 19600, prms->enabled = 2
D/dalvikvm(26422): GC_CONCURRENT freed 545K, 11% free 14083K/15751K, paused 12ms+2ms, total 32ms
D/dalvikvm(26551): GC_CONCURRENT freed 273K, 8% free 13720K/14791K, paused 11ms+12ms, total 38ms
D/dalvikvm(26569): GC_CONCURRENT freed 164K, 7% free 14384K/15367K, paused 1ms+13ms, total 31ms
W/dalvikvm(26569): VFY: unable to resolve static field 30631 (a) in Lcom/facebook/katana/app/WorkAppTypes;
D/dalvikvm(26569): VFY: replacing opcode 0x62 at 0x0013
W/dalvikvm(26569): VFY: unable to resolve static field 30632 (b) in Lcom/facebook/katana/app/WorkAppTypes;
D/dalvikvm(26569): VFY: replacing opcode 0x62 at 0x001d
D/dalvikvm(26521): GC_CONCURRENT freed 150K, 7% free 12628K/13575K, paused 1ms+2ms, total 15ms
I/dalvikvm(26569): Could not find method android.app.AlarmManager.setExact, referenced from method com.facebook.nobreak.DefaultCatchMeIfYouCan.b
W/dalvikvm(26569): VFY: unable to resolve virtual method 11: Landroid/app/AlarmManager;.setExact (IJLandroid/app/PendingIntent;)V
D/dalvikvm(26569): VFY: replacing opcode 0x6e at 0x004d
D/CatchMeIfYouCan(26569): Process (<default>) ca: '/data/data/com.facebook.katana/app_cmiyc/A1657CCD543F12E66E587EE52ED9D802E22AAC4701'
D/CatchMeIfYouCan(26569): Process (<default>) fc: '/data/data/com.facebook.katana/app_cmiyc/A1657CCD543F12E66E587EE52ED9D802E22AAC4702'
D/CatchMeIfYouCan(26569): Process (<default>) cp: '('default', 3, 120000, silent [true], restart [false], logout [false])'
I/dalvikvm(26569): Could not find method android.app.ActivityManager.isLowRamDevice, referenced from method com.facebook.acra.ErrorReporter.getConstantDeviceData
W/dalvikvm(26569): VFY: unable to resolve virtual method 9: Landroid/app/ActivityManager;.isLowRamDevice ()Z
D/dalvikvm(26569): VFY: replacing opcode 0x6e at 0x00c1
D/dalvikvm(26551): GC_CONCURRENT freed 159K, 7% free 14125K/15047K, paused 12ms+3ms, total 35ms
D/dalvikvm(26551): WAIT_FOR_CONCURRENT_GC blocked 8ms
D/ACRA    (26569): ACRA is enabled for com.facebook.katana, intializing...
D/dalvikvm(26551): Trying to load lib /data/data/com.avast.android.mobilesecurity/lib/libavast-vps-interface.so 0x424c7cc8
D/dalvikvm(26551): Added shared lib /data/data/com.avast.android.mobilesecurity/lib/libavast-vps-interface.so 0x424c7cc8
D/dalvikvm(26551): No JNI_OnLoad found in /data/data/com.avast.android.mobilesecurity/lib/libavast-vps-interface.so 0x424c7cc8, skipping init
I/ActivityThread(26551): Pub com.avast.android.mobilesecurity.database.billing: com.avast.android.billing.internal.database.BillingProvider
D/dalvikvm(26569): Trying to load lib /data/data/com.facebook.katana/lib/libgnustl_shared.so 0x424d3980
D/dalvikvm(26569): Added shared lib /data/data/com.facebook.katana/lib/libgnustl_shared.so 0x424d3980
D/dalvikvm(26569): No JNI_OnLoad found in /data/data/com.facebook.katana/lib/libgnustl_shared.so 0x424d3980, skipping init
D/dalvikvm(26569): Trying to load lib /data/data/com.facebook.katana/lib/libsigmux.so 0x424d3980
D/dalvikvm(26569): Added shared lib /data/data/com.facebook.katana/lib/libsigmux.so 0x424d3980
D/dalvikvm(26569): No JNI_OnLoad found in /data/data/com.facebook.katana/lib/libsigmux.so 0x424d3980, skipping init
D/dalvikvm(26569): Trying to load lib /data/data/com.facebook.katana/lib/libbreakpad.so 0x424d3980
D/dalvikvm(26569): Added shared lib /data/data/com.facebook.katana/lib/libbreakpad.so 0x424d3980
D/dalvikvm(26569): Trying to load lib /data/data/com.facebook.katana/lib/libdistract.so 0x424d3980
D/dalvikvm(26569): Added shared lib /data/data/com.facebook.katana/lib/libdistract.so 0x424d3980
D/dalvikvm(26569): No JNI_OnLoad found in /data/data/com.facebook.katana/lib/libdistract.so 0x424d3980, skipping init
D/dalvikvm(26569): Trying to load lib /data/data/com.facebook.katana/lib/libfb_dalvik-internals.so 0x424d3980
D/dalvikvm(26569): Added shared lib /data/data/com.facebook.katana/lib/libfb_dalvik-internals.so 0x424d3980
V/dalvik-internals(26569): Registered Dalvik crash stream with Breakpad
V/DexLibLoader(26569): about to lock: /data/data/com.facebook.katana/mdex_lock
V/DexLibLoader(26569): locking /data/data/com.facebook.katana/mdex_lock took 0 ms
D/dalvikvm(26551): GC_CONCURRENT freed 748K, 10% free 14046K/15559K, paused 12ms+39ms, total 68ms
D/dalvikvm(26551): WAIT_FOR_CONCURRENT_GC blocked 4ms
D/dalvikvm(26551): WAIT_FOR_CONCURRENT_GC blocked 47ms
V/DexLibLoader(26569): Secondary program dex metadata: secondary-1.dex.jar.xz 3ed5b924dc314d03a1409f3cb35e330696a31fc6 secondary.dex01.Canary
V/DexLibLoader(26569): Secondary program dex metadata: secondary-2.dex.jar.xz fb50ee2bdb1b2bf0c1a4d1c8102d84e14326e74f secondary.dex02.Canary
V/DexLibLoader(26569): Secondary program dex metadata: secondary-3.dex.jar.xz 26ff3d16fff5a4910859719c97f13050f734eff9 secondary.dex03.Canary
V/DexLibLoader(26569): Secondary program dex metadata: secondary-4.dex.jar.xz 5c92459dc32c23f564e3f6a53f3eeda0f0a5f9cc secondary.dex04.Canary
V/DexLibLoader(26569): Secondary program dex metadata: secondary-5.dex.jar.xz 5af800f994f4a3013edd7d467ca4e4670a90858e secondary.dex05.Canary
V/DexLibLoader(26569): Secondary program dex metadata: secondary-6.dex.jar.xz 12bc2